C51 COMPILER V9.52.0.0   CH559                                                             04/08/2018 17:15:51 PAGE 1   


C51 COMPILER V9.52.0.0, COMPILATION OF MODULE CH559
OBJECT MODULE PLACED IN CH559.OBJ
COMPILER INVOKED BY: C:\Keil\C51\BIN\C51.EXE CH559.c LARGE OPTIMIZE(9,SPEED) BROWSE DEBUG OBJECTEXTEND

line level    source

   1          #include "CH559.h"
   2          
   3          
   4          UINT8XV  UEP4_1_MOD  _at_ 0x2446;   // endpoint 4/1 mode
   5          UINT8PV pUEP4_1_MOD  _at_ 0x2546;
   6          UINT8XV  UEP2_3_MOD  _at_ 0x2447;   // endpoint 2/3 mode
   7          UINT8PV pUEP2_3_MOD  _at_ 0x2547;
   8          UINT8XV  UEP0_DMA_H  _at_ 0x2448;   // endpoint 0&4 buffer start address high byte
   9          UINT8XV  UEP0_DMA_L  _at_ 0x2449;   // endpoint 0&4 buffer start address low byte
  10          UINT8PV pUEP0_DMA_H  _at_ 0x2548;
  11          UINT8PV pUEP0_DMA_L  _at_ 0x2549;
  12          UINT8XV  UEP1_DMA_H  _at_ 0x244A;   // endpoint 1 buffer start address high byte
  13          UINT8XV  UEP1_DMA_L  _at_ 0x244B;   // endpoint 1 buffer start address low byte
  14          UINT8PV pUEP1_DMA_H  _at_ 0x254A;
  15          UINT8PV pUEP1_DMA_L  _at_ 0x254B;
  16          UINT8XV  UEP2_DMA_H  _at_ 0x244C;   // endpoint 2 buffer start address high byte
  17          UINT8XV  UEP2_DMA_L  _at_ 0x244D;   // endpoint 2 buffer start address low byte
  18          UINT8PV pUEP2_DMA_H  _at_ 0x254C;
  19          UINT8PV pUEP2_DMA_L  _at_ 0x254D;
  20          UINT8XV  UEP3_DMA_H  _at_ 0x244E;   // endpoint 3 buffer start address high byte
  21          UINT8XV  UEP3_DMA_L  _at_ 0x244F;   // endpoint 3 buffer start address low byte
  22          UINT8PV pUEP3_DMA_H  _at_ 0x254E;
  23          UINT8PV pUEP3_DMA_L  _at_ 0x254F;
  24          UINT8XV  LED_STAT    _at_ 0x2880;   // LED status
  25          UINT8PV pLED_STAT    _at_ 0x2980;
  26          UINT8XV  LED_CTRL    _at_ 0x2881;   // LED control
  27          UINT8PV pLED_CTRL    _at_ 0x2981;
  28          UINT8XV  LED_DATA    _at_ 0x2882;   // WriteOnly: data port
  29          UINT8PV pLED_DATA    _at_ 0x2982;
  30          UINT8XV  LED_CK_SE   _at_ 0x2883;   // clock divisor setting
  31          UINT8PV pLED_CK_SE   _at_ 0x2983;
  32          UINT8XV  LED_DMA_AH  _at_ 0x2884;   // DMA address high byte, automatic increasing after DMA
  33          UINT8XV  LED_DMA_AL  _at_ 0x2885;   // DMA address low byte, automatic increasing after DMA
  34          UINT8PV pLED_DMA_AH  _at_ 0x2984;
  35          UINT8PV pLED_DMA_AL  _at_ 0x2985;
  36          UINT8XV  LED_DMA_CN  _at_ 0x2886;   // DMA remainder word count, just main buffer and exclude aux buffer, 
             -automatic decreasing after DMA
  37          UINT8PV pLED_DMA_CN  _at_ 0x2986;
  38          UINT8XV  LED_DMA_XH  _at_ 0x2888;   // aux buffer DMA address high byte, automatic increasing after DMA
  39          UINT8XV  LED_DMA_XL  _at_ 0x2889;   // aux buffer DMA address low byte, automatic increasing after DMA
  40          UINT8PV pLED_DMA_XH  _at_ 0x2988;
  41          UINT8PV pLED_DMA_XL  _at_ 0x2989;


MODULE INFORMATION:   STATIC OVERLAYABLE
   CODE SIZE        =   ----    ----
   CONSTANT SIZE    =   ----    ----
   XDATA SIZE       =   ----    ----
   PDATA SIZE       =   ----    ----
   DATA SIZE        =   ----    ----
   IDATA SIZE       =   ----    ----
   BIT SIZE         =   ----    ----
END OF MODULE INFORMATION.


C51 COMPILATION COMPLETE.  0 WARNING(S),  0 ERROR(S)
