BL51 BANKED LINKER/LOCATER V6.22                                                        04/08/2018  17:15:52  PAGE 1


BL51 BANKED LINKER/LOCATER V6.22, INVOKED BY:
C:\KEIL\C51\BIN\BL51.EXE CH559.obj, testMain.obj, STDIO.obj, TIMER0.obj, .\KM_CHANGE4V10_48M.LIB, KEYBOARD.obj, SYSTEM.o
>> bj, EXPINTERFACE.obj, GPIO.obj, I2C.obj, SSD1306.obj TO testCH559 RAMSIZE (256)


MEMORY MODEL: LARGE


INPUT MODULES INCLUDED:
  CH559.obj (CH559)
  testMain.obj (TESTMAIN)
  STDIO.obj (STDIO)
  TIMER0.obj (TIMER0)
  .\KM_CHANGE4V10_48M.LIB (USBH_HUB_KM)
  KEYBOARD.obj (KEYBOARD)
  SYSTEM.obj (SYSTEM)
  EXPINTERFACE.obj (EXPINTERFACE)
  GPIO.obj (GPIO)
  I2C.obj (I2C)
  SSD1306.obj (SSD1306)
  C:\KEIL\C51\LIB\C51L.LIB (?C_STARTUP)
  C:\KEIL\C51\LIB\C51L.LIB (?C?COPY)
  C:\KEIL\C51\LIB\C51L.LIB (?C?CLDPTR)
  C:\KEIL\C51\LIB\C51L.LIB (?C?CLDOPTR)
  C:\KEIL\C51\LIB\C51L.LIB (?C?CILDPTR)
  C:\KEIL\C51\LIB\C51L.LIB (?C?CSTPTR)
  C:\KEIL\C51\LIB\C51L.LIB (?C?CSTOPTR)
  C:\KEIL\C51\LIB\C51L.LIB (?C?ULDIV)
  C:\KEIL\C51\LIB\C51L.LIB (?C?OFFXADD)
  C:\KEIL\C51\LIB\C51L.LIB (PRINTF)
  C:\KEIL\C51\LIB\C51L.LIB (?C?MEMSET)
  C:\KEIL\C51\LIB\C51L.LIB (?C_INIT)
  C:\KEIL\C51\LIB\C51L.LIB (?C?PLDIXDATA)
  C:\KEIL\C51\LIB\C51L.LIB (?C?PSTXDATA)
  C:\KEIL\C51\LIB\C51L.LIB (?C?CCASE)
  C:\KEIL\C51\LIB\C51L.LIB (PUTCHAR)


LINK MAP OF MODULE:  testCH559 (CH559)


            TYPE    BASE      LENGTH    RELOCATION   SEGMENT NAME
            -----------------------------------------------------

            * * * * * * *   D A T A   M E M O R Y   * * * * * * *
            REG     0000H     0008H     ABSOLUTE     "REG BANK 0"
            DATA    0008H     000CH     UNIT         ?DT?_I2C_PUTS?I2C
            DATA    0014H     000CH     UNIT         ?DT?_I2C_GETS?I2C
            BIT     0020H.0   0001H.4   UNIT         ?BI?EXPINTERFACE
            BIT     0021H.4   0001H.1   UNIT         _BIT_GROUP_
            BIT     0022H.5   0000H.2   UNIT         ?BI?TESTMAIN
            BIT     0022H.7   0000H.2   UNIT         ?BI?USBH_HUB_KM
            BIT     0023H.1   0000H.1   UNIT         ?BI?I2C_PUTACK?I2C
            BIT     0023H.2   0000H.1   UNIT         ?BI?CHECKI2CSLAVEVALIDITY?I2C
            BIT     0023H.3   0000H.1   UNIT         ?BI?_SSD1306_DRAWCHAR?SSD1306
            BIT     0023H.4   0000H.1   UNIT         ?BI?_SSD1306_DRAWSTRING?SSD1306
            BIT     0023H.5   0000H.1   UNIT         ?BI?_SSD1306_DRAWPIXEL?SSD1306
            BIT     0023H.6   0000H.1   UNIT         ?BI?_SSD1306_DRAWLINE?SSD1306
BL51 BANKED LINKER/LOCATER V6.22                                                      04/08/2018  17:15:52  PAGE 2


            BIT     0023H.7   0000H.1   UNIT         ?BI?_SSD1306_FILLRECT?SSD1306
            BIT     0024H.0   0000H.1   UNIT         ?BI?_SSD1306_DRAWCIRCLE?SSD1306
            BIT     0024H.1   0000H.1   UNIT         ?BI?SSD1306
                    0024H.2   0000H.6                *** GAP ***
            DATA    0025H     001CH     UNIT         _DATA_GROUP_
            DATA    0041H     000AH     UNIT         ?DT?EXPINTERFACE
            DATA    004BH     000AH     UNIT         ?DT?_SSD1306_DRAWCHAR?SSD1306
            DATA    0055H     0009H     UNIT         ?DT?_SSD1306_DRAWLINE?SSD1306
            DATA    005EH     0009H     UNIT         ?DT?_SSD1306_FILLRECT?SSD1306
            DATA    0067H     0008H     UNIT         ?DT?_SSD1306_DRAWSTRING?SSD1306
            DATA    006FH     0005H     UNIT         ?DT?_SSD1306_DRAWCIRCLE?SSD1306
            DATA    0074H     0003H     UNIT         ?DT?SSD1306_REFRESH?SSD1306
            DATA    0077H     0002H     UNIT         ?DT?_SSD1306_SENDCOMMAND?SSD1306
            DATA    0079H     0002H     UNIT         ?DT?_SSD1306_SENDDATA?SSD1306
            DATA    007BH     0001H     UNIT         ?DT?TESTMAIN
            DATA    007CH     0001H     UNIT         ?DT?CHECKI2CSLAVEVALIDITY?I2C
            IDATA   007DH     0001H     UNIT         ?STACK

            * * * * * * *  X D A T A   M E M O R Y  * * * * * * *
            XDATA   0000H     0040H     ABSOLUTE     
            XDATA   0040H     0100H     ABSOLUTE     
            XDATA   0140H     0420H     UNIT         ?XD?SSD1306
            XDATA   0560H     0042H     UNIT         ?XD?KEYBOARD
            XDATA   05A2H     0028H     UNIT         _XDATA_GROUP_
            XDATA   05CAH     0012H     UNIT         ?XD?USBH_HUB_KM
            XDATA   05DCH     0002H     UNIT         ?XD?TESTMAIN
                    05DEH     0A22H                  *** GAP ***
            XDATA   1000H     003CH     ABSOLUTE     
                    103CH     140AH                  *** GAP ***
            XDATA   2446H     0001H     ABSOLUTE     
            XDATA   2447H     0001H     ABSOLUTE     
            XDATA   2448H     0001H     ABSOLUTE     
            XDATA   2449H     0001H     ABSOLUTE     
            XDATA   244AH     0001H     ABSOLUTE     
            XDATA   244BH     0001H     ABSOLUTE     
            XDATA   244CH     0001H     ABSOLUTE     
            XDATA   244DH     0001H     ABSOLUTE     
            XDATA   244EH     0001H     ABSOLUTE     
            XDATA   244FH     0001H     ABSOLUTE     
                    2450H     00F6H                  *** GAP ***
            XDATA   2546H     0001H     ABSOLUTE     
            XDATA   2547H     0001H     ABSOLUTE     
            XDATA   2548H     0001H     ABSOLUTE     
            XDATA   2549H     0001H     ABSOLUTE     
            XDATA   254AH     0001H     ABSOLUTE     
            XDATA   254BH     0001H     ABSOLUTE     
            XDATA   254CH     0001H     ABSOLUTE     
            XDATA   254DH     0001H     ABSOLUTE     
            XDATA   254EH     0001H     ABSOLUTE     
            XDATA   254FH     0001H     ABSOLUTE     
                    2550H     0330H                  *** GAP ***
            XDATA   2880H     0001H     ABSOLUTE     
            XDATA   2881H     0001H     ABSOLUTE     
            XDATA   2882H     0001H     ABSOLUTE     
            XDATA   2883H     0001H     ABSOLUTE     
            XDATA   2884H     0001H     ABSOLUTE     
            XDATA   2885H     0001H     ABSOLUTE     
BL51 BANKED LINKER/LOCATER V6.22                                                      04/08/2018  17:15:52  PAGE 3


            XDATA   2886H     0001H     ABSOLUTE     
                    2887H     0001H                  *** GAP ***
            XDATA   2888H     0001H     ABSOLUTE     
            XDATA   2889H     0001H     ABSOLUTE     
                    288AH     00F6H                  *** GAP ***
            XDATA   2980H     0001H     ABSOLUTE     
            XDATA   2981H     0001H     ABSOLUTE     
            XDATA   2982H     0001H     ABSOLUTE     
            XDATA   2983H     0001H     ABSOLUTE     
            XDATA   2984H     0001H     ABSOLUTE     
            XDATA   2985H     0001H     ABSOLUTE     
            XDATA   2986H     0001H     ABSOLUTE     
                    2987H     0001H                  *** GAP ***
            XDATA   2988H     0001H     ABSOLUTE     
            XDATA   2989H     0001H     ABSOLUTE     

            * * * * * * *   C O D E   M E M O R Y   * * * * * * *
            CODE    0000H     0003H     ABSOLUTE     
            CODE    0003H     06ECH     UNIT         ?PR?_KM_HOSTGETDATA?USBH_HUB_KM
            CODE    06EFH     055CH     UNIT         ?PR?_KM_HOSTANALYSEMOUSEHID?USBH_HUB_KM
            CODE    0C4BH     0382H     UNIT         ?PR?_INITROOTDEVICE?USBH_HUB_KM
            CODE    0FCDH     0365H     UNIT         ?PR?PRINTF?PRINTF
            CODE    1332H     02DEH     UNIT         ?C?LIB_CODE
            CODE    1610H     020EH     UNIT         ?PR?_HOSTCTRLTRANSFER?USBH_HUB_KM
            CODE    181EH     01C9H     UNIT         ?PR?MAIN?TESTMAIN
            CODE    19E7H     0181H     UNIT         ?PR?_SSD1306_DRAWCHAR?SSD1306
            CODE    1B68H     013EH     UNIT         ?PR?_SSD1306_FILLRECT?SSD1306
            CODE    1CA6H     0105H     UNIT         ?PR?_GPIO_SELMODE?GPIO
            CODE    1DABH     00F6H     UNIT         ?PR?_USBHOSTTRANSACT?USBH_HUB_KM
            CODE    1EA1H     00D0H     UNIT         ?PR?SSD1306
            CODE    1F71H     00CDH     UNIT         ?PR?_SSD1306_DRAWLINE?SSD1306
            CODE    203EH     00C3H     UNIT         ?PR?_SSD1306_DRAWCIRCLE?SSD1306
            CODE    2101H     00BAH     UNIT         ?PR?ANALYZEROOTHUB?USBH_HUB_KM
            CODE    21BBH     00ABH     UNIT         ?PR?EXPINTERFACE_INIT?EXPINTERFACE
            CODE    2266H     00A4H     UNIT         ?PR?_KM_TYPEQUERY?USBH_HUB_KM
            CODE    230AH     0093H     UNIT         ?PR?CTRLGETCONFIGDESCR?USBH_HUB_KM
            CODE    239DH     008CH     UNIT         ?C_C51STARTUP
            CODE    2429H     0088H     UNIT         ?CO?EXPINTERFACE
            CODE    24B1H     0085H     UNIT         ?PR?EXPINTERFACE_UPDATEMODE3?EXPINTERFACE
            CODE    2536H     0085H     UNIT         ?PR?EXPINTERFACE_UPDATEMODE4?EXPINTERFACE
            CODE    25BBH     0084H     UNIT         ?PR?_I2C_GETS?I2C
            CODE    263FH     0082H     UNIT         ?CO?TESTMAIN
            CODE    26C1H     0080H     UNIT         ?PR?SSD1306_INIT?SSD1306
            CODE    2741H     0077H     UNIT         ?PR?_ENABLEROOTHUBPORT?USBH_HUB_KM
            CODE    27B8H     0075H     UNIT         ?PR?STDIO_INIT?STDIO
            CODE    282DH     0074H     UNIT         ?PR?_I2C_PUTS?I2C
            CODE    28A1H     0071H     UNIT         ?PR?_KEYBOARD_REFRESH?KEYBOARD
            CODE    2912H     0068H     UNIT         ?CO?USBH_HUB_KM
            CODE    297AH     0058H     UNIT         ?PR?ENUMALLROOTDEVICE?USBH_HUB_KM
            CODE    29D2H     0050H     UNIT         ?PR?EXPINTERFACE_UPDATEMODE1?EXPINTERFACE
            CODE    2A22H     0050H     UNIT         ?PR?EXPINTERFACE_UPDATEMODE2?EXPINTERFACE
            CODE    2A72H     004AH     UNIT         ?CO?I2C
            CODE    2ABCH     0043H     UNIT         ?PR?CHECKI2CSLAVEVALIDITY?I2C
            CODE    2AFFH     0043H     UNIT         ?PR?SSD1306_REFRESH?SSD1306
            CODE    2B42H     0042H     UNIT         ?PR?KEYBOARD
            CODE    2B84H     0040H     UNIT         ?PR?INITUSB_HOST?USBH_HUB_KM
            CODE    2BC4H     0040H     UNIT         ?PR?_GPIO_SELP4MODE?GPIO
BL51 BANKED LINKER/LOCATER V6.22                                                      04/08/2018  17:15:52  PAGE 4


            CODE    2C04H     003FH     UNIT         ?PR?_EXPINTERFACE_SETSUBORKEYBOARDKEYSTATUS?EXPINTERFACE
            CODE    2C43H     003BH     UNIT         ?C_INITSEG
            CODE    2C7EH     003AH     UNIT         ?PR?CTRLGETDEVICEDESCR?USBH_HUB_KM
            CODE    2CB8H     0038H     UNIT         ?PR?_RESETROOTHUBPORT?USBH_HUB_KM
            CODE    2CF0H     0036H     UNIT         ?PR?_GPIO_DRIVCAP?GPIO
            CODE    2D26H     0036H     UNIT         ?PR?_SSD1306_DRAWPIXEL?SSD1306
            CODE    2D5CH     0033H     UNIT         ?PR?_SELECTHUBPORT?USBH_HUB_KM
            CODE    2D8FH     0032H     UNIT         ?PR?_SSD1306_SENDCOMMAND?SSD1306
            CODE    2DC1H     0031H     UNIT         ?PR?_CTRLGETHIDDEVICEREPORT?USBH_HUB_KM
            CODE    2DF2H     002DH     UNIT         ?PR?EXPINTERFACE
            CODE    2E1FH     002CH     UNIT         ?PR?_DISABLEROOTHUBPORT?USBH_HUB_KM
            CODE    2E4BH     002CH     UNIT         ?PR?_CTRLSETUSBADDRESS?USBH_HUB_KM
            CODE    2E77H     002BH     UNIT         ?PR?KM_PROCESSSYSTEM?USBH_HUB_KM
            CODE    2EA2H     0029H     UNIT         ?PR?EXPINTERFACE_SET3PKEYSTATUS?EXPINTERFACE
            CODE    2ECBH     0029H     UNIT         ?PR?EXPINTERFACE_SET4PKEYSTATUS?EXPINTERFACE
            CODE    2EF4H     0028H     UNIT         ?PR?EXPINTERFACE_SET1PKEYSTATUS?EXPINTERFACE
            CODE    2F1CH     0028H     UNIT         ?PR?EXPINTERFACE_SET2PKEYSTATUS?EXPINTERFACE
            CODE    2F44H     0027H     UNIT         ?PR?PUTCHAR?PUTCHAR
            CODE    2F6BH     0023H     UNIT         ?PR?TESTMAIN
            CODE    2F8EH     0023H     UNIT         ?PR?_KEYBOARD_ISKEYDOWN?KEYBOARD
            CODE    2FB1H     0023H     UNIT         ?PR?I2C_READ?I2C
            CODE    2FD4H     0023H     UNIT         ?PR?I2C_GETACK?I2C
            CODE    2FF7H     0020H     UNIT         ?PR?_COPYSETUPREQPKG?USBH_HUB_KM
            CODE    3017H     001CH     UNIT         ?PR?I2C_INIT?I2C
            CODE    3033H     001AH     UNIT         ?PR?_SSD1306_SENDDATA?SSD1306
            CODE    304DH     0019H     UNIT         ?PR?_KM_HOSTSETREPORT?USBH_HUB_KM
            CODE    3066H     0019H     UNIT         ?PR?_CTRLSETIDLE?USBH_HUB_KM
            CODE    307FH     0018H     UNIT         ?PR?_KEYBOARD_ISKEYUP?KEYBOARD
            CODE    3097H     0018H     UNIT         ?PR?I2C_STOP?I2C
            CODE    30AFH     0017H     UNIT         ?PR?_MDELAYMS?TESTMAIN
            CODE    30C6H     0017H     UNIT         ?PR?KM_LIBINIT?USBH_HUB_KM
            CODE    30DDH     0017H     UNIT         ?PR?_SYSTEM_DELAYMS?SYSTEM
            CODE    30F4H     0017H     UNIT         ?PR?_I2C_WRITE?I2C
            CODE    310BH     0016H     UNIT         ?PR?_KEYBOARD_ISKEYHOLD?KEYBOARD
            CODE    3121H     0014H     UNIT         ?PR?_MDELAYUS?TESTMAIN
            CODE    3135H     0014H     UNIT         ?PR?STDIO_SETUART0PIN?STDIO
            CODE    3149H     0014H     UNIT         ?PR?_SYSTEM_DELAYUS?SYSTEM
            CODE    315DH     0014H     UNIT         ?PR?EXPINTERFACE_ISRISINGEDGEOFOUT0?EXPINTERFACE
            CODE    3171H     0013H     UNIT         ?PR?SYSTEM
            CODE    3184H     0011H     UNIT         ?PR?_CTRLSETUSBCONFIG?USBH_HUB_KM
            CODE    3195H     0011H     UNIT         ?PR?_CTRLSETUSBPROTOCOL?USBH_HUB_KM
            CODE    31A6H     0011H     UNIT         ?PR?GPIO
            CODE    31B7H     0010H     UNIT         ?PR?SYSTEM_SETFREQ?SYSTEM
            CODE    31C7H     000FH     UNIT         ?PR?SSD1306_CLEAR?SSD1306
            CODE    31D6H     000EH     UNIT         ?PR?_SETUSBSPEED?USBH_HUB_KM
            CODE    31E4H     000EH     UNIT         ?PR?EXPINTERFACE_INITMODE1?EXPINTERFACE
            CODE    31F2H     000EH     UNIT         ?PR?EXPINTERFACE_INITMODE2?EXPINTERFACE
            CODE    3200H     000EH     UNIT         ?PR?DELAY?SSD1306
            CODE    320EH     000DH     UNIT         ?PR?I2C_START?I2C
            CODE    321BH     000CH     UNIT         ?PR?_SETHOSTUSBADDR?USBH_HUB_KM
            CODE    3227H     000CH     UNIT         ?PR?EXPINTERFACE_REFRESHJ2CLK?EXPINTERFACE
            CODE    3233H     000CH     UNIT         ?PR?I2C_DELAY?I2C
            CODE    323FH     000CH     UNIT         ?PR?I2C_PUTACK?I2C
            CODE    324BH     000BH     UNIT         ?PR?EXPINTERFACE_ISFALLINGEDGEOFOUT0?EXPINTERFACE
            CODE    3256H     000BH     UNIT         ?PR?EXPINTERFACE_ISRISINGEDGEOFOUT1?EXPINTERFACE
            CODE    3261H     000BH     UNIT         ?PR?EXPINTERFACE_ISFALLINGEDGEOFOUT1?EXPINTERFACE
            CODE    326CH     000BH     UNIT         ?PR?EXPINTERFACE_REFRESHJ1CLK?EXPINTERFACE
BL51 BANKED LINKER/LOCATER V6.22                                                      04/08/2018  17:15:52  PAGE 5


            CODE    3277H     000BH     UNIT         ?PR?EXPINTERFACE_ISRISINGEDGEOFJ1CLK?EXPINTERFACE
            CODE    3282H     000BH     UNIT         ?PR?EXPINTERFACE_ISFALLINGEDGEOFJ1CLK?EXPINTERFACE
            CODE    328DH     000BH     UNIT         ?PR?EXPINTERFACE_ISRISINGEDGEOFJ2CLK?EXPINTERFACE
            CODE    3298H     000BH     UNIT         ?PR?EXPINTERFACE_ISFALLINGEDGEOFJ2CLK?EXPINTERFACE
            CODE    32A3H     0009H     UNIT         ?PR?EXPINTERFACE_INITMODE3?EXPINTERFACE
            CODE    32ACH     0009H     UNIT         ?PR?EXPINTERFACE_INITMODE4?EXPINTERFACE
            CODE    32B5H     0009H     UNIT         ?PR?_SSD1306_DRAWSTRING?SSD1306
            CODE    32BEH     0005H     UNIT         ?PR?EXPINTERFACE_REFRESHOUT0?EXPINTERFACE
            CODE    32C3H     0005H     UNIT         ?PR?EXPINTERFACE_UPDATEOUT0?EXPINTERFACE
            CODE    32C8H     0005H     UNIT         ?PR?EXPINTERFACE_REFRESHOUT1?EXPINTERFACE
            CODE    32CDH     0005H     UNIT         ?PR?EXPINTERFACE_UPDATEOUT1?EXPINTERFACE
            CODE    32D2H     0005H     UNIT         ?PR?EXPINTERFACE_UPDATEJ1CLK?EXPINTERFACE
            CODE    32D7H     0005H     UNIT         ?PR?EXPINTERFACE_UPDATEJ2CLK?EXPINTERFACE
            CODE    32DCH     0005H     UNIT         ?PR?EXPINTERFACE_INITMODE0?EXPINTERFACE
            CODE    32E1H     0004H     UNIT         ?PR?KEYBOARD_GETBUF?KEYBOARD
            CODE    32E5H     0003H     UNIT         ?PR?_EXPINTERFACE_SETFAMILYBASICKEYBOARDKEYSTATUS?EXPINTERFACE
            CODE    32E8H     0001H     UNIT         ?PR?EXPINTERFACE_UPDATEMODE0?EXPINTERFACE



OVERLAY MAP OF MODULE:   testCH559 (CH559)


SEGMENT                                             BIT_GROUP          DATA_GROUP          XDATA_GROUP
  +--> CALLED SEGMENT                            START    LENGTH     START    LENGTH     START    LENGTH
--------------------------------------------------------------------------------------------------------
?C_C51STARTUP                                    -----    -----      -----    -----      -----    -----
  +--> ?PR?MAIN?TESTMAIN
  +--> ?C_INITSEG

?PR?MAIN?TESTMAIN                                -----    -----      0025H    0017H      -----    -----
  +--> ?PR?EXPINTERFACE_INIT?EXPINTERFACE
  +--> ?PR?SYSTEM_SETFREQ?SYSTEM
  +--> ?PR?_SYSTEM_DELAYMS?SYSTEM
  +--> ?PR?STDIO_INIT?STDIO
  +--> ?PR?STDIO_SETUART0PIN?STDIO
  +--> ?CO?TESTMAIN
  +--> ?PR?PRINTF?PRINTF
  +--> ?PR?KM_LIBINIT?USBH_HUB_KM
  +--> ?PR?KM_PROCESSSYSTEM?USBH_HUB_KM
  +--> ?PR?TESTMAIN
  +--> ?PR?_KM_HOSTGETDATA?USBH_HUB_KM
  +--> ?PR?_KEYBOARD_REFRESH?KEYBOARD
  +--> ?PR?_KEYBOARD_ISKEYHOLD?KEYBOARD
  +--> ?PR?_KEYBOARD_ISKEYDOWN?KEYBOARD
  +--> ?PR?_KEYBOARD_ISKEYUP?KEYBOARD
  +--> ?PR?EXPINTERFACE_INITMODE0?EXPINTERFACE
  +--> ?PR?EXPINTERFACE_INITMODE1?EXPINTERFACE
  +--> ?PR?EXPINTERFACE_INITMODE2?EXPINTERFACE
  +--> ?PR?EXPINTERFACE_INITMODE3?EXPINTERFACE
  +--> ?PR?EXPINTERFACE_INITMODE4?EXPINTERFACE
  +--> ?PR?EXPINTERFACE_UPDATEMODE0?EXPINTER...
  +--> ?PR?EXPINTERFACE_UPDATEMODE1?EXPINTER...
  +--> ?PR?EXPINTERFACE_UPDATEMODE2?EXPINTER...
  +--> ?PR?EXPINTERFACE_UPDATEMODE3?EXPINTER...
  +--> ?PR?EXPINTERFACE_UPDATEMODE4?EXPINTER...
  +--> ?PR?_KM_TYPEQUERY?USBH_HUB_KM
BL51 BANKED LINKER/LOCATER V6.22                                                      04/08/2018  17:15:52  PAGE 6



?PR?EXPINTERFACE_INIT?EXPINTERFACE               0021H.4  0000H.1    003CH    0001H      -----    -----
  +--> ?PR?_GPIO_DRIVCAP?GPIO
  +--> ?PR?_GPIO_SELMODE?GPIO
  +--> ?PR?_GPIO_SELP4MODE?GPIO

?PR?_GPIO_DRIVCAP?GPIO                           0021H.5  0000H.1    -----    -----      -----    -----

?PR?_GPIO_SELMODE?GPIO                           -----    -----      -----    -----      -----    -----
  +--> ?PR?GPIO

?PR?_GPIO_SELP4MODE?GPIO                         0021H.5  0000H.2    -----    -----      -----    -----

?PR?_SYSTEM_DELAYMS?SYSTEM                       -----    -----      -----    -----      -----    -----
  +--> ?PR?_SYSTEM_DELAYUS?SYSTEM

?PR?_SYSTEM_DELAYUS?SYSTEM                       -----    -----      -----    -----      -----    -----
  +--> ?PR?SYSTEM

?PR?STDIO_INIT?STDIO                             -----    -----      003CH    0005H      -----    -----

?PR?STDIO_SETUART0PIN?STDIO                      0021H.4  0000H.1    -----    -----      -----    -----

?PR?PRINTF?PRINTF                                0021H.4  0001H.1    003CH    0005H      05A2H    0028H
  +--> ?PR?PUTCHAR?PUTCHAR

?PR?KM_LIBINIT?USBH_HUB_KM                       -----    -----      -----    -----      -----    -----
  +--> ?PR?INITUSB_HOST?USBH_HUB_KM

?PR?INITUSB_HOST?USBH_HUB_KM                     -----    -----      -----    -----      -----    -----
  +--> ?PR?_DISABLEROOTHUBPORT?USBH_HUB_KM

?PR?KM_PROCESSSYSTEM?USBH_HUB_KM                 -----    -----      -----    -----      05A2H    0001H
  +--> ?PR?ANALYZEROOTHUB?USBH_HUB_KM
  +--> ?PR?_MDELAYMS?TESTMAIN
  +--> ?PR?ENUMALLROOTDEVICE?USBH_HUB_KM

?PR?ANALYZEROOTHUB?USBH_HUB_KM                   -----    -----      -----    -----      05BDH    0001H
  +--> ?PR?_DISABLEROOTHUBPORT?USBH_HUB_KM

?PR?_MDELAYMS?TESTMAIN                           -----    -----      -----    -----      -----    -----
  +--> ?PR?_MDELAYUS?TESTMAIN

?PR?_MDELAYUS?TESTMAIN                           -----    -----      -----    -----      -----    -----
  +--> ?PR?TESTMAIN

?PR?ENUMALLROOTDEVICE?USBH_HUB_KM                -----    -----      -----    -----      05A3H    0001H
  +--> ?PR?_INITROOTDEVICE?USBH_HUB_KM

?PR?_INITROOTDEVICE?USBH_HUB_KM                  -----    -----      -----    -----      05A4H    0006H
  +--> ?PR?_RESETROOTHUBPORT?USBH_HUB_KM
  +--> ?PR?_MDELAYMS?TESTMAIN
  +--> ?PR?_ENABLEROOTHUBPORT?USBH_HUB_KM
  +--> ?PR?_DISABLEROOTHUBPORT?USBH_HUB_KM
  +--> ?PR?_SELECTHUBPORT?USBH_HUB_KM
  +--> ?PR?CTRLGETDEVICEDESCR?USBH_HUB_KM
  +--> ?CO?USBH_HUB_KM
BL51 BANKED LINKER/LOCATER V6.22                                                      04/08/2018  17:15:52  PAGE 7


  +--> ?PR?_CTRLSETUSBADDRESS?USBH_HUB_KM
  +--> ?PR?CTRLGETCONFIGDESCR?USBH_HUB_KM
  +--> ?PR?_CTRLSETUSBCONFIG?USBH_HUB_KM
  +--> ?PR?_CTRLGETHIDDEVICEREPORT?USBH_HUB_KM
  +--> ?PR?_KM_HOSTANALYSEMOUSEHID?USBH_HUB_KM
  +--> ?PR?_KM_HOSTSETREPORT?USBH_HUB_KM
  +--> ?PR?_SETUSBSPEED?USBH_HUB_KM

?PR?_RESETROOTHUBPORT?USBH_HUB_KM                -----    -----      -----    -----      -----    -----
  +--> ?PR?_SETHOSTUSBADDR?USBH_HUB_KM
  +--> ?PR?_MDELAYMS?TESTMAIN
  +--> ?PR?_MDELAYUS?TESTMAIN

?PR?_SELECTHUBPORT?USBH_HUB_KM                   -----    -----      -----    -----      -----    -----
  +--> ?PR?_SETHOSTUSBADDR?USBH_HUB_KM
  +--> ?PR?_SETUSBSPEED?USBH_HUB_KM

?PR?CTRLGETDEVICEDESCR?USBH_HUB_KM               -----    -----      -----    -----      05AAH    0001H
  +--> ?CO?USBH_HUB_KM
  +--> ?PR?_COPYSETUPREQPKG?USBH_HUB_KM
  +--> ?PR?_HOSTCTRLTRANSFER?USBH_HUB_KM

?PR?_HOSTCTRLTRANSFER?USBH_HUB_KM                -----    -----      -----    -----      05B5H    0005H
  +--> ?PR?_MDELAYUS?TESTMAIN
  +--> ?PR?_USBHOSTTRANSACT?USBH_HUB_KM

?PR?_USBHOSTTRANSACT?USBH_HUB_KM                 -----    -----      -----    -----      05BAH    0003H
  +--> ?PR?ANALYZEROOTHUB?USBH_HUB_KM
  +--> ?PR?_MDELAYUS?TESTMAIN

?PR?_CTRLSETUSBADDRESS?USBH_HUB_KM               -----    -----      -----    -----      05AAH    0001H
  +--> ?CO?USBH_HUB_KM
  +--> ?PR?_COPYSETUPREQPKG?USBH_HUB_KM
  +--> ?PR?_HOSTCTRLTRANSFER?USBH_HUB_KM
  +--> ?PR?_SETHOSTUSBADDR?USBH_HUB_KM
  +--> ?PR?_MDELAYMS?TESTMAIN

?PR?CTRLGETCONFIGDESCR?USBH_HUB_KM               -----    -----      -----    -----      05AAH    0002H
  +--> ?CO?USBH_HUB_KM
  +--> ?PR?_COPYSETUPREQPKG?USBH_HUB_KM
  +--> ?PR?_HOSTCTRLTRANSFER?USBH_HUB_KM

?PR?_CTRLSETUSBCONFIG?USBH_HUB_KM                -----    -----      -----    -----      -----    -----
  +--> ?CO?USBH_HUB_KM
  +--> ?PR?_COPYSETUPREQPKG?USBH_HUB_KM
  +--> ?PR?_HOSTCTRLTRANSFER?USBH_HUB_KM

?PR?_CTRLGETHIDDEVICEREPORT?USBH_HUB_KM          -----    -----      -----    -----      -----    -----
  +--> ?CO?USBH_HUB_KM
  +--> ?PR?_COPYSETUPREQPKG?USBH_HUB_KM
  +--> ?PR?_HOSTCTRLTRANSFER?USBH_HUB_KM

?PR?_KM_HOSTANALYSEMOUSEHID?USBH_HUB_KM          -----    -----      -----    -----      05AAH    000BH
  +--> ?PR?_CTRLSETUSBPROTOCOL?USBH_HUB_KM
  +--> ?PR?_CTRLSETIDLE?USBH_HUB_KM

?PR?_CTRLSETUSBPROTOCOL?USBH_HUB_KM              -----    -----      -----    -----      -----    -----
BL51 BANKED LINKER/LOCATER V6.22                                                      04/08/2018  17:15:52  PAGE 8


  +--> ?CO?USBH_HUB_KM
  +--> ?PR?_COPYSETUPREQPKG?USBH_HUB_KM
  +--> ?PR?_HOSTCTRLTRANSFER?USBH_HUB_KM

?PR?_CTRLSETIDLE?USBH_HUB_KM                     -----    -----      -----    -----      -----    -----
  +--> ?CO?USBH_HUB_KM
  +--> ?PR?_COPYSETUPREQPKG?USBH_HUB_KM
  +--> ?PR?_HOSTCTRLTRANSFER?USBH_HUB_KM

?PR?_KM_HOSTSETREPORT?USBH_HUB_KM                -----    -----      -----    -----      05B4H    0001H
  +--> ?CO?USBH_HUB_KM
  +--> ?PR?_COPYSETUPREQPKG?USBH_HUB_KM
  +--> ?PR?_HOSTCTRLTRANSFER?USBH_HUB_KM

?PR?_KM_HOSTGETDATA?USBH_HUB_KM                  -----    -----      -----    -----      05A2H    0012H
  +--> ?PR?_SELECTHUBPORT?USBH_HUB_KM
  +--> ?PR?_USBHOSTTRANSACT?USBH_HUB_KM
  +--> ?PR?_KM_HOSTSETREPORT?USBH_HUB_KM

?PR?_KEYBOARD_REFRESH?KEYBOARD                   -----    -----      003CH    0005H      -----    -----
  +--> ?PR?KEYBOARD

?PR?_KEYBOARD_ISKEYHOLD?KEYBOARD                 -----    -----      -----    -----      -----    -----
  +--> ?PR?KEYBOARD

?PR?_KEYBOARD_ISKEYDOWN?KEYBOARD                 -----    -----      -----    -----      -----    -----
  +--> ?PR?KEYBOARD

?PR?_KEYBOARD_ISKEYUP?KEYBOARD                   -----    -----      -----    -----      -----    -----
  +--> ?PR?KEYBOARD

?PR?EXPINTERFACE_INITMODE0?EXPINTERFACE          -----    -----      -----    -----      -----    -----
  +--> ?PR?EXPINTERFACE_INIT?EXPINTERFACE

?PR?EXPINTERFACE_INITMODE1?EXPINTERFACE          -----    -----      -----    -----      -----    -----
  +--> ?PR?EXPINTERFACE_INIT?EXPINTERFACE
  +--> ?PR?EXPINTERFACE

?PR?EXPINTERFACE_INITMODE2?EXPINTERFACE          -----    -----      -----    -----      -----    -----
  +--> ?PR?EXPINTERFACE_INIT?EXPINTERFACE
  +--> ?PR?EXPINTERFACE

?PR?EXPINTERFACE_INITMODE3?EXPINTERFACE          -----    -----      -----    -----      -----    -----
  +--> ?PR?EXPINTERFACE_INIT?EXPINTERFACE
  +--> ?PR?EXPINTERFACE

?PR?EXPINTERFACE_INITMODE4?EXPINTERFACE          -----    -----      -----    -----      -----    -----
  +--> ?PR?EXPINTERFACE_INIT?EXPINTERFACE
  +--> ?PR?EXPINTERFACE

?PR?EXPINTERFACE_UPDATEMODE1?EXPINTER...         -----    -----      -----    -----      -----    -----
  +--> ?PR?EXPINTERFACE_SET1PKEYSTATUS?EXPIN...
  +--> ?PR?EXPINTERFACE_SET2PKEYSTATUS?EXPIN...
  +--> ?PR?EXPINTERFACE_ISRISINGEDGEOFOUT0?E...
  +--> ?PR?EXPINTERFACE_ISFALLINGEDGEOFOUT0?...
  +--> ?PR?EXPINTERFACE_ISRISINGEDGEOFJ1CLK?...
  +--> ?PR?EXPINTERFACE_ISFALLINGEDGEOFJ1CLK...
BL51 BANKED LINKER/LOCATER V6.22                                                      04/08/2018  17:15:52  PAGE 9


  +--> ?PR?EXPINTERFACE_ISRISINGEDGEOFJ2CLK?...
  +--> ?PR?EXPINTERFACE_ISFALLINGEDGEOFJ2CLK...
  +--> ?PR?EXPINTERFACE_UPDATEOUT0?EXPINTERFACE
  +--> ?PR?EXPINTERFACE_UPDATEJ1CLK?EXPINTER...
  +--> ?PR?EXPINTERFACE_UPDATEJ2CLK?EXPINTER...

?PR?EXPINTERFACE_SET1PKEYSTATUS?EXPIN...         -----    -----      003CH    0003H      -----    -----
  +--> ?PR?KEYBOARD_GETBUF?KEYBOARD
  +--> ?CO?EXPINTERFACE
  +--> ?PR?EXPINTERFACE

?PR?KEYBOARD_GETBUF?KEYBOARD                     -----    -----      -----    -----      -----    -----
  +--> ?PR?KEYBOARD

?PR?EXPINTERFACE_SET2PKEYSTATUS?EXPIN...         -----    -----      003CH    0003H      -----    -----
  +--> ?PR?KEYBOARD_GETBUF?KEYBOARD
  +--> ?CO?EXPINTERFACE
  +--> ?PR?EXPINTERFACE

?PR?EXPINTERFACE_ISRISINGEDGEOFOUT0?E...         -----    -----      -----    -----      -----    -----
  +--> ?PR?EXPINTERFACE_REFRESHOUT0?EXPINTER...
  +--> ?PR?EXPINTERFACE_REFRESHJ1CLK?EXPINTE...
  +--> ?PR?EXPINTERFACE_REFRESHJ2CLK?EXPINTE...

?PR?EXPINTERFACE_UPDATEMODE2?EXPINTER...         -----    -----      -----    -----      -----    -----
  +--> ?PR?EXPINTERFACE_SET3PKEYSTATUS?EXPIN...
  +--> ?PR?EXPINTERFACE_SET4PKEYSTATUS?EXPIN...
  +--> ?PR?EXPINTERFACE_ISRISINGEDGEOFOUT0?E...
  +--> ?PR?EXPINTERFACE_ISFALLINGEDGEOFOUT0?...
  +--> ?PR?EXPINTERFACE_ISRISINGEDGEOFJ1CLK?...
  +--> ?PR?EXPINTERFACE_ISFALLINGEDGEOFJ1CLK...
  +--> ?PR?EXPINTERFACE_ISRISINGEDGEOFJ2CLK?...
  +--> ?PR?EXPINTERFACE_ISFALLINGEDGEOFJ2CLK...
  +--> ?PR?EXPINTERFACE_UPDATEOUT0?EXPINTERFACE
  +--> ?PR?EXPINTERFACE_UPDATEJ1CLK?EXPINTER...
  +--> ?PR?EXPINTERFACE_UPDATEJ2CLK?EXPINTER...

?PR?EXPINTERFACE_SET3PKEYSTATUS?EXPIN...         -----    -----      003CH    0003H      -----    -----
  +--> ?PR?KEYBOARD_GETBUF?KEYBOARD
  +--> ?CO?EXPINTERFACE
  +--> ?PR?EXPINTERFACE

?PR?EXPINTERFACE_SET4PKEYSTATUS?EXPIN...         -----    -----      003CH    0003H      -----    -----
  +--> ?PR?KEYBOARD_GETBUF?KEYBOARD
  +--> ?CO?EXPINTERFACE
  +--> ?PR?EXPINTERFACE

?PR?EXPINTERFACE_UPDATEMODE3?EXPINTER...         -----    -----      -----    -----      -----    -----
  +--> ?PR?EXPINTERFACE_REFRESHOUT1?EXPINTER...
  +--> ?PR?EXPINTERFACE_ISFALLINGEDGEOFOUT1?...
  +--> ?PR?_EXPINTERFACE_SETSUBORKEYBOARDKEY...
  +--> ?PR?EXPINTERFACE_UPDATEOUT1?EXPINTERFACE

?PR?_EXPINTERFACE_SETSUBORKEYBOARDKEY...         -----    -----      003CH    0002H      -----    -----
  +--> ?CO?EXPINTERFACE
  +--> ?PR?_KEYBOARD_ISKEYHOLD?KEYBOARD

BL51 BANKED LINKER/LOCATER V6.22                                                      04/08/2018  17:15:52  PAGE 10


?PR?EXPINTERFACE_UPDATEMODE4?EXPINTER...         -----    -----      -----    -----      -----    -----
  +--> ?PR?EXPINTERFACE_REFRESHOUT1?EXPINTER...
  +--> ?PR?EXPINTERFACE_ISFALLINGEDGEOFOUT1?...
  +--> ?PR?_EXPINTERFACE_SETFAMILYBASICKEYBO...
  +--> ?PR?EXPINTERFACE_UPDATEOUT1?EXPINTERFACE

?PR?_EXPINTERFACE_SETFAMILYBASICKEYBO...         -----    -----      003CH    0001H      -----    -----

?PR?_KM_TYPEQUERY?USBH_HUB_KM                    -----    -----      -----    -----      05A2H    0007H



SYMBOL TABLE OF MODULE:  testCH559 (CH559)

  VALUE           TYPE          NAME
  ----------------------------------

  -------         MODULE        CH559
  C:0000H         SYMBOL        _ICE_DUMMY_
  X:2989H         PUBLIC        pLED_DMA_XL
  D:0080H         PUBLIC        P0
  D:0090H         PUBLIC        P1
  D:00A0H         PUBLIC        P2
  D:00B0H         PUBLIC        P3
  X:2888H         PUBLIC        LED_DMA_XH
  D:00E8H         PUBLIC        IE_EX
  X:2889H         PUBLIC        LED_DMA_XL
  D:00A8H         PUBLIC        IE
  D:00B8H         PUBLIC        IP
  D:00D8H         PUBLIC        USB_INT_FG
  X:2983H         PUBLIC        pLED_CK_SE
  D:0098H         PUBLIC        SCON
  D:0088H         PUBLIC        TCON
  D:00F8H         PUBLIC        SPI0_STAT
  X:2883H         PUBLIC        LED_CK_SE
  X:2982H         PUBLIC        pLED_DATA
  X:2882H         PUBLIC        LED_DATA
  X:2981H         PUBLIC        pLED_CTRL
  D:00C0H         PUBLIC        P4_OUT
  X:2547H         PUBLIC        pUEP2_3_MOD
  X:2546H         PUBLIC        pUEP4_1_MOD
  X:2984H         PUBLIC        pLED_DMA_AH
  X:2980H         PUBLIC        pLED_STAT
  X:2985H         PUBLIC        pLED_DMA_AL
  X:2548H         PUBLIC        pUEP0_DMA_H
  D:00C8H         PUBLIC        T2CON
  X:254AH         PUBLIC        pUEP1_DMA_H
  X:254CH         PUBLIC        pUEP2_DMA_H
  X:254EH         PUBLIC        pUEP3_DMA_H
  X:2986H         PUBLIC        pLED_DMA_CN
  X:2549H         PUBLIC        pUEP0_DMA_L
  X:2881H         PUBLIC        LED_CTRL
  X:254BH         PUBLIC        pUEP1_DMA_L
  X:254DH         PUBLIC        pUEP2_DMA_L
  X:254FH         PUBLIC        pUEP3_DMA_L
  X:2447H         PUBLIC        UEP2_3_MOD
  X:2446H         PUBLIC        UEP4_1_MOD
BL51 BANKED LINKER/LOCATER V6.22                                                      04/08/2018  17:15:52  PAGE 11


  X:2884H         PUBLIC        LED_DMA_AH
  X:2880H         PUBLIC        LED_STAT
  X:2885H         PUBLIC        LED_DMA_AL
  X:2448H         PUBLIC        UEP0_DMA_H
  X:244AH         PUBLIC        UEP1_DMA_H
  X:244CH         PUBLIC        UEP2_DMA_H
  X:244EH         PUBLIC        UEP3_DMA_H
  X:2988H         PUBLIC        pLED_DMA_XH
  X:2886H         PUBLIC        LED_DMA_CN
  X:2449H         PUBLIC        UEP0_DMA_L
  D:00D0H         PUBLIC        PSW
  X:244BH         PUBLIC        UEP1_DMA_L
  X:244DH         PUBLIC        UEP2_DMA_L
  X:244FH         PUBLIC        UEP3_DMA_L
  -------         ENDMOD        CH559

  -------         MODULE        TESTMAIN
  C:0000H         SYMBOL        _ICE_DUMMY_
  D:0080H         PUBLIC        P0
  D:0090H         PUBLIC        P1
  D:00A0H         PUBLIC        P2
  D:00B0H         PUBLIC        P3
  D:00E8H         PUBLIC        IE_EX
  D:00A8H         PUBLIC        IE
  B:0022H.5       PUBLIC        InitFlag
  B:0022H.6       PUBLIC        isChangedMode
  D:00B8H         PUBLIC        IP
  C:30AFH         PUBLIC        _mDelaymS
  D:00D8H         PUBLIC        USB_INT_FG
  C:181EH         PUBLIC        main
  D:007BH         SYMBOL        mode
  C:3121H         PUBLIC        _mDelayuS
  D:0098H         PUBLIC        SCON
  D:0088H         PUBLIC        TCON
  D:00F8H         PUBLIC        SPI0_STAT
  D:00C0H         PUBLIC        P4_OUT
  D:00A1H         PUBLIC        SAFE_MOD
  D:00C8H         PUBLIC        T2CON
  X:05DCH         SYMBOL        t
  D:00D0H         PUBLIC        PSW
  C:2F6BH         SYMBOL        Com0029
  C:2F6BH         SYMBOL        L?0042
  C:2F7EH         SYMBOL        L?0045
  C:2F80H         SYMBOL        L?0046
  C:2F87H         SYMBOL        L?0047
  C:2F87H         SYMBOL        L?0048
  -------         PROC          COM0029
  -------         ENDPROC       COM0029
  -------         PROC          _MDELAYUS
  D:0006H         SYMBOL        n
  C:3121H         LINE#         26
  C:3121H         LINE#         27
  C:3121H         LINE#         28
  C:3125H         LINE#         29
  C:3125H         LINE#         32
  C:3125H         LINE#         35
  C:3125H         LINE#         38
BL51 BANKED LINKER/LOCATER V6.22                                                      04/08/2018  17:15:52  PAGE 12


  C:3125H         LINE#         41
  C:3125H         LINE#         44
  C:3125H         LINE#         47
  C:3125H         LINE#         50
  C:3125H         LINE#         53
  C:3128H         LINE#         56
  C:312AH         LINE#         59
  C:312AH         LINE#         62
  C:312AH         LINE#         65
  C:312AH         LINE#         68
  C:312AH         LINE#         71
  C:312AH         LINE#         74
  C:312AH         LINE#         77
  C:312AH         LINE#         80
  C:312AH         LINE#         83
  C:312DH         LINE#         98
  C:3132H         LINE#         99
  C:3134H         LINE#         100
  -------         ENDPROC       _MDELAYUS
  -------         PROC          _MDELAYMS
  D:0004H         SYMBOL        n
  C:30AFH         LINE#         109
  C:30B3H         LINE#         110
  C:30B3H         LINE#         111
  C:30B7H         LINE#         112
  C:30B7H         LINE#         113
  C:30BEH         LINE#         114
  C:30C3H         LINE#         115
  C:30C5H         LINE#         116
  -------         ENDPROC       _MDELAYMS
  C:19BDH         SYMBOL        L?0043
  C:19D2H         SYMBOL        L?0044
  -------         PROC          MAIN
  -------         DO            
  D:0025H         SYMBOL        s
  D:0026H         SYMBOL        srcBuf
  D:0030H         SYMBOL        dstBuf
  D:003AH         SYMBOL        srcLen
  D:003BH         SYMBOL        dstLen
  -------         ENDDO         
  C:181EH         LINE#         148
  C:181EH         LINE#         150
  C:1823H         LINE#         151
  C:1826H         LINE#         152
  C:182DH         LINE#         153
  C:1830H         LINE#         154
  C:1835H         LINE#         155
  C:183EH         LINE#         156
  C:1847H         LINE#         157
  C:184AH         LINE#         158
  C:1853H         LINE#         159
  C:1853H         LINE#         166
  C:1856H         LINE#         167
  C:1881H         LINE#         168
  C:1888H         LINE#         170
  C:1891H         LINE#         171
  C:1898H         LINE#         172
BL51 BANKED LINKER/LOCATER V6.22                                                      04/08/2018  17:15:52  PAGE 13


  C:189CH         LINE#         173
  C:18A5H         LINE#         175
  C:18ABH         LINE#         177
  C:18E9H         LINE#         180
  C:18E9H         LINE#         181
  C:18F0H         LINE#         182
  C:18F2H         LINE#         183
  C:18F4H         LINE#         184
  C:18F4H         LINE#         185
  C:18F9H         LINE#         187
  C:18F9H         LINE#         188
  C:18F9H         LINE#         190
  C:18FCH         LINE#         191
  C:190EH         LINE#         192
  C:190EH         LINE#         193
  C:1911H         LINE#         194
  C:1913H         LINE#         195
  C:1913H         LINE#         196
  C:1916H         LINE#         197
  C:1918H         LINE#         198
  C:1918H         LINE#         199
  C:191BH         LINE#         200
  C:191DH         LINE#         201
  C:191DH         LINE#         202
  C:1920H         LINE#         203
  C:1922H         LINE#         204
  C:1922H         LINE#         205
  C:1925H         LINE#         206
  C:1925H         LINE#         207
  C:1925H         LINE#         208
  C:1927H         LINE#         209
  C:1927H         LINE#         210
  C:1927H         LINE#         211
  C:1939H         LINE#         212
  C:1939H         LINE#         213
  C:193CH         LINE#         214
  C:193EH         LINE#         215
  C:193EH         LINE#         216
  C:1941H         LINE#         217
  C:1943H         LINE#         218
  C:1943H         LINE#         219
  C:1946H         LINE#         220
  C:1948H         LINE#         221
  C:1948H         LINE#         222
  C:194BH         LINE#         223
  C:194DH         LINE#         224
  C:194DH         LINE#         225
  C:1950H         LINE#         226
  C:1950H         LINE#         227
  C:1950H         LINE#         228
  C:1950H         LINE#         229
  C:1950H         LINE#         231
  C:195AH         LINE#         232
  C:1962H         LINE#         233
  C:1975H         LINE#         234
  C:197FH         LINE#         235
  C:1985H         LINE#         236
BL51 BANKED LINKER/LOCATER V6.22                                                      04/08/2018  17:15:52  PAGE 14


  C:198CH         LINE#         237
  C:198CH         LINE#         238
  C:1992H         LINE#         239
  C:1999H         LINE#         240
  C:1999H         LINE#         241
  C:199FH         LINE#         242
  C:19A6H         LINE#         243
  C:19A6H         LINE#         244
  C:19ACH         LINE#         245
  C:19ACH         LINE#         246
  C:19BAH         LINE#         247
  C:19BDH         LINE#         248
  -------         ENDPROC       MAIN
  -------         ENDMOD        TESTMAIN

  -------         MODULE        STDIO
  C:0000H         SYMBOL        _ICE_DUMMY_
  D:0080H         PUBLIC        P0
  D:0090H         PUBLIC        P1
  D:00A0H         PUBLIC        P2
  D:00B0H         PUBLIC        P3
  D:00C5H         PUBLIC        P0_PU
  D:00E8H         PUBLIC        IE_EX
  D:00A8H         PUBLIC        IE
  D:00B8H         PUBLIC        IP
  B:0098H.1       PUBLIC        TI
  D:00D8H         PUBLIC        USB_INT_FG
  C:3135H         PUBLIC        STDIO_SetUART0Pin
  B:00C8H.5       PUBLIC        RCLK
  B:00C8H.4       PUBLIC        TCLK
  D:0087H         PUBLIC        PCON
  D:0098H         PUBLIC        SCON
  D:0089H         PUBLIC        TMOD
  D:0088H         PUBLIC        TCON
  D:00F8H         PUBLIC        SPI0_STAT
  D:00C4H         PUBLIC        P0_DIR
  D:008DH         PUBLIC        TH1
  B:0098H.7       PUBLIC        SM0
  B:0098H.6       PUBLIC        SM1
  B:0098H.5       PUBLIC        SM2
  B:0088H.6       PUBLIC        TR1
  D:00C0H         PUBLIC        P4_OUT
  B:0098H.4       PUBLIC        REN
  D:00C9H         PUBLIC        T2MOD
  D:00C8H         PUBLIC        T2CON
  D:00CEH         PUBLIC        PIN_FUNC
  D:00C6H         PUBLIC        PORT_CFG
  D:00D0H         PUBLIC        PSW
  C:27B8H         PUBLIC        STDIO_Init
  -------         PROC          STDIO_INIT
  -------         DO            
  D:003CH         SYMBOL        x
  D:0040H         SYMBOL        x2
  -------         ENDDO         
  C:27B8H         LINE#         6
  C:27B8H         LINE#         10
  C:27BAH         LINE#         11
BL51 BANKED LINKER/LOCATER V6.22                                                      04/08/2018  17:15:52  PAGE 15


  C:27BCH         LINE#         12
  C:27BEH         LINE#         14
  C:27C0H         LINE#         15
  C:27C2H         LINE#         16
  C:27C5H         LINE#         17
  C:27D0H         LINE#         18
  C:27E4H         LINE#         19
  C:27FDH         LINE#         20
  C:2815H         LINE#         22
  C:281DH         LINE#         23
  C:2820H         LINE#         24
  C:2826H         LINE#         25
  C:2828H         LINE#         26
  C:282AH         LINE#         27
  C:282CH         LINE#         28
  -------         ENDPROC       STDIO_INIT
  -------         PROC          STDIO_SETUART0PIN
  B:0021H.4       SYMBOL        isSetToP0
  C:3135H         LINE#         30
  C:3135H         LINE#         31
  C:3138H         LINE#         32
  C:313BH         LINE#         33
  C:313EH         LINE#         34
  C:3141H         LINE#         35
  C:3145H         LINE#         37
  C:3148H         LINE#         38
  -------         ENDPROC       STDIO_SETUART0PIN
  -------         ENDMOD        STDIO

  -------         MODULE        TIMER0
  C:0000H         SYMBOL        _ICE_DUMMY_
  D:0080H         PUBLIC        P0
  D:0090H         PUBLIC        P1
  D:00A0H         PUBLIC        P2
  D:00B0H         PUBLIC        P3
  D:00E8H         PUBLIC        IE_EX
  D:00A8H         PUBLIC        IE
  D:00B8H         PUBLIC        IP
  D:00D8H         PUBLIC        USB_INT_FG
  D:0098H         PUBLIC        SCON
  D:0088H         PUBLIC        TCON
  D:00F8H         PUBLIC        SPI0_STAT
  D:00C0H         PUBLIC        P4_OUT
  D:00C8H         PUBLIC        T2CON
  D:00D0H         PUBLIC        PSW
  -------         ENDMOD        TIMER0

  -------         MODULE        USBH_HUB_KM
  C:0000H         SYMBOL        _ICE_DUMMY_
  D:0080H         PUBLIC        P0
  C:2FF7H         PUBLIC        _CopySetupReqPkg
  B:00D8H.0       PUBLIC        UIF_DETECT
  D:0090H         PUBLIC        P1
  D:00E2H         PUBLIC        USB_CTRL
  D:00A0H         PUBLIC        P2
  C:2B84H         PUBLIC        InitUSB_Host
  C:2C7EH         PUBLIC        CtrlGetDeviceDescr
BL51 BANKED LINKER/LOCATER V6.22                                                      04/08/2018  17:15:52  PAGE 16


  D:00B0H         PUBLIC        P3
  C:161BH         PUBLIC        _HostCtrlTransfer
  C:230AH         PUBLIC        CtrlGetConfigDescr
  X:05CFH         PUBLIC        Mouse
  D:00E8H         PUBLIC        IE_EX
  D:00A8H         PUBLIC        IE
  C:06EFH         PUBLIC        _KM_HostAnalyseMouseHid
  D:00DDH         PUBLIC        UEP0_T_LEN
  D:00E3H         PUBLIC        USB_DEV_AD
  C:0C4BH         PUBLIC        _InitRootDevice
  D:00D5H         PUBLIC        UEP2_T_LEN
  D:00D7H         PUBLIC        UEP3_T_LEN
  D:00B8H         PUBLIC        IP
  B:00D8H.6       PUBLIC        U_TOG_OK
  C:2101H         PUBLIC        AnalyzeRootHub
  X:05D9H         PUBLIC        UsbDevEndp0Size
  D:00D8H         PUBLIC        USB_INT_FG
  C:30C6H         PUBLIC        KM_LibInit
  C:2E1FH         PUBLIC        _DisableRootHubPort
  X:0000H         PUBLIC        RxBuffer
  X:0040H         PUBLIC        TxBuffer
  D:00E1H         PUBLIC        USB_INT_EN
  C:2D5CH         PUBLIC        _SelectHubPort
  C:297AH         PUBLIC        EnumAllRootDevice
  B:00D8H.1       PUBLIC        UIF_TRANSFER
  C:2942H         PUBLIC        SetupGetHIDDevReport
  D:00DBH         PUBLIC        USB_HUB_ST
  D:00D2H         PUBLIC        UEP1_CTRL
  D:00D4H         PUBLIC        UEP2_CTRL
  D:0098H         PUBLIC        SCON
  X:05DAH         PUBLIC        Set_Port
  D:00D6H         PUBLIC        UEP3_CTRL
  D:0088H         PUBLIC        TCON
  D:00D1H         PUBLIC        USB_RX_LEN
  C:2266H         PUBLIC        _KM_TypeQuery
  C:0003H         PUBLIC        _KM_HostGetData
  C:2741H         PUBLIC        _EnableRootHubPort
  C:294AH         PUBLIC        SetupSetprotocol
  D:00F8H         PUBLIC        SPI0_STAT
  C:2E4BH         PUBLIC        _CtrlSetUsbAddress
  C:291AH         PUBLIC        SetupGetCfgDescr
  D:00D9H         PUBLIC        USB_INT_ST
  C:296AH         PUBLIC        SetupSetReport
  C:2932H         PUBLIC        SetupClrEndpStall
  C:3066H         PUBLIC        _CtrlSetIdle
  C:304DH         PUBLIC        _KM_HostSetReport
  C:292AH         PUBLIC        SetupSetUsbConfig
  C:3195H         PUBLIC        _CtrlSetUsbProtocol
  C:3184H         PUBLIC        _CtrlSetUsbConfig
  B:0022H.7       PUBLIC        FoundNewDev
  C:293AH         PUBLIC        SetupGetHubDescr
  C:2912H         PUBLIC        SetupGetDevDescr
  D:00E4H         PUBLIC        UDEV_CTRL
  C:31D6H         PUBLIC        _SetUsbSpeed
  C:1DAEH         PUBLIC        _USBHostTransact
  B:00E8H.2       PUBLIC        IE_USB
  D:00C0H         PUBLIC        P4_OUT
BL51 BANKED LINKER/LOCATER V6.22                                                      04/08/2018  17:15:52  PAGE 17


  C:2952H         PUBLIC        SetupSetidle
  C:2DC1H         PUBLIC        _CtrlGetHIDDeviceReport
  C:2E77H         PUBLIC        KM_ProcessSystem
  D:00C8H         PUBLIC        T2CON
  X:1000H         PUBLIC        RootHubDev
  C:2972H         PUBLIC        SetupGetHidDes
  C:2922H         PUBLIC        SetupSetUsbAddr
  C:295AH         PUBLIC        SetupBiosSetidle
  B:0023H.0       PUBLIC        RootHubId
  C:2CB8H         PUBLIC        _ResetRootHubPort
  C:321BH         PUBLIC        _SetHostUsbAddr
  D:00D0H         PUBLIC        PSW
  C:2962H         PUBLIC        SetupBiosSetidleSame
  X:05DBH         PUBLIC        ReportData
  D:00E5H         PUBLIC        UHUB1_CTRL
  -------         PROC          _DISABLEROOTHUBPORT
  D:0007H         SYMBOL        RootHubIndex
  C:2E1FH         LINE#         108
  C:2E1FH         LINE#         109
  C:2E1FH         LINE#         110
  C:2E2FH         LINE#         111
  C:2E3FH         LINE#         112
  C:2E43H         LINE#         113
  C:2E43H         LINE#         114
  C:2E46H         LINE#         115
  C:2E47H         LINE#         117
  C:2E47H         LINE#         118
  C:2E4AH         LINE#         119
  C:2E4AH         LINE#         120
  -------         ENDPROC       _DISABLEROOTHUBPORT
  -------         PROC          ANALYZEROOTHUB
  -------         DO            
  X:05BDH         SYMBOL        s
  -------         ENDDO         
  C:2101H         LINE#         129
  C:2101H         LINE#         130
  C:2101H         LINE#         132
  C:2106H         LINE#         133
  C:210BH         LINE#         134
  C:210BH         LINE#         135
  C:2116H         LINE#         137
  C:2116H         LINE#         138
  C:211BH         LINE#         139
  C:2121H         LINE#         140
  C:212FH         LINE#         144
  C:2135H         LINE#         145
  C:2135H         LINE#         146
  C:2137H         LINE#         147
  C:2140H         LINE#         148
  C:2140H         LINE#         149
  C:2145H         LINE#         153
  C:214BH         LINE#         154
  C:214BH         LINE#         155
  C:214EH         LINE#         156
  C:214EH         LINE#         158
  C:215DH         LINE#         159
  C:215DH         LINE#         160
BL51 BANKED LINKER/LOCATER V6.22                                                      04/08/2018  17:15:52  PAGE 18


  C:2162H         LINE#         161
  C:2162H         LINE#         162
  C:216DH         LINE#         164
  C:216DH         LINE#         165
  C:2172H         LINE#         166
  C:2178H         LINE#         167
  C:2187H         LINE#         171
  C:218DH         LINE#         172
  C:218DH         LINE#         173
  C:218FH         LINE#         174
  C:2198H         LINE#         175
  C:2198H         LINE#         176
  C:219DH         LINE#         180
  C:21A3H         LINE#         181
  C:21A3H         LINE#         182
  C:21A6H         LINE#         183
  C:21A6H         LINE#         185
  C:21B5H         LINE#         186
  C:21B5H         LINE#         187
  C:21BAH         LINE#         188
  -------         ENDPROC       ANALYZEROOTHUB
  -------         PROC          _SETHOSTUSBADDR
  D:0007H         SYMBOL        addr
  C:321BH         LINE#         196
  C:321BH         LINE#         197
  C:321BH         LINE#         198
  C:3226H         LINE#         199
  -------         ENDPROC       _SETHOSTUSBADDR
  -------         PROC          _SETUSBSPEED
  D:0007H         SYMBOL        FullSpeed
  C:31D6H         LINE#         208
  C:31D6H         LINE#         209
  C:31D6H         LINE#         210
  C:31D9H         LINE#         211
  C:31D9H         LINE#         212
  C:31DCH         LINE#         213
  C:31DFH         LINE#         214
  C:31E0H         LINE#         216
  C:31E0H         LINE#         217
  C:31E3H         LINE#         218
  C:31E3H         LINE#         219
  -------         ENDPROC       _SETUSBSPEED
  -------         PROC          _RESETROOTHUBPORT
  D:0006H         SYMBOL        RootHubIndex
  C:2CB8H         LINE#         227
  C:2CBBH         LINE#         228
  C:2CBBH         LINE#         229
  C:2CC1H         LINE#         230
  C:2CC6H         LINE#         231
  C:2CCAH         LINE#         232
  C:2CCAH         LINE#         233
  C:2CCDH         LINE#         234
  C:2CD4H         LINE#         235
  C:2CD7H         LINE#         236
  C:2CD9H         LINE#         238
  C:2CD9H         LINE#         239
  C:2CDCH         LINE#         240
BL51 BANKED LINKER/LOCATER V6.22                                                      04/08/2018  17:15:52  PAGE 19


  C:2CE3H         LINE#         241
  C:2CE6H         LINE#         242
  C:2CE6H         LINE#         243
  C:2CEDH         LINE#         244
  C:2CEFH         LINE#         245
  -------         ENDPROC       _RESETROOTHUBPORT
  -------         PROC          _ENABLEROOTHUBPORT
  D:0007H         SYMBOL        RootHubIndex
  C:2741H         LINE#         253
  C:2741H         LINE#         254
  C:2741H         LINE#         255
  C:2755H         LINE#         256
  C:2755H         LINE#         257
  C:2766H         LINE#         258
  C:2766H         LINE#         259
  C:276BH         LINE#         260
  C:276BH         LINE#         261
  C:2770H         LINE#         262
  C:2770H         LINE#         263
  C:2775H         LINE#         264
  C:2775H         LINE#         265
  C:2785H         LINE#         266
  C:2787H         LINE#         267
  C:2787H         LINE#         268
  C:278AH         LINE#         269
  C:278AH         LINE#         270
  C:278AH         LINE#         271
  C:278DH         LINE#         272
  C:2790H         LINE#         273
  C:2790H         LINE#         274
  C:2790H         LINE#         276
  C:2790H         LINE#         277
  C:2795H         LINE#         278
  C:2795H         LINE#         279
  C:279AH         LINE#         280
  C:279AH         LINE#         281
  C:27AAH         LINE#         282
  C:27ACH         LINE#         283
  C:27ACH         LINE#         284
  C:27AFH         LINE#         285
  C:27AFH         LINE#         286
  C:27AFH         LINE#         287
  C:27B2H         LINE#         288
  C:27B5H         LINE#         289
  C:27B5H         LINE#         290
  C:27B5H         LINE#         291
  C:27B7H         LINE#         292
  -------         ENDPROC       _ENABLEROOTHUBPORT
  -------         PROC          _SELECTHUBPORT
  D:0006H         SYMBOL        RootHubIndex
  C:2D5CH         LINE#         301
  C:2D5FH         LINE#         302
  C:2D5FH         LINE#         303
  C:2D72H         LINE#         304
  C:2D85H         LINE#         305
  C:2D8EH         LINE#         306
  -------         ENDPROC       _SELECTHUBPORT
BL51 BANKED LINKER/LOCATER V6.22                                                      04/08/2018  17:15:52  PAGE 20


  -------         PROC          L?0301
  -------         ENDPROC       L?0301
  -------         PROC          _USBHOSTTRANSACT
  X:05BAH         SYMBOL        endp_pid
  D:0005H         SYMBOL        tog
  X:05BBH         SYMBOL        timeout
  -------         DO            
  D:0007H         SYMBOL        s
  D:0007H         SYMBOL        r
  D:0006H         SYMBOL        i
  -------         ENDDO         
  C:1DAEH         LINE#         334
  C:1DB9H         LINE#         335
  C:1DB9H         LINE#         340
  C:1DC0H         LINE#         341
  C:1DC3H         LINE#         343
  C:1DC3H         LINE#         345
  C:1DC9H         LINE#         346
  C:1DCBH         LINE#         348
  C:1DDBH         LINE#         349
  C:1DDEH         LINE#         352
  C:1DE1H         LINE#         353
  C:1DE1H         LINE#         354
  C:1DE4H         LINE#         355
  C:1DE4H         LINE#         356
  C:1DE7H         LINE#         357
  C:1DE7H         LINE#         359
  C:1DE9H         LINE#         360
  C:1DECH         LINE#         361
  C:1DF0H         LINE#         362
  C:1DF0H         LINE#         363
  C:1DF2H         LINE#         364
  C:1DF2H         LINE#         365
  C:1E0CH         LINE#         366
  C:1E0CH         LINE#         367
  C:1E0FH         LINE#         368
  C:1E0FH         LINE#         369
  C:1E13H         LINE#         370
  C:1E13H         LINE#         371
  C:1E16H         LINE#         372
  C:1E16H         LINE#         374
  C:1E1DH         LINE#         375
  C:1E1DH         LINE#         376
  C:1E20H         LINE#         377
  C:1E20H         LINE#         378
  C:1E23H         LINE#         379
  C:1E23H         LINE#         380
  C:1E26H         LINE#         381
  C:1E26H         LINE#         394
  C:1E2BH         LINE#         395
  C:1E2EH         LINE#         396
  C:1E2EH         LINE#         397
  C:1E30H         LINE#         398
  C:1E30H         LINE#         399
  C:1E34H         LINE#         400
  C:1E34H         LINE#         401
  C:1E3FH         LINE#         402
BL51 BANKED LINKER/LOCATER V6.22                                                      04/08/2018  17:15:52  PAGE 21


  C:1E3FH         LINE#         403
  C:1E42H         LINE#         404
  C:1E42H         LINE#         405
  C:1E4BH         LINE#         406
  C:1E4BH         LINE#         407
  C:1E59H         LINE#         408
  C:1E59H         LINE#         409
  C:1E5BH         LINE#         410
  C:1E5DH         LINE#         411
  C:1E70H         LINE#         412
  C:1E70H         LINE#         413
  C:1E70H         LINE#         414
  C:1E70H         LINE#         418
  C:1E73H         LINE#         419
  C:1E73H         LINE#         420
  C:1E75H         LINE#         421
  C:1E75H         LINE#         422
  C:1E75H         LINE#         423
  C:1E75H         LINE#         427
  C:1E7DH         LINE#         428
  C:1E7DH         LINE#         429
  C:1E7DH         LINE#         430
  C:1E80H         LINE#         431
  C:1E80H         LINE#         432
  C:1E84H         LINE#         433
  C:1E84H         LINE#         434
  C:1E84H         LINE#         435
  C:1E84H         LINE#         436
  C:1E87H         LINE#         437
  C:1E87H         LINE#         438
  C:1E87H         LINE#         439
  C:1E87H         LINE#         441
  C:1E87H         LINE#         442
  C:1E8AH         LINE#         443
  C:1E8AH         LINE#         444
  C:1E91H         LINE#         445
  C:1E91H         LINE#         446
  C:1E9EH         LINE#         447
  C:1EA0H         LINE#         448
  -------         ENDPROC       _USBHOSTTRANSACT
  C:1610H         SYMBOL        L?0299
  C:1611H         SYMBOL        L?0300
  -------         PROC          L?0298
  -------         ENDPROC       L?0298
  C:1610H         SYMBOL        L?0299
  C:1611H         SYMBOL        L?0300
  -------         PROC          _HOSTCTRLTRANSFER
  D:0006H         SYMBOL        DataBuf
  D:0001H         SYMBOL        RetLen
  -------         DO            
  X:05CAH         SYMBOL        s
  X:05CBH         SYMBOL        RemLen
  X:05CCH         SYMBOL        RxLen
  X:05CDH         SYMBOL        RxCnt
  X:05CEH         SYMBOL        TxCnt
  X:05B5H         SYMBOL        pBuf
  X:05B7H         SYMBOL        pLen
BL51 BANKED LINKER/LOCATER V6.22                                                      04/08/2018  17:15:52  PAGE 22


  -------         ENDDO         
  C:161BH         LINE#         459
  C:161BH         LINE#         460
  C:161BH         LINE#         464
  C:1623H         LINE#         465
  C:162CH         LINE#         466
  C:1633H         LINE#         467
  C:1643H         LINE#         468
  C:1643H         LINE#         469
  C:1647H         LINE#         470
  C:1647H         LINE#         471
  C:164AH         LINE#         472
  C:165AH         LINE#         473
  C:165CH         LINE#         474
  C:165CH         LINE#         475
  C:165FH         LINE#         476
  C:165FH         LINE#         477
  C:1665H         LINE#         478
  C:1668H         LINE#         479
  C:167CH         LINE#         480
  C:168EH         LINE#         481
  C:168EH         LINE#         482
  C:1698H         LINE#         483
  C:1698H         LINE#         484
  C:16A1H         LINE#         485
  C:16A1H         LINE#         486
  C:16A8H         LINE#         487
  C:16B8H         LINE#         488
  C:16BCH         LINE#         489
  C:16BCH         LINE#         490
  C:16BDH         LINE#         491
  C:16BDH         LINE#         492
  C:16D4H         LINE#         493
  C:16E3H         LINE#         494
  C:16F3H         LINE#         495
  C:16F3H         LINE#         496
  C:16F7H         LINE#         497
  C:16F7H         LINE#         500
  C:1707H         LINE#         501
  C:1707H         LINE#         502
  C:1720H         LINE#         503
  C:172EH         LINE#         504
  C:1736H         LINE#         505
  C:1746H         LINE#         506
  C:1746H         LINE#         507
  C:1746H         LINE#         508
  C:1746H         LINE#         509
  C:1746H         LINE#         510
  C:1749H         LINE#         511
  C:174CH         LINE#         513
  C:174CH         LINE#         514
  C:1755H         LINE#         515
  C:1755H         LINE#         516
  C:175CH         LINE#         517
  C:1771H         LINE#         520
  C:177FH         LINE#         521
  C:177FH         LINE#         522
BL51 BANKED LINKER/LOCATER V6.22                                                      04/08/2018  17:15:52  PAGE 23


  C:1798H         LINE#         523
  C:17A6H         LINE#         524
  C:17AEH         LINE#         525
  C:17BEH         LINE#         526
  C:17C2H         LINE#         527
  C:17C2H         LINE#         528
  C:17C3H         LINE#         529
  C:17C3H         LINE#         530
  C:17CBH         LINE#         531
  C:17DEH         LINE#         532
  C:17DEH         LINE#         533
  C:17E8H         LINE#         534
  C:17E8H         LINE#         535
  C:17EBH         LINE#         537
  C:17EBH         LINE#         538
  C:17EBH         LINE#         539
  C:17F2H         LINE#         540
  C:180AH         LINE#         541
  C:180CH         LINE#         542
  C:180CH         LINE#         543
  C:180FH         LINE#         544
  C:180FH         LINE#         545
  C:1813H         LINE#         546
  C:1813H         LINE#         547
  C:1815H         LINE#         548
  C:1815H         LINE#         549
  C:1819H         LINE#         550
  C:1819H         LINE#         551
  C:181BH         LINE#         552
  C:181BH         LINE#         553
  C:181DH         LINE#         554
  -------         ENDPROC       _HOSTCTRLTRANSFER
  -------         PROC          _COPYSETUPREQPKG
  D:0006H         SYMBOL        pReqPkt
  -------         DO            
  D:0005H         SYMBOL        i
  -------         ENDDO         
  C:2FF7H         LINE#         562
  C:2FF7H         LINE#         563
  C:2FF7H         LINE#         565
  C:2FF9H         LINE#         566
  C:2FF9H         LINE#         567
  C:300CH         LINE#         568
  C:3011H         LINE#         569
  C:3016H         LINE#         570
  -------         ENDPROC       _COPYSETUPREQPKG
  -------         PROC          CTRLGETDEVICEDESCR
  -------         DO            
  D:0007H         SYMBOL        s
  X:05AAH         SYMBOL        len
  -------         ENDDO         
  C:2C7EH         LINE#         580
  C:2C7EH         LINE#         581
  C:2C7EH         LINE#         584
  C:2C84H         LINE#         585
  C:2C8BH         LINE#         586
  C:2C98H         LINE#         587
BL51 BANKED LINKER/LOCATER V6.22                                                      04/08/2018  17:15:52  PAGE 24


  C:2C9BH         LINE#         588
  C:2C9BH         LINE#         589
  C:2C9CH         LINE#         590
  C:2C9CH         LINE#         591
  C:2CA4H         LINE#         592
  C:2CB2H         LINE#         593
  C:2CB2H         LINE#         594
  C:2CB5H         LINE#         595
  C:2CB5H         LINE#         596
  C:2CB7H         LINE#         597
  -------         ENDPROC       CTRLGETDEVICEDESCR
  -------         PROC          CTRLGETCONFIGDESCR
  -------         DO            
  D:0007H         SYMBOL        s
  X:05AAH         SYMBOL        len
  -------         ENDDO         
  C:230AH         LINE#         607
  C:230AH         LINE#         608
  C:230AH         LINE#         611
  C:2311H         LINE#         612
  C:231EH         LINE#         613
  C:2321H         LINE#         614
  C:2321H         LINE#         615
  C:2322H         LINE#         616
  C:2322H         LINE#         617
  C:2336H         LINE#         618
  C:2336H         LINE#         619
  C:2339H         LINE#         620
  C:2339H         LINE#         621
  C:2346H         LINE#         622
  C:2352H         LINE#         623
  C:2352H         LINE#         624
  C:2355H         LINE#         625
  C:2355H         LINE#         626
  C:235CH         LINE#         627
  C:2365H         LINE#         628
  C:2372H         LINE#         629
  C:2375H         LINE#         630
  C:2375H         LINE#         631
  C:2376H         LINE#         632
  C:2376H         LINE#         633
  C:2397H         LINE#         634
  C:2397H         LINE#         635
  C:239AH         LINE#         636
  C:239AH         LINE#         637
  C:239CH         LINE#         638
  -------         ENDPROC       CTRLGETCONFIGDESCR
  -------         PROC          _CTRLSETUSBADDRESS
  X:05AAH         SYMBOL        addr
  -------         DO            
  D:0007H         SYMBOL        s
  -------         ENDDO         
  C:2E4BH         LINE#         647
  C:2E50H         LINE#         648
  C:2E50H         LINE#         650
  C:2E57H         LINE#         651
  C:2E5EH         LINE#         652
BL51 BANKED LINKER/LOCATER V6.22                                                      04/08/2018  17:15:52  PAGE 25


  C:2E61H         LINE#         653
  C:2E64H         LINE#         654
  C:2E64H         LINE#         655
  C:2E65H         LINE#         656
  C:2E65H         LINE#         657
  C:2E6DH         LINE#         658
  C:2E74H         LINE#         659
  C:2E76H         LINE#         660
  -------         ENDPROC       _CTRLSETUSBADDRESS
  -------         PROC          _CTRLSETUSBCONFIG
  D:0003H         SYMBOL        cfg
  C:3184H         LINE#         669
  C:3187H         LINE#         670
  C:3187H         LINE#         671
  C:318EH         LINE#         672
  C:3191H         LINE#         673
  C:3194H         LINE#         674
  -------         ENDPROC       _CTRLSETUSBCONFIG
  -------         PROC          _KM_HOSTSETREPORT
  X:05B4H         SYMBOL        cfg
  C:304DH         LINE#         683
  C:3052H         LINE#         684
  C:3052H         LINE#         685
  C:3059H         LINE#         686
  -------         ENDPROC       _KM_HOSTSETREPORT
  -------         PROC          _CTRLSETUSBPROTOCOL
  D:0003H         SYMBOL        IfNum
  C:3195H         LINE#         697
  C:3198H         LINE#         698
  C:3198H         LINE#         699
  C:319FH         LINE#         700
  C:31A2H         LINE#         701
  C:31A5H         LINE#         702
  -------         ENDPROC       _CTRLSETUSBPROTOCOL
  -------         PROC          _CTRLSETIDLE
  D:0002H         SYMBOL        index
  D:0003H         SYMBOL        time
  C:3066H         LINE#         712
  C:306CH         LINE#         713
  C:306CH         LINE#         714
  C:3073H         LINE#         715
  C:3078H         LINE#         716
  C:307BH         LINE#         717
  C:307EH         LINE#         718
  -------         ENDPROC       _CTRLSETIDLE
  -------         PROC          _CTRLGETHIDDEVICEREPORT
  D:0002H         SYMBOL        Len
  D:0001H         SYMBOL        IfNum
  C:2DC1H         LINE#         729
  C:2DCAH         LINE#         730
  C:2DCAH         LINE#         731
  C:2DD1H         LINE#         732
  C:2DD8H         LINE#         733
  C:2DDFH         LINE#         734
  C:2DE4H         LINE#         735
  C:2DF1H         LINE#         736
  -------         ENDPROC       _CTRLGETHIDDEVICEREPORT
BL51 BANKED LINKER/LOCATER V6.22                                                      04/08/2018  17:15:52  PAGE 26


  -------         PROC          _KM_HOSTANALYSEMOUSEHID
  X:05AAH         SYMBOL        index
  X:05ABH         SYMBOL        num
  -------         DO            
  X:05ACH         SYMBOL        i
  X:05AEH         SYMBOL        j
  X:05B0H         SYMBOL        s
  X:05B1H         SYMBOL        size
  X:05B2H         SYMBOL        count
  X:05B3H         SYMBOL        locat
  X:05B4H         SYMBOL        dis_flag
  -------         ENDDO         
  C:06EFH         LINE#         738
  C:06F7H         LINE#         739
  C:06F7H         LINE#         742
  C:071DH         LINE#         744
  C:0743H         LINE#         745
  C:0748H         LINE#         746
  C:074AH         LINE#         747
  C:0752H         LINE#         748
  C:078BH         LINE#         749
  C:07A2H         LINE#         750
  C:07BAH         LINE#         751
  C:07BAH         LINE#         752
  C:07DBH         LINE#         753
  C:07DBH         LINE#         754
  C:07E9H         LINE#         755
  C:07F2H         LINE#         756
  C:07FAH         LINE#         757
  C:0802H         LINE#         758
  C:0803H         LINE#         759
  C:0817H         LINE#         760
  C:0862H         LINE#         761
  C:0862H         LINE#         762
  C:0875H         LINE#         763
  C:0876H         LINE#         764
  C:0878H         LINE#         765
  C:0878H         LINE#         766
  C:087DH         LINE#         767
  C:0881H         LINE#         768
  C:088FH         LINE#         769
  C:0892H         LINE#         770
  C:0892H         LINE#         771
  C:08A0H         LINE#         772
  C:08A3H         LINE#         773
  C:08A3H         LINE#         774
  C:08A3H         LINE#         775
  C:08A3H         LINE#         776
  C:08CAH         LINE#         777
  C:08CAH         LINE#         778
  C:08D8H         LINE#         779
  C:08EDH         LINE#         780
  C:08F0H         LINE#         781
  C:08F0H         LINE#         782
  C:08FEH         LINE#         783
  C:0913H         LINE#         784
  C:0916H         LINE#         785
BL51 BANKED LINKER/LOCATER V6.22                                                      04/08/2018  17:15:52  PAGE 27


  C:0916H         LINE#         786
  C:0924H         LINE#         787
  C:094BH         LINE#         788
  C:0957H         LINE#         789
  C:096DH         LINE#         790
  C:096DH         LINE#         791
  C:0970H         LINE#         792
  C:0970H         LINE#         793
  C:097EH         LINE#         794
  C:0985H         LINE#         795
  C:0988H         LINE#         796
  C:0988H         LINE#         797
  C:0996H         LINE#         798
  C:0999H         LINE#         799
  C:0999H         LINE#         800
  C:0999H         LINE#         801
  C:0999H         LINE#         802
  C:09B1H         LINE#         803
  C:09B1H         LINE#         804
  C:09BFH         LINE#         805
  C:09E1H         LINE#         806
  C:09EDH         LINE#         807
  C:0A07H         LINE#         808
  C:0A0EH         LINE#         809
  C:0A11H         LINE#         810
  C:0A22H         LINE#         811
  C:0A2EH         LINE#         812
  C:0A48H         LINE#         813
  C:0A4FH         LINE#         814
  C:0A51H         LINE#         815
  C:0A72H         LINE#         816
  C:0A7EH         LINE#         817
  C:0A98H         LINE#         818
  C:0A98H         LINE#         819
  C:0A9AH         LINE#         820
  C:0A9AH         LINE#         821
  C:0AA8H         LINE#         822
  C:0AAAH         LINE#         823
  C:0AAAH         LINE#         824
  C:0AAAH         LINE#         825
  C:0AAAH         LINE#         826
  C:0AB8H         LINE#         827
  C:0AB8H         LINE#         828
  C:0AB8H         LINE#         829
  C:0ACCH         LINE#         831
  C:0B3FH         LINE#         832
  C:0B3FH         LINE#         833
  C:0B3FH         LINE#         835
  C:0B7EH         LINE#         836
  C:0B8BH         LINE#         837
  C:0BB1H         LINE#         838
  C:0BB1H         LINE#         842
  C:0BB3H         LINE#         843
  C:0BB3H         LINE#         844
  C:0BDAH         LINE#         845
  C:0BE4H         LINE#         849
  C:0BE4H         LINE#         851
BL51 BANKED LINKER/LOCATER V6.22                                                      04/08/2018  17:15:52  PAGE 28


  C:0BE7H         LINE#         852
  C:0BE7H         LINE#         853
  C:0C01H         LINE#         855
  C:0C0EH         LINE#         859
  C:0C10H         LINE#         860
  C:0C1FH         LINE#         864
  C:0C45H         LINE#         866
  C:0C48H         LINE#         867
  C:0C48H         LINE#         868
  C:0C48H         LINE#         869
  C:0C4AH         LINE#         870
  -------         ENDPROC       _KM_HOSTANALYSEMOUSEHID
  -------         PROC          _INITROOTDEVICE
  X:05A4H         SYMBOL        RootHubIndex
  -------         DO            
  X:05A5H         SYMBOL        ep
  X:05A6H         SYMBOL        i
  X:05A7H         SYMBOL        s
  X:05A8H         SYMBOL        cfg
  X:05A9H         SYMBOL        dv_cls
  D:0007H         SYMBOL        if_cls
  D:0006H         SYMBOL        adr
  -------         ENDDO         
  C:0C4BH         LINE#         879
  C:0C50H         LINE#         880
  C:0C50H         LINE#         886
  C:0C53H         LINE#         887
  C:0C5AH         LINE#         888
  C:0C5AH         LINE#         889
  C:0C61H         LINE#         890
  C:0C6CH         LINE#         891
  C:0C6CH         LINE#         892
  C:0C70H         LINE#         893
  C:0C74H         LINE#         894
  C:0C7AH         LINE#         895
  C:0C7AH         LINE#         896
  C:0C7AH         LINE#         897
  C:0C7AH         LINE#         898
  C:0C7AH         LINE#         899
  C:0C86H         LINE#         900
  C:0C8CH         LINE#         901
  C:0C8CH         LINE#         902
  C:0C94H         LINE#         906
  C:0C97H         LINE#         907
  C:0C97H         LINE#         908
  C:0C9FH         LINE#         912
  C:0CA7H         LINE#         913
  C:0CACH         LINE#         919
  C:0CB4H         LINE#         920
  C:0CC8H         LINE#         921
  C:0CCDH         LINE#         922
  C:0CE9H         LINE#         926
  C:0CF1H         LINE#         927
  C:0CF6H         LINE#         928
  C:0D0FH         LINE#         929
  C:0D26H         LINE#         930
  C:0D2EH         LINE#         939
BL51 BANKED LINKER/LOCATER V6.22                                                      04/08/2018  17:15:52  PAGE 29


  C:0D33H         LINE#         940
  C:0D50H         LINE#         941
  C:0D50H         LINE#         942
  C:0D55H         LINE#         943
  C:0D78H         LINE#         944
  C:0D88H         LINE#         945
  C:0D9AH         LINE#         946
  C:0D9AH         LINE#         947
  C:0DACH         LINE#         948
  C:0DBBH         LINE#         949
  C:0DCDH         LINE#         950
  C:0DCDH         LINE#         951
  C:0DE3H         LINE#         952
  C:0DF5H         LINE#         953
  C:0E27H         LINE#         954
  C:0E59H         LINE#         955
  C:0E9AH         LINE#         956
  C:0E9AH         LINE#         957
  C:0EAFH         LINE#         958
  C:0EB9H         LINE#         959
  C:0ECBH         LINE#         960
  C:0EDDH         LINE#         961
  C:0EDDH         LINE#         962
  C:0EDFH         LINE#         963
  C:0EDFH         LINE#         964
  C:0EF1H         LINE#         965
  C:0F19H         LINE#         966
  C:0F2BH         LINE#         967
  C:0F2DH         LINE#         968
  C:0F2DH         LINE#         969
  C:0F2DH         LINE#         970
  C:0F2DH         LINE#         975
  C:0F36H         LINE#         976
  C:0F43H         LINE#         977
  C:0F48H         LINE#         978
  C:0F48H         LINE#         979
  C:0F69H         LINE#         980
  C:0F83H         LINE#         981
  C:0F8BH         LINE#         991
  C:0F8DH         LINE#         992
  C:0F9FH         LINE#         993
  C:0FA1H         LINE#         994
  C:0FA4H         LINE#         995
  C:0FACH         LINE#         996
  C:0FBAH         LINE#         997
  C:0FC2H         LINE#         998
  C:0FC2H         LINE#         999
  C:0FC5H         LINE#         1000
  C:0FC5H         LINE#         1001
  C:0FC5H         LINE#         1002
  C:0FC5H         LINE#         1003
  C:0FC5H         LINE#         1004
  C:0FC5H         LINE#         1005
  C:0FCAH         LINE#         1006
  C:0FCCH         LINE#         1007
  -------         ENDPROC       _INITROOTDEVICE
  -------         PROC          ENUMALLROOTDEVICE
BL51 BANKED LINKER/LOCATER V6.22                                                      04/08/2018  17:15:52  PAGE 30


  -------         DO            
  D:0007H         SYMBOL        s
  X:05A3H         SYMBOL        RootHubIndex
  -------         ENDDO         
  C:297AH         LINE#         1015
  C:297AH         LINE#         1016
  C:297AH         LINE#         1021
  C:2988H         LINE#         1022
  C:2988H         LINE#         1023
  C:299BH         LINE#         1024
  C:299BH         LINE#         1025
  C:299EH         LINE#         1026
  C:29A4H         LINE#         1027
  C:29A4H         LINE#         1028
  C:29B4H         LINE#         1029
  C:29B6H         LINE#         1030
  C:29B6H         LINE#         1031
  C:29C7H         LINE#         1032
  C:29C7H         LINE#         1033
  C:29CFH         LINE#         1034
  C:29D1H         LINE#         1035
  -------         ENDPROC       ENUMALLROOTDEVICE
  -------         PROC          INITUSB_HOST
  -------         DO            
  D:0006H         SYMBOL        i
  -------         ENDDO         
  C:2B84H         LINE#         1044
  C:2B84H         LINE#         1045
  C:2B84H         LINE#         1047
  C:2B86H         LINE#         1048
  C:2B89H         LINE#         1049
  C:2B8CH         LINE#         1050
  C:2B92H         LINE#         1051
  C:2B9CH         LINE#         1052
  C:2BA6H         LINE#         1053
  C:2BA9H         LINE#         1054
  C:2BABH         LINE#         1055
  C:2BAEH         LINE#         1057
  C:2BB1H         LINE#         1058
  C:2BB4H         LINE#         1059
  C:2BB5H         LINE#         1060
  C:2BB5H         LINE#         1061
  C:2BBBH         LINE#         1062
  C:2BC0H         LINE#         1063
  C:2BC3H         LINE#         1065
  -------         ENDPROC       INITUSB_HOST
  -------         PROC          KM_PROCESSSYSTEM
  -------         DO            
  X:05A2H         SYMBOL        s
  -------         ENDDO         
  C:2E77H         LINE#         1075
  C:2E77H         LINE#         1076
  C:2E77H         LINE#         1080
  C:2E79H         LINE#         1081
  C:2E81H         LINE#         1082
  C:2E84H         LINE#         1083
  C:2E84H         LINE#         1084
BL51 BANKED LINKER/LOCATER V6.22                                                      04/08/2018  17:15:52  PAGE 31


  C:2E86H         LINE#         1085
  C:2E86H         LINE#         1087
  C:2E90H         LINE#         1088
  C:2E90H         LINE#         1089
  C:2E92H         LINE#         1090
  C:2E99H         LINE#         1091
  C:2EA1H         LINE#         1092
  C:2EA1H         LINE#         1093
  -------         ENDPROC       KM_PROCESSSYSTEM
  -------         PROC          KM_LIBINIT
  C:30C6H         LINE#         1102
  C:30C6H         LINE#         1103
  C:30C6H         LINE#         1104
  C:30C9H         LINE#         1105
  C:30CEH         LINE#         1106
  C:30D0H         LINE#         1107
  -------         ENDPROC       KM_LIBINIT
  -------         PROC          _KM_HOSTGETDATA
  X:05A2H         SYMBOL        RootHubIndex
  X:05A3H         SYMBOL        buf
  X:05A6H         SYMBOL        len
  X:05A9H         SYMBOL        SourceDatBuf
  X:05ACH         SYMBOL        SourceLen
  -------         DO            
  X:05AFH         SYMBOL        i
  X:05B0H         SYMBOL        s
  X:05B1H         SYMBOL        num
  X:05B2H         SYMBOL        c
  X:05B3H         SYMBOL        j
  -------         ENDDO         
  C:0003H         LINE#         1111
  C:0013H         LINE#         1112
  C:0013H         LINE#         1114
  C:0022H         LINE#         1128
  C:0038H         LINE#         1129
  C:0040H         LINE#         1130
  C:0056H         LINE#         1131
  C:0068H         LINE#         1132
  C:0088H         LINE#         1133
  C:00D7H         LINE#         1134
  C:00DCH         LINE#         1140
  C:00E2H         LINE#         1141
  C:0106H         LINE#         1142
  C:0116H         LINE#         1144
  C:011DH         LINE#         1145
  C:0125H         LINE#         1146
  C:0128H         LINE#         1147
  C:0128H         LINE#         1148
  C:012FH         LINE#         1149
  C:0137H         LINE#         1150
  C:013AH         LINE#         1151
  C:013AH         LINE#         1152
  C:0141H         LINE#         1153
  C:0149H         LINE#         1154
  C:014CH         LINE#         1155
  C:014CH         LINE#         1156
  C:015AH         LINE#         1157
BL51 BANKED LINKER/LOCATER V6.22                                                      04/08/2018  17:15:52  PAGE 32


  C:0165H         LINE#         1158
  C:0168H         LINE#         1159
  C:0170H         LINE#         1160
  C:0170H         LINE#         1161
  C:0182H         LINE#         1162
  C:01C1H         LINE#         1163
  C:01D5H         LINE#         1164
  C:021AH         LINE#         1165
  C:021DH         LINE#         1166
  C:021DH         LINE#         1167
  C:021DH         LINE#         1168
  C:024AH         LINE#         1174
  C:0289H         LINE#         1175
  C:028EH         LINE#         1176
  C:02B2H         LINE#         1177
  C:02C2H         LINE#         1178
  C:0307H         LINE#         1186
  C:0325H         LINE#         1187
  C:0328H         LINE#         1188
  C:0345H         LINE#         1189
  C:0355H         LINE#         1190
  C:0355H         LINE#         1191
  C:0396H         LINE#         1192
  C:03ACH         LINE#         1196
  C:03E3H         LINE#         1197
  C:0411H         LINE#         1198
  C:0436H         LINE#         1199
  C:0439H         LINE#         1200
  C:0450H         LINE#         1203
  C:0484H         LINE#         1204
  C:049DH         LINE#         1205
  C:049FH         LINE#         1206
[...]
  C:2852H         LINE#         263
  C:2855H         LINE#         264
  C:2855H         LINE#         265
  C:2855H         LINE#         266
  C:2855H         LINE#         267
  C:2855H         LINE#         269
  C:2856H         LINE#         270
  C:2859H         LINE#         271
  C:2860H         LINE#         272
  C:2862H         LINE#         273
  C:2867H         LINE#         274
  C:286AH         LINE#         275
  C:286DH         LINE#         276
  C:286DH         LINE#         277
  C:2870H         LINE#         279
  C:2870H         LINE#         280
  C:2881H         LINE#         281
  C:2886H         LINE#         282
  C:2893H         LINE#         284
  C:2896H         LINE#         285
  C:289CH         LINE#         286
  C:289EH         LINE#         287
  C:289EH         LINE#         288
  C:28A0H         LINE#         289
  C:28A0H         LINE#         290
  -------         ENDPROC       _I2C_PUTS
  -------         PROC          _I2C_GETS
  D:0007H         SYMBOL        SlaveAddr
  D:0004H         SYMBOL        SubAddr
  D:0003H         SYMBOL        SubMod
  D:0018H         SYMBOL        dat
  D:001BH         SYMBOL        Size
  -------         DO            
  D:0002H         SYMBOL        i
  D:001DH         SYMBOL        a
  -------         ENDDO         
  C:25BBH         LINE#         308
  C:25BBH         LINE#         313
  C:25C3H         LINE#         315
  C:25C8H         LINE#         317
  C:25D0H         LINE#         319
  C:25D3H         LINE#         321
  C:25D6H         LINE#         322
  C:25D9H         LINE#         323
  C:25DBH         LINE#         324
BL51 BANKED LINKER/LOCATER V6.22                                                      04/08/2018  17:15:52  PAGE 51


  C:25DEH         LINE#         325
  C:25E1H         LINE#         326
  C:25E1H         LINE#         328
  C:25E2H         LINE#         329
  C:25E5H         LINE#         330
  C:25ECH         LINE#         331
  C:25EEH         LINE#         332
  C:25F3H         LINE#         333
  C:25F3H         LINE#         334
  C:25F5H         LINE#         335
  C:25F5H         LINE#         336
  C:25F8H         LINE#         337
  C:25F8H         LINE#         340
  C:25FBH         LINE#         342
  C:25FEH         LINE#         343
  C:2603H         LINE#         344
  C:2606H         LINE#         345
  C:2609H         LINE#         346
  C:2609H         LINE#         348
  C:2609H         LINE#         349
  C:261EH         LINE#         350
  C:262BH         LINE#         351
  C:2630H         LINE#         352
  C:2632H         LINE#         353
  C:2632H         LINE#         354
  C:2637H         LINE#         355
  C:2639H         LINE#         357
  C:263CH         LINE#         358
  C:263EH         LINE#         359
  -------         ENDPROC       _I2C_GETS
  -------         ENDMOD        I2C

  -------         MODULE        SSD1306
  C:0000H         SYMBOL        _ICE_DUMMY_
  C:31C7H         PUBLIC        SSD1306_Clear
  C:3200H         SYMBOL        delay
  C:3033H         SYMBOL        _SSD1306_SendData
  C:32B5H         PUBLIC        _SSD1306_DrawString
  C:19E7H         PUBLIC        _SSD1306_DrawChar
  C:2D26H         PUBLIC        _SSD1306_DrawPixel
  C:26C1H         PUBLIC        SSD1306_Init
  C:1B68H         PUBLIC        _SSD1306_FillRect
  C:1F71H         PUBLIC        _SSD1306_DrawLine
  X:0140H         SYMBOL        VRAM
  C:2D8FH         SYMBOL        _SSD1306_SendCommand
  C:2AFFH         PUBLIC        SSD1306_Refresh
  B:0024H.1       PUBLIC        isPageAddressingMode
  X:0540H         SYMBOL        tmpBuf
  C:203EH         PUBLIC        _SSD1306_DrawCircle
  C:1EA1H         SYMBOL        Com0087
  C:1EA1H         SYMBOL        L?0136
  C:1EA1H         SYMBOL        L?0137
  C:1EA8H         SYMBOL        L?0138
  C:1EAFH         SYMBOL        L?0139
  C:1EB3H         SYMBOL        L?0140
  C:1EBDH         SYMBOL        L?0141
  C:1EBDH         SYMBOL        L?0142
BL51 BANKED LINKER/LOCATER V6.22                                                      04/08/2018  17:15:52  PAGE 52


  C:1EBFH         SYMBOL        L?0143
  C:1ECDH         SYMBOL        L?0144
  C:1ECDH         SYMBOL        L?0145
  C:1EDAH         SYMBOL        L?0148
  C:1EE3H         SYMBOL        L?0149
  C:1EF0H         SYMBOL        L?0150
  C:1EF2H         SYMBOL        L?0151
  C:1EF3H         SYMBOL        L?0152
  C:1EFEH         SYMBOL        L?0153
  C:1F1BH         SYMBOL        L?0155
  C:1F2DH         SYMBOL        L?0157
  C:1F3EH         SYMBOL        L?0158
  C:1F4BH         SYMBOL        L?0159
  C:1F4BH         SYMBOL        L?0160
  C:1F53H         SYMBOL        L?0161
  C:1F53H         SYMBOL        L?0162
  C:1F5BH         SYMBOL        L?0163
  C:1F67H         SYMBOL        L?0165
  -------         PROC          COM0087
  -------         ENDPROC       COM0087
  -------         PROC          DELAY
  -------         DO            
  D:0007H         SYMBOL        x
  D:0006H         SYMBOL        y
  -------         ENDDO         
  C:3200H         LINE#         57
  C:3200H         LINE#         59
  C:3202H         LINE#         60
  C:3204H         LINE#         61
  C:3205H         LINE#         62
  C:3209H         LINE#         63
  C:320DH         LINE#         64
  -------         ENDPROC       DELAY
  -------         PROC          _SSD1306_SENDCOMMAND
  D:0077H         SYMBOL        value
  -------         DO            
  D:0078H         SYMBOL        dat
  -------         ENDDO         
  C:2D8FH         LINE#         66
  C:2D91H         LINE#         68
  C:2D94H         LINE#         69
  C:2D97H         LINE#         70
  C:2DACH         LINE#         71
  C:2DAFH         LINE#         72
  C:2DBEH         LINE#         73
  -------         ENDPROC       _SSD1306_SENDCOMMAND
  -------         PROC          _SSD1306_SENDDATA
  D:0079H         SYMBOL        value
  -------         DO            
  D:007AH         SYMBOL        dat
  -------         ENDDO         
  C:3033H         LINE#         76
  C:3035H         LINE#         78
  C:3038H         LINE#         79
  C:303BH         LINE#         80
  C:3041H         LINE#         81
  C:3044H         LINE#         82
BL51 BANKED LINKER/LOCATER V6.22                                                      04/08/2018  17:15:52  PAGE 53


  C:304AH         LINE#         83
  -------         ENDPROC       _SSD1306_SENDDATA
  -------         PROC          SSD1306_INIT
  C:26C1H         LINE#         86
  C:26C1H         LINE#         88
  C:26C4H         LINE#         89
  C:26C9H         LINE#         90
  C:26CEH         LINE#         91
  C:26D3H         LINE#         92
  C:26D8H         LINE#         93
  C:26DDH         LINE#         94
  C:26E2H         LINE#         95
  C:26E7H         LINE#         96
  C:26ECH         LINE#         97
  C:26F1H         LINE#         99
  C:26F6H         LINE#         100
  C:26FBH         LINE#         101
  C:2700H         LINE#         102
  C:2705H         LINE#         103
  C:270AH         LINE#         105
  C:270FH         LINE#         106
  C:2714H         LINE#         108
  C:2719H         LINE#         109
  C:271EH         LINE#         110
  C:2723H         LINE#         111
  C:2728H         LINE#         112
  C:272DH         LINE#         113
  C:2732H         LINE#         114
  C:2737H         LINE#         115
  C:273CH         LINE#         116
  -------         ENDPROC       SSD1306_INIT
  -------         PROC          SSD1306_REFRESH
  -------         DO            
  D:0074H         SYMBOL        x
  D:0075H         SYMBOL        y
  -------         ENDDO         
  C:2AFFH         LINE#         119
  C:2AFFH         LINE#         120
  C:2B02H         LINE#         121
  C:2B06H         LINE#         122
  C:2B0AH         LINE#         123
  C:2B0DH         LINE#         124
  C:2B27H         LINE#         125
  C:2B30H         LINE#         126
  C:2B41H         LINE#         127
  -------         ENDPROC       SSD1306_REFRESH
  -------         PROC          SSD1306_CLEAR
  C:31C7H         LINE#         129
  C:31C7H         LINE#         130
  -------         ENDPROC       SSD1306_CLEAR
  -------         PROC          _SSD1306_DRAWCHAR
  D:004BH         SYMBOL        fontSize
  D:004CH         SYMBOL        chr
  D:004EH         SYMBOL        x
  D:004FH         SYMBOL        y
  B:0023H.3       SYMBOL        c
  -------         DO            
BL51 BANKED LINKER/LOCATER V6.22                                                      04/08/2018  17:15:52  PAGE 54


  D:0050H         SYMBOL        i
  D:0051H         SYMBOL        page
  -------         DO            
  D:0052H         SYMBOL        vramOffset
  D:0054H         SYMBOL        offsetInPage
  -------         ENDDO         
  -------         ENDDO         
  C:19E7H         LINE#         138
  C:19EFH         LINE#         140
  C:19FAH         LINE#         141
  C:1A0CH         LINE#         142
  C:1A18H         LINE#         143
  C:1A26H         LINE#         144
  C:1A32H         LINE#         146
  C:1A3FH         LINE#         148
  C:1A59H         LINE#         150
  C:1A67H         LINE#         152
  C:1A88H         LINE#         154
  C:1A8EH         LINE#         155
  C:1A93H         LINE#         157
  C:1A96H         LINE#         158
  C:1AB3H         LINE#         160
  C:1AD4H         LINE#         161
  C:1AD4H         LINE#         163
  C:1AD4H         LINE#         165
  C:1ADCH         LINE#         166
  C:1AE1H         LINE#         167
  C:1AE4H         LINE#         168
  C:1AFDH         LINE#         170
  C:1B1AH         LINE#         171
  C:1B1AH         LINE#         172
  C:1B1AH         LINE#         174
  C:1B1FH         LINE#         175
  C:1B24H         LINE#         176
  C:1B27H         LINE#         177
  C:1B42H         LINE#         179
  C:1B62H         LINE#         180
  C:1B62H         LINE#         181
  C:1B62H         LINE#         182
  C:1B67H         LINE#         183
  -------         ENDPROC       _SSD1306_DRAWCHAR
  -------         PROC          _SSD1306_DRAWSTRING
  D:0067H         SYMBOL        fontSize
  D:0068H         SYMBOL        str
  D:006BH         SYMBOL        x
  D:006DH         SYMBOL        y
  B:0023H.4       SYMBOL        c
  C:32B5H         LINE#         185
  C:32BDH         LINE#         187
  -------         ENDPROC       _SSD1306_DRAWSTRING
  -------         PROC          _SSD1306_DRAWPIXEL
  D:0004H         SYMBOL        x
  D:0005H         SYMBOL        y
  B:0023H.5       SYMBOL        c
  C:2D26H         LINE#         192
  C:2D28H         LINE#         193
  C:2D2EH         LINE#         194
BL51 BANKED LINKER/LOCATER V6.22                                                      04/08/2018  17:15:52  PAGE 55


  C:2D34H         LINE#         195
  C:2D37H         LINE#         196
  C:2D49H         LINE#         198
  C:2D5BH         LINE#         199
  -------         ENDPROC       _SSD1306_DRAWPIXEL
  C:2032H         SYMBOL        L?0164
  -------         PROC          _SSD1306_DRAWLINE
  D:0007H         SYMBOL        x0
  D:0005H         SYMBOL        y0
  D:0057H         SYMBOL        x1
  D:0058H         SYMBOL        y1
  B:0023H.6       SYMBOL        c
  -------         DO            
  D:0059H         SYMBOL        dx
  D:005AH         SYMBOL        dy
  D:005BH         SYMBOL        ux
  D:005CH         SYMBOL        uy
  D:0003H         SYMBOL        x
  D:0001H         SYMBOL        y
  D:005DH         SYMBOL        eps
  -------         ENDDO         
  C:1F71H         LINE#         207
  C:1F73H         LINE#         208
  C:1F79H         LINE#         209
  C:1F7FH         LINE#         210
  C:1F94H         LINE#         211
  C:1FA9H         LINE#         212
  C:1FB0H         LINE#         214
  C:1FC4H         LINE#         215
  C:1FD8H         LINE#         216
  C:1FE5H         LINE#         217
  C:1FEAH         LINE#         218
  C:1FEDH         LINE#         219
  C:1FF3H         LINE#         220
  C:1FFAH         LINE#         221
  C:1FFEH         LINE#         222
  C:2005H         LINE#         223
  C:2005H         LINE#         224
  C:200BH         LINE#         225
  C:200BH         LINE#         226
  C:2010H         LINE#         227
  C:2013H         LINE#         228
  C:2019H         LINE#         229
  C:2020H         LINE#         230
  C:2024H         LINE#         231
  C:202BH         LINE#         232
  C:202BH         LINE#         233
  C:2031H         LINE#         234
  C:2031H         LINE#         235
  -------         ENDPROC       _SSD1306_DRAWLINE
  -------         PROC          _SSD1306_FILLRECT
  D:005EH         SYMBOL        x
  D:0001H         SYMBOL        y
  D:0060H         SYMBOL        w
  D:0061H         SYMBOL        h
  B:0023H.7       SYMBOL        c
  -------         DO            
BL51 BANKED LINKER/LOCATER V6.22                                                      04/08/2018  17:15:52  PAGE 56


  D:0005H         SYMBOL        i
  D:0004H         SYMBOL        j
  -------         DO            
  D:0062H         SYMBOL        page0
  D:0063H         SYMBOL        page1
  D:0064H         SYMBOL        _y0
  D:0065H         SYMBOL        _y1
  -------         DO            
  D:0066H         SYMBOL        mask
  -------         ENDDO         
  -------         ENDDO         
  -------         ENDDO         
  C:1B68H         LINE#         240
  C:1B6EH         LINE#         242
  C:1B78H         LINE#         243
  C:1B91H         LINE#         244
  C:1B9AH         LINE#         245
  C:1BB1H         LINE#         247
  C:1BC1H         LINE#         248
  C:1BC9H         LINE#         249
  C:1BDDH         LINE#         250
  C:1BE2H         LINE#         251
  C:1BEAH         LINE#         252
  C:1BF0H         LINE#         253
  C:1BF2H         LINE#         254
  C:1BFAH         LINE#         255
  C:1C07H         LINE#         256
  C:1C0AH         LINE#         257
  C:1C12H         LINE#         258
  C:1C19H         LINE#         259
  C:1C1CH         LINE#         260
  C:1C26H         LINE#         261
  C:1C26H         LINE#         262
  C:1C29H         LINE#         263
  C:1C31H         LINE#         264
  C:1C36H         LINE#         265
  C:1C39H         LINE#         266
  C:1C4EH         LINE#         268
  C:1C5EH         LINE#         269
  C:1C65H         LINE#         270
  C:1C68H         LINE#         271
  C:1C78H         LINE#         273
  C:1C87H         LINE#         274
  C:1C89H         LINE#         275
  C:1C90H         LINE#         276
  C:1C98H         LINE#         278
  C:1C9DH         LINE#         279
  C:1C9DH         LINE#         280
  C:1CA1H         LINE#         281
  C:1CA1H         LINE#         282
  C:1CA5H         LINE#         283
  -------         ENDPROC       _SSD1306_FILLRECT
  C:20C6H         SYMBOL        L?0146
  C:20D3H         SYMBOL        L?0147
  C:20E1H         SYMBOL        L?0154
  C:20EFH         SYMBOL        L?0156
  -------         PROC          _SSD1306_DRAWCIRCLE
BL51 BANKED LINKER/LOCATER V6.22                                                      04/08/2018  17:15:52  PAGE 57


  D:006FH         SYMBOL        x1
  D:0001H         SYMBOL        y1
  D:0003H         SYMBOL        r
  B:0024H.0       SYMBOL        c
  -------         DO            
  D:0070H         SYMBOL        x
  D:0072H         SYMBOL        y
  D:0003H         SYMBOL        d
  -------         ENDDO         
  C:203EH         LINE#         288
  C:2042H         LINE#         289
  C:204DH         LINE#         290
  C:2052H         LINE#         291
  C:2063H         LINE#         292
  C:206AH         LINE#         293
  C:206EH         LINE#         294
  C:2074H         LINE#         295
  C:2079H         LINE#         296
  C:207FH         LINE#         297
  C:2087H         LINE#         298
  C:208EH         LINE#         299
  C:2095H         LINE#         300
  C:209DH         LINE#         301
  C:20A5H         LINE#         302
  C:20A7H         LINE#         303
  C:20B2H         LINE#         304
  C:20BAH         LINE#         305
  C:20BAH         LINE#         306
  C:20C2H         LINE#         307
  C:20C5H         LINE#         308
  -------         ENDPROC       _SSD1306_DRAWCIRCLE
  -------         ENDMOD        SSD1306

  -------         MODULE        ?C?COPY
  C:1402H         PUBLIC        ?C?COPY
  -------         ENDMOD        ?C?COPY

  -------         MODULE        ?C?CLDPTR
  C:1428H         PUBLIC        ?C?CLDPTR
  -------         ENDMOD        ?C?CLDPTR

  -------         MODULE        ?C?CLDOPTR
  C:1441H         PUBLIC        ?C?CLDOPTR
  -------         ENDMOD        ?C?CLDOPTR

  -------         MODULE        ?C?CILDPTR
  C:146EH         PUBLIC        ?C?CILDPTR
  -------         ENDMOD        ?C?CILDPTR

  -------         MODULE        ?C?CSTPTR
  C:1490H         PUBLIC        ?C?CSTPTR
  -------         ENDMOD        ?C?CSTPTR

  -------         MODULE        ?C?CSTOPTR
  C:14A2H         PUBLIC        ?C?CSTOPTR
  -------         ENDMOD        ?C?CSTOPTR

BL51 BANKED LINKER/LOCATER V6.22                                                      04/08/2018  17:15:52  PAGE 58


  -------         MODULE        ?C?ULDIV
  C:1500H         PUBLIC        ?C?ULDIV
  -------         ENDMOD        ?C?ULDIV

  -------         MODULE        ?C?OFFXADD
  C:1592H         PUBLIC        ?C?OFFXADD
  -------         ENDMOD        ?C?OFFXADD

  -------         MODULE        PRINTF
  X:05A2H         PUBLIC        ?_PRINTF517?BYTE
  X:05A2H         PUBLIC        ?_PRINTF?BYTE
  X:05A2H         PUBLIC        ?_SPRINTF517?BYTE
  X:05A2H         PUBLIC        ?_SPRINTF?BYTE
  C:1038H         PUBLIC        _PRINTF
  C:1038H         PUBLIC        _PRINTF517
  C:1032H         PUBLIC        _SPRINTF
  C:1032H         PUBLIC        _SPRINTF517
  -------         ENDMOD        PRINTF

  -------         MODULE        ?C?MEMSET
  C:159EH         PUBLIC        ?C?MEMSET
  -------         ENDMOD        ?C?MEMSET

  -------         MODULE        ?C?PLDIXDATA
  C:15CAH         PUBLIC        ?C?PLDIXDATA
  -------         ENDMOD        ?C?PLDIXDATA

  -------         MODULE        ?C?PSTXDATA
  C:15E1H         PUBLIC        ?C?PSTXDATA
  -------         ENDMOD        ?C?PSTXDATA

  -------         MODULE        ?C?CCASE
  C:15EAH         PUBLIC        ?C?CCASE
  -------         ENDMOD        ?C?CCASE

  -------         MODULE        PUTCHAR
  C:2F44H         PUBLIC        _PUTCHAR
  -------         ENDMOD        PUTCHAR

*** WARNING L16: UNCALLED SEGMENT, IGNORED FOR OVERLAY PROCESS
    SEGMENT: ?PR?EXPINTERFACE_ISRISINGEDGEOFOUT1?EXPINTERFACE

*** WARNING L16: UNCALLED SEGMENT, IGNORED FOR OVERLAY PROCESS
    SEGMENT: ?PR?CHECKI2CSLAVEVALIDITY?I2C

*** WARNING L16: UNCALLED SEGMENT, IGNORED FOR OVERLAY PROCESS
    SEGMENT: ?PR?_I2C_GETS?I2C

*** WARNING L16: UNCALLED SEGMENT, IGNORED FOR OVERLAY PROCESS
    SEGMENT: ?PR?SSD1306_INIT?SSD1306

*** WARNING L16: UNCALLED SEGMENT, IGNORED FOR OVERLAY PROCESS
    SEGMENT: ?PR?SSD1306_REFRESH?SSD1306

*** WARNING L16: UNCALLED SEGMENT, IGNORED FOR OVERLAY PROCESS
    SEGMENT: ?PR?SSD1306_CLEAR?SSD1306

BL51 BANKED LINKER/LOCATER V6.22                                                      04/08/2018  17:15:52  PAGE 59


*** WARNING L16: UNCALLED SEGMENT, IGNORED FOR OVERLAY PROCESS
    SEGMENT: ?PR?_SSD1306_DRAWCHAR?SSD1306

*** WARNING L16: UNCALLED SEGMENT, IGNORED FOR OVERLAY PROCESS
    SEGMENT: ?PR?_SSD1306_DRAWSTRING?SSD1306

*** WARNING L16: UNCALLED SEGMENT, IGNORED FOR OVERLAY PROCESS
    SEGMENT: ?PR?_SSD1306_DRAWLINE?SSD1306

*** WARNING L16: UNCALLED SEGMENT, IGNORED FOR OVERLAY PROCESS
    SEGMENT: ?PR?_SSD1306_FILLRECT?SSD1306

*** WARNING L16: UNCALLED SEGMENT, IGNORED FOR OVERLAY PROCESS
    SEGMENT: ?PR?_SSD1306_DRAWCIRCLE?SSD1306

Program Size: data=125.2 xdata=1600 code=13033
LINK/LOCATE RUN COMPLETE.  11 WARNING(S),  0 ERROR(S)
