BL51 BANKED LINKER/LOCATER V6.22                                                        03/27/2018  10:00:47  PAGE 1


BL51 BANKED LINKER/LOCATER V6.22, INVOKED BY:
C:\KEIL\C51\BIN\BL51.EXE CH559.obj, testMain.obj, STDIO.obj, TIMER0.obj, .\KM_CHANGE4V10_48M.LIB, KEYBOARD.obj, SYSTEM.o
>> bj, EXPINTERFACE.obj, GPIO.obj, I2C.obj, SSD1306.obj TO testCH559 RAMSIZE (256)


MEMORY MODEL: LARGE


INPUT MODULES INCLUDED:
  CH559.obj (CH559)
  testMain.obj (TESTMAIN)
  STDIO.obj (STDIO)
  TIMER0.obj (TIMER0)
  .\KM_CHANGE4V10_48M.LIB (USBH_HUB_KM)
  KEYBOARD.obj (KEYBOARD)
  SYSTEM.obj (SYSTEM)
  EXPINTERFACE.obj (EXPINTERFACE)
  GPIO.obj (GPIO)
  I2C.obj (I2C)
  SSD1306.obj (SSD1306)
  C:\KEIL\C51\LIB\C51L.LIB (?C_STARTUP)
  C:\KEIL\C51\LIB\C51L.LIB (?C?COPY)
  C:\KEIL\C51\LIB\C51L.LIB (?C?CLDPTR)
  C:\KEIL\C51\LIB\C51L.LIB (?C?CLDOPTR)
  C:\KEIL\C51\LIB\C51L.LIB (?C?CILDPTR)
  C:\KEIL\C51\LIB\C51L.LIB (?C?CSTPTR)
  C:\KEIL\C51\LIB\C51L.LIB (?C?CSTOPTR)
  C:\KEIL\C51\LIB\C51L.LIB (?C?ULDIV)
  C:\KEIL\C51\LIB\C51L.LIB (?C?OFFXADD)
  C:\KEIL\C51\LIB\C51L.LIB (PRINTF)
  C:\KEIL\C51\LIB\C51L.LIB (?C?MEMSET)
  C:\KEIL\C51\LIB\C51L.LIB (?C_INIT)
  C:\KEIL\C51\LIB\C51L.LIB (?C?PLDIXDATA)
  C:\KEIL\C51\LIB\C51L.LIB (?C?PSTXDATA)
  C:\KEIL\C51\LIB\C51L.LIB (?C?CCASE)
  C:\KEIL\C51\LIB\C51L.LIB (PUTCHAR)


LINK MAP OF MODULE:  testCH559 (CH559)


            TYPE    BASE      LENGTH    RELOCATION   SEGMENT NAME
            -----------------------------------------------------

            * * * * * * *   D A T A   M E M O R Y   * * * * * * *
            REG     0000H     0008H     ABSOLUTE     "REG BANK 0"
            DATA    0008H     000CH     UNIT         ?DT?_I2C_PUTS?I2C
            DATA    0014H     000CH     UNIT         ?DT?_I2C_GETS?I2C
            BIT     0020H.0   0001H.4   UNIT         ?BI?EXPINTERFACE
            BIT     0021H.4   0001H.1   UNIT         _BIT_GROUP_
            BIT     0022H.5   0000H.2   UNIT         ?BI?TESTMAIN
            BIT     0022H.7   0000H.2   UNIT         ?BI?USBH_HUB_KM
            BIT     0023H.1   0000H.1   UNIT         ?BI?I2C_PUTACK?I2C
            BIT     0023H.2   0000H.1   UNIT         ?BI?CHECKI2CSLAVEVALIDITY?I2C
            BIT     0023H.3   0000H.1   UNIT         ?BI?_SSD1306_DRAWCHAR?SSD1306
            BIT     0023H.4   0000H.1   UNIT         ?BI?_SSD1306_DRAWSTRING?SSD1306
            BIT     0023H.5   0000H.1   UNIT         ?BI?_SSD1306_DRAWPIXEL?SSD1306
            BIT     0023H.6   0000H.1   UNIT         ?BI?_SSD1306_DRAWLINE?SSD1306
BL51 BANKED LINKER/LOCATER V6.22                                                      03/27/2018  10:00:47  PAGE 2


            BIT     0023H.7   0000H.1   UNIT         ?BI?_SSD1306_FILLRECT?SSD1306
            BIT     0024H.0   0000H.1   UNIT         ?BI?_SSD1306_DRAWCIRCLE?SSD1306
            BIT     0024H.1   0000H.1   UNIT         ?BI?SSD1306
                    0024H.2   0000H.6                *** GAP ***
            DATA    0025H     001CH     UNIT         _DATA_GROUP_
            DATA    0041H     000AH     UNIT         ?DT?EXPINTERFACE
            DATA    004BH     000AH     UNIT         ?DT?_SSD1306_DRAWCHAR?SSD1306
            DATA    0055H     0009H     UNIT         ?DT?_SSD1306_DRAWLINE?SSD1306
            DATA    005EH     0009H     UNIT         ?DT?_SSD1306_FILLRECT?SSD1306
            DATA    0067H     0008H     UNIT         ?DT?_SSD1306_DRAWSTRING?SSD1306
            DATA    006FH     0005H     UNIT         ?DT?_SSD1306_DRAWCIRCLE?SSD1306
            DATA    0074H     0003H     UNIT         ?DT?SSD1306_REFRESH?SSD1306
            DATA    0077H     0002H     UNIT         ?DT?_SSD1306_SENDCOMMAND?SSD1306
            DATA    0079H     0002H     UNIT         ?DT?_SSD1306_SENDDATA?SSD1306
            DATA    007BH     0001H     UNIT         ?DT?TESTMAIN
            DATA    007CH     0001H     UNIT         ?DT?CHECKI2CSLAVEVALIDITY?I2C
            IDATA   007DH     0001H     UNIT         ?STACK

            * * * * * * *  X D A T A   M E M O R Y  * * * * * * *
            XDATA   0000H     0040H     ABSOLUTE     
            XDATA   0040H     0100H     ABSOLUTE     
            XDATA   0140H     0420H     UNIT         ?XD?SSD1306
            XDATA   0560H     0042H     UNIT         ?XD?KEYBOARD
            XDATA   05A2H     0028H     UNIT         _XDATA_GROUP_
            XDATA   05CAH     0012H     UNIT         ?XD?USBH_HUB_KM
            XDATA   05DCH     0002H     UNIT         ?XD?TESTMAIN
                    05DEH     0A22H                  *** GAP ***
            XDATA   1000H     003CH     ABSOLUTE     
                    103CH     140AH                  *** GAP ***
            XDATA   2446H     0001H     ABSOLUTE     
            XDATA   2447H     0001H     ABSOLUTE     
            XDATA   2448H     0001H     ABSOLUTE     
            XDATA   2449H     0001H     ABSOLUTE     
            XDATA   244AH     0001H     ABSOLUTE     
            XDATA   244BH     0001H     ABSOLUTE     
            XDATA   244CH     0001H     ABSOLUTE     
            XDATA   244DH     0001H     ABSOLUTE     
            XDATA   244EH     0001H     ABSOLUTE     
            XDATA   244FH     0001H     ABSOLUTE     
                    2450H     00F6H                  *** GAP ***
            XDATA   2546H     0001H     ABSOLUTE     
            XDATA   2547H     0001H     ABSOLUTE     
            XDATA   2548H     0001H     ABSOLUTE     
            XDATA   2549H     0001H     ABSOLUTE     
            XDATA   254AH     0001H     ABSOLUTE     
            XDATA   254BH     0001H     ABSOLUTE     
            XDATA   254CH     0001H     ABSOLUTE     
            XDATA   254DH     0001H     ABSOLUTE     
            XDATA   254EH     0001H     ABSOLUTE     
            XDATA   254FH     0001H     ABSOLUTE     
                    2550H     0330H                  *** GAP ***
            XDATA   2880H     0001H     ABSOLUTE     
            XDATA   2881H     0001H     ABSOLUTE     
            XDATA   2882H     0001H     ABSOLUTE     
            XDATA   2883H     0001H     ABSOLUTE     
            XDATA   2884H     0001H     ABSOLUTE     
            XDATA   2885H     0001H     ABSOLUTE     
BL51 BANKED LINKER/LOCATER V6.22                                                      03/27/2018  10:00:47  PAGE 3


            XDATA   2886H     0001H     ABSOLUTE     
                    2887H     0001H                  *** GAP ***
            XDATA   2888H     0001H     ABSOLUTE     
            XDATA   2889H     0001H     ABSOLUTE     
                    288AH     00F6H                  *** GAP ***
            XDATA   2980H     0001H     ABSOLUTE     
            XDATA   2981H     0001H     ABSOLUTE     
            XDATA   2982H     0001H     ABSOLUTE     
            XDATA   2983H     0001H     ABSOLUTE     
            XDATA   2984H     0001H     ABSOLUTE     
            XDATA   2985H     0001H     ABSOLUTE     
            XDATA   2986H     0001H     ABSOLUTE     
                    2987H     0001H                  *** GAP ***
            XDATA   2988H     0001H     ABSOLUTE     
            XDATA   2989H     0001H     ABSOLUTE     

            * * * * * * *   C O D E   M E M O R Y   * * * * * * *
            CODE    0000H     0003H     ABSOLUTE     
            CODE    0003H     06ECH     UNIT         ?PR?_KM_HOSTGETDATA?USBH_HUB_KM
            CODE    06EFH     055CH     UNIT         ?PR?_KM_HOSTANALYSEMOUSEHID?USBH_HUB_KM
            CODE    0C4BH     0382H     UNIT         ?PR?_INITROOTDEVICE?USBH_HUB_KM
            CODE    0FCDH     0365H     UNIT         ?PR?PRINTF?PRINTF
            CODE    1332H     02DEH     UNIT         ?C?LIB_CODE
            CODE    1610H     020EH     UNIT         ?PR?_HOSTCTRLTRANSFER?USBH_HUB_KM
            CODE    181EH     01C7H     UNIT         ?PR?MAIN?TESTMAIN
            CODE    19E5H     0181H     UNIT         ?PR?_SSD1306_DRAWCHAR?SSD1306
            CODE    1B66H     013EH     UNIT         ?PR?_SSD1306_FILLRECT?SSD1306
            CODE    1CA4H     0105H     UNIT         ?PR?_GPIO_SELMODE?GPIO
            CODE    1DA9H     00F6H     UNIT         ?PR?_USBHOSTTRANSACT?USBH_HUB_KM
            CODE    1E9FH     00D0H     UNIT         ?PR?SSD1306
            CODE    1F6FH     00CDH     UNIT         ?PR?_SSD1306_DRAWLINE?SSD1306
            CODE    203CH     00C3H     UNIT         ?PR?_SSD1306_DRAWCIRCLE?SSD1306
            CODE    20FFH     00BAH     UNIT         ?PR?ANALYZEROOTHUB?USBH_HUB_KM
            CODE    21B9H     00ABH     UNIT         ?PR?EXPINTERFACE_INIT?EXPINTERFACE
            CODE    2264H     00A4H     UNIT         ?PR?_KM_TYPEQUERY?USBH_HUB_KM
            CODE    2308H     0093H     UNIT         ?PR?CTRLGETCONFIGDESCR?USBH_HUB_KM
            CODE    239BH     008CH     UNIT         ?C_C51STARTUP
            CODE    2427H     0088H     UNIT         ?CO?EXPINTERFACE
            CODE    24AFH     0085H     UNIT         ?PR?EXPINTERFACE_UPDATEMODE3?EXPINTERFACE
            CODE    2534H     0085H     UNIT         ?PR?EXPINTERFACE_UPDATEMODE4?EXPINTERFACE
            CODE    25B9H     0084H     UNIT         ?PR?_I2C_GETS?I2C
            CODE    263DH     0082H     UNIT         ?CO?TESTMAIN
            CODE    26BFH     0080H     UNIT         ?PR?SSD1306_INIT?SSD1306
            CODE    273FH     0077H     UNIT         ?PR?_ENABLEROOTHUBPORT?USBH_HUB_KM
            CODE    27B6H     0075H     UNIT         ?PR?STDIO_INIT?STDIO
            CODE    282BH     0074H     UNIT         ?PR?_I2C_PUTS?I2C
            CODE    289FH     0071H     UNIT         ?PR?_KEYBOARD_REFRESH?KEYBOARD
            CODE    2910H     0068H     UNIT         ?CO?USBH_HUB_KM
            CODE    2978H     0058H     UNIT         ?PR?ENUMALLROOTDEVICE?USBH_HUB_KM
            CODE    29D0H     0050H     UNIT         ?PR?EXPINTERFACE_UPDATEMODE1?EXPINTERFACE
            CODE    2A20H     0050H     UNIT         ?PR?EXPINTERFACE_UPDATEMODE2?EXPINTERFACE
            CODE    2A70H     004AH     UNIT         ?CO?I2C
            CODE    2ABAH     0043H     UNIT         ?PR?CHECKI2CSLAVEVALIDITY?I2C
            CODE    2AFDH     0043H     UNIT         ?PR?SSD1306_REFRESH?SSD1306
            CODE    2B40H     0042H     UNIT         ?PR?KEYBOARD
            CODE    2B82H     0040H     UNIT         ?PR?INITUSB_HOST?USBH_HUB_KM
            CODE    2BC2H     0040H     UNIT         ?PR?_GPIO_SELP4MODE?GPIO
BL51 BANKED LINKER/LOCATER V6.22                                                      03/27/2018  10:00:47  PAGE 4


            CODE    2C02H     003FH     UNIT         ?PR?_EXPINTERFACE_SETSUBORKEYBOARDKEYSTATUS?EXPINTERFACE
            CODE    2C41H     003BH     UNIT         ?C_INITSEG
            CODE    2C7CH     003AH     UNIT         ?PR?CTRLGETDEVICEDESCR?USBH_HUB_KM
            CODE    2CB6H     0038H     UNIT         ?PR?_RESETROOTHUBPORT?USBH_HUB_KM
            CODE    2CEEH     0036H     UNIT         ?PR?_GPIO_DRIVCAP?GPIO
            CODE    2D24H     0036H     UNIT         ?PR?_SSD1306_DRAWPIXEL?SSD1306
            CODE    2D5AH     0033H     UNIT         ?PR?_SELECTHUBPORT?USBH_HUB_KM
            CODE    2D8DH     0032H     UNIT         ?PR?_SSD1306_SENDCOMMAND?SSD1306
            CODE    2DBFH     0031H     UNIT         ?PR?_CTRLGETHIDDEVICEREPORT?USBH_HUB_KM
            CODE    2DF0H     002DH     UNIT         ?PR?EXPINTERFACE
            CODE    2E1DH     002CH     UNIT         ?PR?_DISABLEROOTHUBPORT?USBH_HUB_KM
            CODE    2E49H     002CH     UNIT         ?PR?_CTRLSETUSBADDRESS?USBH_HUB_KM
            CODE    2E75H     002BH     UNIT         ?PR?KM_PROCESSSYSTEM?USBH_HUB_KM
            CODE    2EA0H     0029H     UNIT         ?PR?EXPINTERFACE_SET3PKEYSTATUS?EXPINTERFACE
            CODE    2EC9H     0029H     UNIT         ?PR?EXPINTERFACE_SET4PKEYSTATUS?EXPINTERFACE
            CODE    2EF2H     0028H     UNIT         ?PR?EXPINTERFACE_SET1PKEYSTATUS?EXPINTERFACE
            CODE    2F1AH     0028H     UNIT         ?PR?EXPINTERFACE_SET2PKEYSTATUS?EXPINTERFACE
            CODE    2F42H     0027H     UNIT         ?PR?PUTCHAR?PUTCHAR
            CODE    2F69H     0023H     UNIT         ?PR?TESTMAIN
            CODE    2F8CH     0023H     UNIT         ?PR?_KEYBOARD_ISKEYDOWN?KEYBOARD
            CODE    2FAFH     0023H     UNIT         ?PR?I2C_READ?I2C
            CODE    2FD2H     0023H     UNIT         ?PR?I2C_GETACK?I2C
            CODE    2FF5H     0020H     UNIT         ?PR?_COPYSETUPREQPKG?USBH_HUB_KM
            CODE    3015H     001CH     UNIT         ?PR?I2C_INIT?I2C
            CODE    3031H     001AH     UNIT         ?PR?_SSD1306_SENDDATA?SSD1306
            CODE    304BH     0019H     UNIT         ?PR?_KM_HOSTSETREPORT?USBH_HUB_KM
            CODE    3064H     0019H     UNIT         ?PR?_CTRLSETIDLE?USBH_HUB_KM
            CODE    307DH     0018H     UNIT         ?PR?_KEYBOARD_ISKEYUP?KEYBOARD
            CODE    3095H     0018H     UNIT         ?PR?I2C_STOP?I2C
            CODE    30ADH     0017H     UNIT         ?PR?_MDELAYMS?TESTMAIN
            CODE    30C4H     0017H     UNIT         ?PR?KM_LIBINIT?USBH_HUB_KM
            CODE    30DBH     0017H     UNIT         ?PR?_SYSTEM_DELAYMS?SYSTEM
            CODE    30F2H     0017H     UNIT         ?PR?_I2C_WRITE?I2C
            CODE    3109H     0016H     UNIT         ?PR?_KEYBOARD_ISKEYHOLD?KEYBOARD
            CODE    311FH     0014H     UNIT         ?PR?_MDELAYUS?TESTMAIN
            CODE    3133H     0014H     UNIT         ?PR?_SYSTEM_DELAYUS?SYSTEM
            CODE    3147H     0014H     UNIT         ?PR?EXPINTERFACE_ISRISINGEDGEOFOUT0?EXPINTERFACE
            CODE    315BH     0013H     UNIT         ?PR?SYSTEM
            CODE    316EH     0011H     UNIT         ?PR?_CTRLSETUSBCONFIG?USBH_HUB_KM
            CODE    317FH     0011H     UNIT         ?PR?_CTRLSETUSBPROTOCOL?USBH_HUB_KM
            CODE    3190H     0011H     UNIT         ?PR?GPIO
            CODE    31A1H     0010H     UNIT         ?PR?SYSTEM_SETFREQ?SYSTEM
            CODE    31B1H     000FH     UNIT         ?PR?SSD1306_CLEAR?SSD1306
            CODE    31C0H     000EH     UNIT         ?PR?_SETUSBSPEED?USBH_HUB_KM
            CODE    31CEH     000EH     UNIT         ?PR?EXPINTERFACE_INITMODE1?EXPINTERFACE
            CODE    31DCH     000EH     UNIT         ?PR?EXPINTERFACE_INITMODE2?EXPINTERFACE
            CODE    31EAH     000EH     UNIT         ?PR?DELAY?SSD1306
            CODE    31F8H     000DH     UNIT         ?PR?STDIO_SETUART0TOP0?STDIO
            CODE    3205H     000DH     UNIT         ?PR?I2C_START?I2C
            CODE    3212H     000CH     UNIT         ?PR?_SETHOSTUSBADDR?USBH_HUB_KM
            CODE    321EH     000CH     UNIT         ?PR?EXPINTERFACE_REFRESHJ2CLK?EXPINTERFACE
            CODE    322AH     000CH     UNIT         ?PR?I2C_DELAY?I2C
            CODE    3236H     000CH     UNIT         ?PR?I2C_PUTACK?I2C
            CODE    3242H     000BH     UNIT         ?PR?EXPINTERFACE_ISFALLINGEDGEOFOUT0?EXPINTERFACE
            CODE    324DH     000BH     UNIT         ?PR?EXPINTERFACE_ISRISINGEDGEOFOUT1?EXPINTERFACE
            CODE    3258H     000BH     UNIT         ?PR?EXPINTERFACE_ISFALLINGEDGEOFOUT1?EXPINTERFACE
            CODE    3263H     000BH     UNIT         ?PR?EXPINTERFACE_REFRESHJ1CLK?EXPINTERFACE
BL51 BANKED LINKER/LOCATER V6.22                                                      03/27/2018  10:00:47  PAGE 5


            CODE    326EH     000BH     UNIT         ?PR?EXPINTERFACE_ISRISINGEDGEOFJ1CLK?EXPINTERFACE
            CODE    3279H     000BH     UNIT         ?PR?EXPINTERFACE_ISFALLINGEDGEOFJ1CLK?EXPINTERFACE
            CODE    3284H     000BH     UNIT         ?PR?EXPINTERFACE_ISRISINGEDGEOFJ2CLK?EXPINTERFACE
            CODE    328FH     000BH     UNIT         ?PR?EXPINTERFACE_ISFALLINGEDGEOFJ2CLK?EXPINTERFACE
            CODE    329AH     0009H     UNIT         ?PR?EXPINTERFACE_INITMODE3?EXPINTERFACE
            CODE    32A3H     0009H     UNIT         ?PR?EXPINTERFACE_INITMODE4?EXPINTERFACE
            CODE    32ACH     0009H     UNIT         ?PR?_SSD1306_DRAWSTRING?SSD1306
            CODE    32B5H     0005H     UNIT         ?PR?EXPINTERFACE_REFRESHOUT0?EXPINTERFACE
            CODE    32BAH     0005H     UNIT         ?PR?EXPINTERFACE_UPDATEOUT0?EXPINTERFACE
            CODE    32BFH     0005H     UNIT         ?PR?EXPINTERFACE_REFRESHOUT1?EXPINTERFACE
            CODE    32C4H     0005H     UNIT         ?PR?EXPINTERFACE_UPDATEOUT1?EXPINTERFACE
            CODE    32C9H     0005H     UNIT         ?PR?EXPINTERFACE_UPDATEJ1CLK?EXPINTERFACE
            CODE    32CEH     0005H     UNIT         ?PR?EXPINTERFACE_UPDATEJ2CLK?EXPINTERFACE
            CODE    32D3H     0005H     UNIT         ?PR?EXPINTERFACE_INITMODE0?EXPINTERFACE
            CODE    32D8H     0004H     UNIT         ?PR?KEYBOARD_GETBUF?KEYBOARD
            CODE    32DCH     0003H     UNIT         ?PR?_EXPINTERFACE_SETFAMILYBASICKEYBOARDKEYSTATUS?EXPINTERFACE
            CODE    32DFH     0001H     UNIT         ?PR?EXPINTERFACE_UPDATEMODE0?EXPINTERFACE



OVERLAY MAP OF MODULE:   testCH559 (CH559)


SEGMENT                                             BIT_GROUP          DATA_GROUP          XDATA_GROUP
  +--> CALLED SEGMENT                            START    LENGTH     START    LENGTH     START    LENGTH
--------------------------------------------------------------------------------------------------------
?C_C51STARTUP                                    -----    -----      -----    -----      -----    -----
  +--> ?PR?MAIN?TESTMAIN
  +--> ?C_INITSEG

?PR?MAIN?TESTMAIN                                -----    -----      0025H    0017H      -----    -----
  +--> ?PR?EXPINTERFACE_INIT?EXPINTERFACE
  +--> ?CO?TESTMAIN
  +--> ?PR?PRINTF?PRINTF
  +--> ?PR?SYSTEM_SETFREQ?SYSTEM
  +--> ?PR?_SYSTEM_DELAYMS?SYSTEM
  +--> ?PR?STDIO_INIT?STDIO
  +--> ?PR?STDIO_SETUART0TOP0?STDIO
  +--> ?PR?KM_LIBINIT?USBH_HUB_KM
  +--> ?PR?KM_PROCESSSYSTEM?USBH_HUB_KM
  +--> ?PR?TESTMAIN
  +--> ?PR?_KM_HOSTGETDATA?USBH_HUB_KM
  +--> ?PR?_KEYBOARD_REFRESH?KEYBOARD
  +--> ?PR?_KEYBOARD_ISKEYHOLD?KEYBOARD
  +--> ?PR?_KEYBOARD_ISKEYDOWN?KEYBOARD
  +--> ?PR?_KEYBOARD_ISKEYUP?KEYBOARD
  +--> ?PR?EXPINTERFACE_INITMODE0?EXPINTERFACE
  +--> ?PR?EXPINTERFACE_INITMODE1?EXPINTERFACE
  +--> ?PR?EXPINTERFACE_INITMODE2?EXPINTERFACE
  +--> ?PR?EXPINTERFACE_INITMODE3?EXPINTERFACE
  +--> ?PR?EXPINTERFACE_INITMODE4?EXPINTERFACE
  +--> ?PR?EXPINTERFACE_UPDATEMODE0?EXPINTER...
  +--> ?PR?EXPINTERFACE_UPDATEMODE1?EXPINTER...
  +--> ?PR?EXPINTERFACE_UPDATEMODE2?EXPINTER...
  +--> ?PR?EXPINTERFACE_UPDATEMODE3?EXPINTER...
  +--> ?PR?EXPINTERFACE_UPDATEMODE4?EXPINTER...
  +--> ?PR?_KM_TYPEQUERY?USBH_HUB_KM
BL51 BANKED LINKER/LOCATER V6.22                                                      03/27/2018  10:00:47  PAGE 6



?PR?EXPINTERFACE_INIT?EXPINTERFACE               0021H.4  0000H.1    003CH    0001H      -----    -----
  +--> ?PR?_GPIO_DRIVCAP?GPIO
  +--> ?PR?_GPIO_SELMODE?GPIO
  +--> ?PR?_GPIO_SELP4MODE?GPIO

?PR?_GPIO_DRIVCAP?GPIO                           0021H.5  0000H.1    -----    -----      -----    -----

?PR?_GPIO_SELMODE?GPIO                           -----    -----      -----    -----      -----    -----
  +--> ?PR?GPIO

?PR?_GPIO_SELP4MODE?GPIO                         0021H.5  0000H.2    -----    -----      -----    -----

?PR?PRINTF?PRINTF                                0021H.4  0001H.1    003CH    0005H      05A2H    0028H
  +--> ?PR?PUTCHAR?PUTCHAR

?PR?_SYSTEM_DELAYMS?SYSTEM                       -----    -----      -----    -----      -----    -----
  +--> ?PR?_SYSTEM_DELAYUS?SYSTEM

?PR?_SYSTEM_DELAYUS?SYSTEM                       -----    -----      -----    -----      -----    -----
  +--> ?PR?SYSTEM

?PR?STDIO_INIT?STDIO                             -----    -----      003CH    0005H      -----    -----

?PR?KM_LIBINIT?USBH_HUB_KM                       -----    -----      -----    -----      -----    -----
  +--> ?PR?INITUSB_HOST?USBH_HUB_KM

?PR?INITUSB_HOST?USBH_HUB_KM                     -----    -----      -----    -----      -----    -----
  +--> ?PR?_DISABLEROOTHUBPORT?USBH_HUB_KM

?PR?KM_PROCESSSYSTEM?USBH_HUB_KM                 -----    -----      -----    -----      05A2H    0001H
  +--> ?PR?ANALYZEROOTHUB?USBH_HUB_KM
  +--> ?PR?_MDELAYMS?TESTMAIN
  +--> ?PR?ENUMALLROOTDEVICE?USBH_HUB_KM

?PR?ANALYZEROOTHUB?USBH_HUB_KM                   -----    -----      -----    -----      05BDH    0001H
  +--> ?PR?_DISABLEROOTHUBPORT?USBH_HUB_KM

?PR?_MDELAYMS?TESTMAIN                           -----    -----      -----    -----      -----    -----
  +--> ?PR?_MDELAYUS?TESTMAIN

?PR?_MDELAYUS?TESTMAIN                           -----    -----      -----    -----      -----    -----
  +--> ?PR?TESTMAIN

?PR?ENUMALLROOTDEVICE?USBH_HUB_KM                -----    -----      -----    -----      05A3H    0001H
  +--> ?PR?_INITROOTDEVICE?USBH_HUB_KM

?PR?_INITROOTDEVICE?USBH_HUB_KM                  -----    -----      -----    -----      05A4H    0006H
  +--> ?PR?_RESETROOTHUBPORT?USBH_HUB_KM
  +--> ?PR?_MDELAYMS?TESTMAIN
  +--> ?PR?_ENABLEROOTHUBPORT?USBH_HUB_KM
  +--> ?PR?_DISABLEROOTHUBPORT?USBH_HUB_KM
  +--> ?PR?_SELECTHUBPORT?USBH_HUB_KM
  +--> ?PR?CTRLGETDEVICEDESCR?USBH_HUB_KM
  +--> ?CO?USBH_HUB_KM
  +--> ?PR?_CTRLSETUSBADDRESS?USBH_HUB_KM
  +--> ?PR?CTRLGETCONFIGDESCR?USBH_HUB_KM
BL51 BANKED LINKER/LOCATER V6.22                                                      03/27/2018  10:00:47  PAGE 7


  +--> ?PR?_CTRLSETUSBCONFIG?USBH_HUB_KM
  +--> ?PR?_CTRLGETHIDDEVICEREPORT?USBH_HUB_KM
  +--> ?PR?_KM_HOSTANALYSEMOUSEHID?USBH_HUB_KM
  +--> ?PR?_KM_HOSTSETREPORT?USBH_HUB_KM
  +--> ?PR?_SETUSBSPEED?USBH_HUB_KM

?PR?_RESETROOTHUBPORT?USBH_HUB_KM                -----    -----      -----    -----      -----    -----
  +--> ?PR?_SETHOSTUSBADDR?USBH_HUB_KM
  +--> ?PR?_MDELAYMS?TESTMAIN
  +--> ?PR?_MDELAYUS?TESTMAIN

?PR?_SELECTHUBPORT?USBH_HUB_KM                   -----    -----      -----    -----      -----    -----
  +--> ?PR?_SETHOSTUSBADDR?USBH_HUB_KM
  +--> ?PR?_SETUSBSPEED?USBH_HUB_KM

?PR?CTRLGETDEVICEDESCR?USBH_HUB_KM               -----    -----      -----    -----      05AAH    0001H
  +--> ?CO?USBH_HUB_KM
  +--> ?PR?_COPYSETUPREQPKG?USBH_HUB_KM
  +--> ?PR?_HOSTCTRLTRANSFER?USBH_HUB_KM

?PR?_HOSTCTRLTRANSFER?USBH_HUB_KM                -----    -----      -----    -----      05B5H    0005H
  +--> ?PR?_MDELAYUS?TESTMAIN
  +--> ?PR?_USBHOSTTRANSACT?USBH_HUB_KM

?PR?_USBHOSTTRANSACT?USBH_HUB_KM                 -----    -----      -----    -----      05BAH    0003H
  +--> ?PR?ANALYZEROOTHUB?USBH_HUB_KM
  +--> ?PR?_MDELAYUS?TESTMAIN

?PR?_CTRLSETUSBADDRESS?USBH_HUB_KM               -----    -----      -----    -----      05AAH    0001H
  +--> ?CO?USBH_HUB_KM
  +--> ?PR?_COPYSETUPREQPKG?USBH_HUB_KM
  +--> ?PR?_HOSTCTRLTRANSFER?USBH_HUB_KM
  +--> ?PR?_SETHOSTUSBADDR?USBH_HUB_KM
  +--> ?PR?_MDELAYMS?TESTMAIN

?PR?CTRLGETCONFIGDESCR?USBH_HUB_KM               -----    -----      -----    -----      05AAH    0002H
  +--> ?CO?USBH_HUB_KM
  +--> ?PR?_COPYSETUPREQPKG?USBH_HUB_KM
  +--> ?PR?_HOSTCTRLTRANSFER?USBH_HUB_KM

?PR?_CTRLSETUSBCONFIG?USBH_HUB_KM                -----    -----      -----    -----      -----    -----
  +--> ?CO?USBH_HUB_KM
  +--> ?PR?_COPYSETUPREQPKG?USBH_HUB_KM
  +--> ?PR?_HOSTCTRLTRANSFER?USBH_HUB_KM

?PR?_CTRLGETHIDDEVICEREPORT?USBH_HUB_KM          -----    -----      -----    -----      -----    -----
  +--> ?CO?USBH_HUB_KM
  +--> ?PR?_COPYSETUPREQPKG?USBH_HUB_KM
  +--> ?PR?_HOSTCTRLTRANSFER?USBH_HUB_KM

?PR?_KM_HOSTANALYSEMOUSEHID?USBH_HUB_KM          -----    -----      -----    -----      05AAH    000BH
  +--> ?PR?_CTRLSETUSBPROTOCOL?USBH_HUB_KM
  +--> ?PR?_CTRLSETIDLE?USBH_HUB_KM

?PR?_CTRLSETUSBPROTOCOL?USBH_HUB_KM              -----    -----      -----    -----      -----    -----
  +--> ?CO?USBH_HUB_KM
  +--> ?PR?_COPYSETUPREQPKG?USBH_HUB_KM
BL51 BANKED LINKER/LOCATER V6.22                                                      03/27/2018  10:00:47  PAGE 8


  +--> ?PR?_HOSTCTRLTRANSFER?USBH_HUB_KM

?PR?_CTRLSETIDLE?USBH_HUB_KM                     -----    -----      -----    -----      -----    -----
  +--> ?CO?USBH_HUB_KM
  +--> ?PR?_COPYSETUPREQPKG?USBH_HUB_KM
  +--> ?PR?_HOSTCTRLTRANSFER?USBH_HUB_KM

?PR?_KM_HOSTSETREPORT?USBH_HUB_KM                -----    -----      -----    -----      05B4H    0001H
  +--> ?CO?USBH_HUB_KM
  +--> ?PR?_COPYSETUPREQPKG?USBH_HUB_KM
  +--> ?PR?_HOSTCTRLTRANSFER?USBH_HUB_KM

?PR?_KM_HOSTGETDATA?USBH_HUB_KM                  -----    -----      -----    -----      05A2H    0012H
  +--> ?PR?_SELECTHUBPORT?USBH_HUB_KM
  +--> ?PR?_USBHOSTTRANSACT?USBH_HUB_KM
  +--> ?PR?_KM_HOSTSETREPORT?USBH_HUB_KM

?PR?_KEYBOARD_REFRESH?KEYBOARD                   -----    -----      003CH    0005H      -----    -----
  +--> ?PR?KEYBOARD

?PR?_KEYBOARD_ISKEYHOLD?KEYBOARD                 -----    -----      -----    -----      -----    -----
  +--> ?PR?KEYBOARD

?PR?_KEYBOARD_ISKEYDOWN?KEYBOARD                 -----    -----      -----    -----      -----    -----
  +--> ?PR?KEYBOARD

?PR?_KEYBOARD_ISKEYUP?KEYBOARD                   -----    -----      -----    -----      -----    -----
  +--> ?PR?KEYBOARD

?PR?EXPINTERFACE_INITMODE0?EXPINTERFACE          -----    -----      -----    -----      -----    -----
  +--> ?PR?EXPINTERFACE_INIT?EXPINTERFACE

?PR?EXPINTERFACE_INITMODE1?EXPINTERFACE          -----    -----      -----    -----      -----    -----
  +--> ?PR?EXPINTERFACE_INIT?EXPINTERFACE
  +--> ?PR?EXPINTERFACE

?PR?EXPINTERFACE_INITMODE2?EXPINTERFACE          -----    -----      -----    -----      -----    -----
  +--> ?PR?EXPINTERFACE_INIT?EXPINTERFACE
  +--> ?PR?EXPINTERFACE

?PR?EXPINTERFACE_INITMODE3?EXPINTERFACE          -----    -----      -----    -----      -----    -----
  +--> ?PR?EXPINTERFACE_INIT?EXPINTERFACE
  +--> ?PR?EXPINTERFACE

?PR?EXPINTERFACE_INITMODE4?EXPINTERFACE          -----    -----      -----    -----      -----    -----
  +--> ?PR?EXPINTERFACE_INIT?EXPINTERFACE
  +--> ?PR?EXPINTERFACE

?PR?EXPINTERFACE_UPDATEMODE1?EXPINTER...         -----    -----      -----    -----      -----    -----
  +--> ?PR?EXPINTERFACE_SET1PKEYSTATUS?EXPIN...
  +--> ?PR?EXPINTERFACE_SET2PKEYSTATUS?EXPIN...
  +--> ?PR?EXPINTERFACE_ISRISINGEDGEOFOUT0?E...
  +--> ?PR?EXPINTERFACE_ISFALLINGEDGEOFOUT0?...
  +--> ?PR?EXPINTERFACE_ISRISINGEDGEOFJ1CLK?...
  +--> ?PR?EXPINTERFACE_ISFALLINGEDGEOFJ1CLK...
  +--> ?PR?EXPINTERFACE_ISRISINGEDGEOFJ2CLK?...
  +--> ?PR?EXPINTERFACE_ISFALLINGEDGEOFJ2CLK...
BL51 BANKED LINKER/LOCATER V6.22                                                      03/27/2018  10:00:47  PAGE 9


  +--> ?PR?EXPINTERFACE_UPDATEOUT0?EXPINTERFACE
  +--> ?PR?EXPINTERFACE_UPDATEJ1CLK?EXPINTER...
  +--> ?PR?EXPINTERFACE_UPDATEJ2CLK?EXPINTER...

?PR?EXPINTERFACE_SET1PKEYSTATUS?EXPIN...         -----    -----      003CH    0003H      -----    -----
  +--> ?PR?KEYBOARD_GETBUF?KEYBOARD
  +--> ?CO?EXPINTERFACE
  +--> ?PR?EXPINTERFACE

?PR?KEYBOARD_GETBUF?KEYBOARD                     -----    -----      -----    -----      -----    -----
  +--> ?PR?KEYBOARD

?PR?EXPINTERFACE_SET2PKEYSTATUS?EXPIN...         -----    -----      003CH    0003H      -----    -----
  +--> ?PR?KEYBOARD_GETBUF?KEYBOARD
  +--> ?CO?EXPINTERFACE
  +--> ?PR?EXPINTERFACE

?PR?EXPINTERFACE_ISRISINGEDGEOFOUT0?E...         -----    -----      -----    -----      -----    -----
  +--> ?PR?EXPINTERFACE_REFRESHOUT0?EXPINTER...
  +--> ?PR?EXPINTERFACE_REFRESHJ1CLK?EXPINTE...
  +--> ?PR?EXPINTERFACE_REFRESHJ2CLK?EXPINTE...

?PR?EXPINTERFACE_UPDATEMODE2?EXPINTER...         -----    -----      -----    -----      -----    -----
  +--> ?PR?EXPINTERFACE_SET3PKEYSTATUS?EXPIN...
  +--> ?PR?EXPINTERFACE_SET4PKEYSTATUS?EXPIN...
  +--> ?PR?EXPINTERFACE_ISRISINGEDGEOFOUT0?E...
  +--> ?PR?EXPINTERFACE_ISFALLINGEDGEOFOUT0?...
  +--> ?PR?EXPINTERFACE_ISRISINGEDGEOFJ1CLK?...
  +--> ?PR?EXPINTERFACE_ISFALLINGEDGEOFJ1CLK...
  +--> ?PR?EXPINTERFACE_ISRISINGEDGEOFJ2CLK?...
  +--> ?PR?EXPINTERFACE_ISFALLINGEDGEOFJ2CLK...
  +--> ?PR?EXPINTERFACE_UPDATEOUT0?EXPINTERFACE
  +--> ?PR?EXPINTERFACE_UPDATEJ1CLK?EXPINTER...
  +--> ?PR?EXPINTERFACE_UPDATEJ2CLK?EXPINTER...

?PR?EXPINTERFACE_SET3PKEYSTATUS?EXPIN...         -----    -----      003CH    0003H      -----    -----
  +--> ?PR?KEYBOARD_GETBUF?KEYBOARD
  +--> ?CO?EXPINTERFACE
  +--> ?PR?EXPINTERFACE

?PR?EXPINTERFACE_SET4PKEYSTATUS?EXPIN...         -----    -----      003CH    0003H      -----    -----
  +--> ?PR?KEYBOARD_GETBUF?KEYBOARD
  +--> ?CO?EXPINTERFACE
  +--> ?PR?EXPINTERFACE

?PR?EXPINTERFACE_UPDATEMODE3?EXPINTER...         -----    -----      -----    -----      -----    -----
  +--> ?PR?EXPINTERFACE_REFRESHOUT1?EXPINTER...
  +--> ?PR?EXPINTERFACE_ISFALLINGEDGEOFOUT1?...
  +--> ?PR?_EXPINTERFACE_SETSUBORKEYBOARDKEY...
  +--> ?PR?EXPINTERFACE_UPDATEOUT1?EXPINTERFACE

?PR?_EXPINTERFACE_SETSUBORKEYBOARDKEY...         -----    -----      003CH    0002H      -----    -----
  +--> ?CO?EXPINTERFACE
  +--> ?PR?_KEYBOARD_ISKEYHOLD?KEYBOARD

?PR?EXPINTERFACE_UPDATEMODE4?EXPINTER...         -----    -----      -----    -----      -----    -----
  +--> ?PR?EXPINTERFACE_REFRESHOUT1?EXPINTER...
BL51 BANKED LINKER/LOCATER V6.22                                                      03/27/2018  10:00:47  PAGE 10


  +--> ?PR?EXPINTERFACE_ISFALLINGEDGEOFOUT1?...
  +--> ?PR?_EXPINTERFACE_SETFAMILYBASICKEYBO...
  +--> ?PR?EXPINTERFACE_UPDATEOUT1?EXPINTERFACE

?PR?_EXPINTERFACE_SETFAMILYBASICKEYBO...         -----    -----      003CH    0001H      -----    -----

?PR?_KM_TYPEQUERY?USBH_HUB_KM                    -----    -----      -----    -----      05A2H    0007H



SYMBOL TABLE OF MODULE:  testCH559 (CH559)

  VALUE           TYPE          NAME
  ----------------------------------

  -------         MODULE        CH559
  C:0000H         SYMBOL        _ICE_DUMMY_
  X:2989H         PUBLIC        pLED_DMA_XL
  D:0080H         PUBLIC        P0
  D:0090H         PUBLIC        P1
  D:00A0H         PUBLIC        P2
  D:00B0H         PUBLIC        P3
  X:2888H         PUBLIC        LED_DMA_XH
  D:00E8H         PUBLIC        IE_EX
  X:2889H         PUBLIC        LED_DMA_XL
  D:00A8H         PUBLIC        IE
  D:00B8H         PUBLIC        IP
  D:00D8H         PUBLIC        USB_INT_FG
  X:2983H         PUBLIC        pLED_CK_SE
  D:0098H         PUBLIC        SCON
  D:0088H         PUBLIC        TCON
  D:00F8H         PUBLIC        SPI0_STAT
  X:2883H         PUBLIC        LED_CK_SE
  X:2982H         PUBLIC        pLED_DATA
  X:2882H         PUBLIC        LED_DATA
  X:2981H         PUBLIC        pLED_CTRL
  D:00C0H         PUBLIC        P4_OUT
  X:2547H         PUBLIC        pUEP2_3_MOD
  X:2546H         PUBLIC        pUEP4_1_MOD
  X:2984H         PUBLIC        pLED_DMA_AH
  X:2980H         PUBLIC        pLED_STAT
  X:2985H         PUBLIC        pLED_DMA_AL
  X:2548H         PUBLIC        pUEP0_DMA_H
  D:00C8H         PUBLIC        T2CON
  X:254AH         PUBLIC        pUEP1_DMA_H
  X:254CH         PUBLIC        pUEP2_DMA_H
  X:254EH         PUBLIC        pUEP3_DMA_H
  X:2986H         PUBLIC        pLED_DMA_CN
  X:2549H         PUBLIC        pUEP0_DMA_L
  X:2881H         PUBLIC        LED_CTRL
  X:254BH         PUBLIC        pUEP1_DMA_L
  X:254DH         PUBLIC        pUEP2_DMA_L
  X:254FH         PUBLIC        pUEP3_DMA_L
  X:2447H         PUBLIC        UEP2_3_MOD
  X:2446H         PUBLIC        UEP4_1_MOD
  X:2884H         PUBLIC        LED_DMA_AH
  X:2880H         PUBLIC        LED_STAT
BL51 BANKED LINKER/LOCATER V6.22                                                      03/27/2018  10:00:47  PAGE 11


  X:2885H         PUBLIC        LED_DMA_AL
  X:2448H         PUBLIC        UEP0_DMA_H
  X:244AH         PUBLIC        UEP1_DMA_H
  X:244CH         PUBLIC        UEP2_DMA_H
  X:244EH         PUBLIC        UEP3_DMA_H
  X:2988H         PUBLIC        pLED_DMA_XH
  X:2886H         PUBLIC        LED_DMA_CN
  X:2449H         PUBLIC        UEP0_DMA_L
  D:00D0H         PUBLIC        PSW
  X:244BH         PUBLIC        UEP1_DMA_L
  X:244DH         PUBLIC        UEP2_DMA_L
  X:244FH         PUBLIC        UEP3_DMA_L
  -------         ENDMOD        CH559

  -------         MODULE        TESTMAIN
  C:0000H         SYMBOL        _ICE_DUMMY_
  D:0080H         PUBLIC        P0
  D:0090H         PUBLIC        P1
  D:00A0H         PUBLIC        P2
  D:00B0H         PUBLIC        P3
  D:00E8H         PUBLIC        IE_EX
  D:00A8H         PUBLIC        IE
  B:0022H.5       PUBLIC        InitFlag
  B:0022H.6       PUBLIC        isChangedMode
  D:00B8H         PUBLIC        IP
  C:30ADH         PUBLIC        _mDelaymS
  D:00D8H         PUBLIC        USB_INT_FG
  C:181EH         PUBLIC        main
  D:007BH         SYMBOL        mode
  C:311FH         PUBLIC        _mDelayuS
  D:0098H         PUBLIC        SCON
  D:0088H         PUBLIC        TCON
  D:00F8H         PUBLIC        SPI0_STAT
  D:00C0H         PUBLIC        P4_OUT
  D:00A1H         PUBLIC        SAFE_MOD
  D:00C8H         PUBLIC        T2CON
  X:05DCH         SYMBOL        t
  D:00D0H         PUBLIC        PSW
  C:2F69H         SYMBOL        Com0029
  C:2F69H         SYMBOL        L?0042
  C:2F7CH         SYMBOL        L?0045
  C:2F7EH         SYMBOL        L?0046
  C:2F85H         SYMBOL        L?0047
  C:2F85H         SYMBOL        L?0048
  -------         PROC          COM0029
  -------         ENDPROC       COM0029
  -------         PROC          _MDELAYUS
  D:0006H         SYMBOL        n
  C:311FH         LINE#         26
  C:311FH         LINE#         27
  C:311FH         LINE#         28
  C:3123H         LINE#         29
  C:3123H         LINE#         32
  C:3123H         LINE#         35
  C:3123H         LINE#         38
  C:3123H         LINE#         41
  C:3123H         LINE#         44
BL51 BANKED LINKER/LOCATER V6.22                                                      03/27/2018  10:00:47  PAGE 12


  C:3123H         LINE#         47
  C:3123H         LINE#         50
  C:3123H         LINE#         53
  C:3126H         LINE#         56
  C:3128H         LINE#         59
  C:3128H         LINE#         62
  C:3128H         LINE#         65
  C:3128H         LINE#         68
  C:3128H         LINE#         71
  C:3128H         LINE#         74
  C:3128H         LINE#         77
  C:3128H         LINE#         80
  C:3128H         LINE#         83
  C:312BH         LINE#         98
  C:3130H         LINE#         99
  C:3132H         LINE#         100
  -------         ENDPROC       _MDELAYUS
  -------         PROC          _MDELAYMS
  D:0004H         SYMBOL        n
  C:30ADH         LINE#         109
  C:30B1H         LINE#         110
  C:30B1H         LINE#         111
  C:30B5H         LINE#         112
  C:30B5H         LINE#         113
  C:30BCH         LINE#         114
  C:30C1H         LINE#         115
  C:30C3H         LINE#         116
  -------         ENDPROC       _MDELAYMS
  C:19BBH         SYMBOL        L?0043
  C:19D0H         SYMBOL        L?0044
  -------         PROC          MAIN
  -------         DO            
  D:0025H         SYMBOL        s
  D:0026H         SYMBOL        srcBuf
  D:0030H         SYMBOL        dstBuf
  D:003AH         SYMBOL        srcLen
  D:003BH         SYMBOL        dstLen
  -------         ENDDO         
  C:181EH         LINE#         148
  C:181EH         LINE#         150
  C:1823H         LINE#         151
  C:182CH         LINE#         152
  C:182FH         LINE#         153
  C:1836H         LINE#         154
  C:1839H         LINE#         155
  C:183CH         LINE#         156
  C:1845H         LINE#         157
  C:1848H         LINE#         158
  C:1851H         LINE#         159
  C:1851H         LINE#         166
  C:1854H         LINE#         167
  C:187FH         LINE#         168
  C:1886H         LINE#         170
  C:188FH         LINE#         171
  C:1896H         LINE#         172
  C:189AH         LINE#         173
  C:18A3H         LINE#         175
BL51 BANKED LINKER/LOCATER V6.22                                                      03/27/2018  10:00:47  PAGE 13


  C:18A9H         LINE#         177
  C:18E7H         LINE#         180
  C:18E7H         LINE#         181
  C:18EEH         LINE#         182
  C:18F0H         LINE#         183
  C:18F2H         LINE#         184
  C:18F2H         LINE#         185
  C:18F7H         LINE#         187
  C:18F7H         LINE#         188
  C:18F7H         LINE#         190
  C:18FAH         LINE#         191
  C:190CH         LINE#         192
  C:190CH         LINE#         193
  C:190FH         LINE#         194
  C:1911H         LINE#         195
  C:1911H         LINE#         196
  C:1914H         LINE#         197
  C:1916H         LINE#         198
  C:1916H         LINE#         199
  C:1919H         LINE#         200
  C:191BH         LINE#         201
  C:191BH         LINE#         202
  C:191EH         LINE#         203
  C:1920H         LINE#         204
  C:1920H         LINE#         205
  C:1923H         LINE#         206
  C:1923H         LINE#         207
  C:1923H         LINE#         208
  C:1925H         LINE#         209
  C:1925H         LINE#         210
  C:1925H         LINE#         211
  C:1937H         LINE#         212
  C:1937H         LINE#         213
  C:193AH         LINE#         214
  C:193CH         LINE#         215
  C:193CH         LINE#         216
  C:193FH         LINE#         217
  C:1941H         LINE#         218
  C:1941H         LINE#         219
  C:1944H         LINE#         220
  C:1946H         LINE#         221
  C:1946H         LINE#         222
  C:1949H         LINE#         223
  C:194BH         LINE#         224
  C:194BH         LINE#         225
  C:194EH         LINE#         226
  C:194EH         LINE#         227
  C:194EH         LINE#         228
  C:194EH         LINE#         229
  C:194EH         LINE#         231
  C:1958H         LINE#         232
  C:1960H         LINE#         233
  C:1973H         LINE#         234
  C:197DH         LINE#         235
  C:1983H         LINE#         236
  C:198AH         LINE#         237
  C:198AH         LINE#         238
BL51 BANKED LINKER/LOCATER V6.22                                                      03/27/2018  10:00:47  PAGE 14


  C:1990H         LINE#         239
  C:1997H         LINE#         240
  C:1997H         LINE#         241
  C:199DH         LINE#         242
  C:19A4H         LINE#         243
  C:19A4H         LINE#         244
  C:19AAH         LINE#         245
  C:19AAH         LINE#         246
  C:19B8H         LINE#         247
  C:19BBH         LINE#         248
  -------         ENDPROC       MAIN
  -------         ENDMOD        TESTMAIN

  -------         MODULE        STDIO
  C:0000H         SYMBOL        _ICE_DUMMY_
  D:0080H         PUBLIC        P0
  D:0090H         PUBLIC        P1
  D:00A0H         PUBLIC        P2
  D:00B0H         PUBLIC        P3
  D:00C5H         PUBLIC        P0_PU
  D:00E8H         PUBLIC        IE_EX
  D:00A8H         PUBLIC        IE
  D:00B8H         PUBLIC        IP
  B:0098H.1       PUBLIC        TI
  D:00D8H         PUBLIC        USB_INT_FG
  B:00C8H.5       PUBLIC        RCLK
  B:00C8H.4       PUBLIC        TCLK
  D:0087H         PUBLIC        PCON
  D:0098H         PUBLIC        SCON
  D:0089H         PUBLIC        TMOD
  D:0088H         PUBLIC        TCON
  D:00F8H         PUBLIC        SPI0_STAT
  D:00C4H         PUBLIC        P0_DIR
  C:31F8H         PUBLIC        STDIO_SetUART0ToP0
  D:008DH         PUBLIC        TH1
  B:0098H.7       PUBLIC        SM0
  B:0098H.6       PUBLIC        SM1
  B:0098H.5       PUBLIC        SM2
  B:0088H.6       PUBLIC        TR1
  D:00C0H         PUBLIC        P4_OUT
  B:0098H.4       PUBLIC        REN
  D:00C9H         PUBLIC        T2MOD
  D:00C8H         PUBLIC        T2CON
  D:00CEH         PUBLIC        PIN_FUNC
  D:00C6H         PUBLIC        PORT_CFG
  D:00D0H         PUBLIC        PSW
  C:27B6H         PUBLIC        STDIO_Init
  -------         PROC          STDIO_INIT
  -------         DO            
  D:003CH         SYMBOL        x
  D:0040H         SYMBOL        x2
  -------         ENDDO         
  C:27B6H         LINE#         6
  C:27B6H         LINE#         10
  C:27B8H         LINE#         11
  C:27BAH         LINE#         12
  C:27BCH         LINE#         14
BL51 BANKED LINKER/LOCATER V6.22                                                      03/27/2018  10:00:47  PAGE 15


  C:27BEH         LINE#         15
  C:27C0H         LINE#         16
  C:27C3H         LINE#         17
  C:27CEH         LINE#         18
  C:27E2H         LINE#         19
  C:27FBH         LINE#         20
  C:2813H         LINE#         22
  C:281BH         LINE#         23
  C:281EH         LINE#         24
  C:2824H         LINE#         25
  C:2826H         LINE#         26
  C:2828H         LINE#         27
  C:282AH         LINE#         28
  -------         ENDPROC       STDIO_INIT
  -------         PROC          STDIO_SETUART0TOP0
  C:31F8H         LINE#         30
  C:31F8H         LINE#         31
  C:31FBH         LINE#         32
  C:31FEH         LINE#         33
  C:3201H         LINE#         34
  C:3204H         LINE#         35
  -------         ENDPROC       STDIO_SETUART0TOP0
  -------         ENDMOD        STDIO

  -------         MODULE        TIMER0
  C:0000H         SYMBOL        _ICE_DUMMY_
  D:0080H         PUBLIC        P0
  D:0090H         PUBLIC        P1
  D:00A0H         PUBLIC        P2
  D:00B0H         PUBLIC        P3
  D:00E8H         PUBLIC        IE_EX
  D:00A8H         PUBLIC        IE
  D:00B8H         PUBLIC        IP
  D:00D8H         PUBLIC        USB_INT_FG
  D:0098H         PUBLIC        SCON
  D:0088H         PUBLIC        TCON
  D:00F8H         PUBLIC        SPI0_STAT
  D:00C0H         PUBLIC        P4_OUT
  D:00C8H         PUBLIC        T2CON
  D:00D0H         PUBLIC        PSW
  -------         ENDMOD        TIMER0

  -------         MODULE        USBH_HUB_KM
  C:0000H         SYMBOL        _ICE_DUMMY_
  D:0080H         PUBLIC        P0
  C:2FF5H         PUBLIC        _CopySetupReqPkg
  B:00D8H.0       PUBLIC        UIF_DETECT
  D:0090H         PUBLIC        P1
  D:00E2H         PUBLIC        USB_CTRL
  D:00A0H         PUBLIC        P2
  C:2B82H         PUBLIC        InitUSB_Host
  C:2C7CH         PUBLIC        CtrlGetDeviceDescr
  D:00B0H         PUBLIC        P3
  C:161BH         PUBLIC        _HostCtrlTransfer
  C:2308H         PUBLIC        CtrlGetConfigDescr
  X:05CFH         PUBLIC        Mouse
  D:00E8H         PUBLIC        IE_EX
BL51 BANKED LINKER/LOCATER V6.22                                                      03/27/2018  10:00:47  PAGE 16


  D:00A8H         PUBLIC        IE
  C:06EFH         PUBLIC        _KM_HostAnalyseMouseHid
  D:00DDH         PUBLIC        UEP0_T_LEN
  D:00E3H         PUBLIC        USB_DEV_AD
  C:0C4BH         PUBLIC        _InitRootDevice
  D:00D5H         PUBLIC        UEP2_T_LEN
  D:00D7H         PUBLIC        UEP3_T_LEN
  D:00B8H         PUBLIC        IP
  B:00D8H.6       PUBLIC        U_TOG_OK
  C:20FFH         PUBLIC        AnalyzeRootHub
  X:05D9H         PUBLIC        UsbDevEndp0Size
  D:00D8H         PUBLIC        USB_INT_FG
  C:30C4H         PUBLIC        KM_LibInit
  C:2E1DH         PUBLIC        _DisableRootHubPort
  X:0000H         PUBLIC        RxBuffer
  X:0040H         PUBLIC        TxBuffer
  D:00E1H         PUBLIC        USB_INT_EN
  C:2D5AH         PUBLIC        _SelectHubPort
  C:2978H         PUBLIC        EnumAllRootDevice
  B:00D8H.1       PUBLIC        UIF_TRANSFER
  C:2940H         PUBLIC        SetupGetHIDDevReport
  D:00DBH         PUBLIC        USB_HUB_ST
  D:00D2H         PUBLIC        UEP1_CTRL
  D:00D4H         PUBLIC        UEP2_CTRL
  D:0098H         PUBLIC        SCON
  X:05DAH         PUBLIC        Set_Port
  D:00D6H         PUBLIC        UEP3_CTRL
  D:0088H         PUBLIC        TCON
  D:00D1H         PUBLIC        USB_RX_LEN
  C:2264H         PUBLIC        _KM_TypeQuery
  C:0003H         PUBLIC        _KM_HostGetData
  C:273FH         PUBLIC        _EnableRootHubPort
  C:2948H         PUBLIC        SetupSetprotocol
  D:00F8H         PUBLIC        SPI0_STAT
  C:2E49H         PUBLIC        _CtrlSetUsbAddress
  C:2918H         PUBLIC        SetupGetCfgDescr
  D:00D9H         PUBLIC        USB_INT_ST
  C:2968H         PUBLIC        SetupSetReport
  C:2930H         PUBLIC        SetupClrEndpStall
  C:3064H         PUBLIC        _CtrlSetIdle
  C:304BH         PUBLIC        _KM_HostSetReport
  C:2928H         PUBLIC        SetupSetUsbConfig
  C:317FH         PUBLIC        _CtrlSetUsbProtocol
  C:316EH         PUBLIC        _CtrlSetUsbConfig
  B:0022H.7       PUBLIC        FoundNewDev
  C:2938H         PUBLIC        SetupGetHubDescr
  C:2910H         PUBLIC        SetupGetDevDescr
  D:00E4H         PUBLIC        UDEV_CTRL
  C:31C0H         PUBLIC        _SetUsbSpeed
  C:1DACH         PUBLIC        _USBHostTransact
  B:00E8H.2       PUBLIC        IE_USB
  D:00C0H         PUBLIC        P4_OUT
  C:2950H         PUBLIC        SetupSetidle
  C:2DBFH         PUBLIC        _CtrlGetHIDDeviceReport
  C:2E75H         PUBLIC        KM_ProcessSystem
  D:00C8H         PUBLIC        T2CON
  X:1000H         PUBLIC        RootHubDev
BL51 BANKED LINKER/LOCATER V6.22                                                      03/27/2018  10:00:47  PAGE 17


  C:2970H         PUBLIC        SetupGetHidDes
  C:2920H         PUBLIC        SetupSetUsbAddr
  C:2958H         PUBLIC        SetupBiosSetidle
  B:0023H.0       PUBLIC        RootHubId
  C:2CB6H         PUBLIC        _ResetRootHubPort
  C:3212H         PUBLIC        _SetHostUsbAddr
  D:00D0H         PUBLIC        PSW
  C:2960H         PUBLIC        SetupBiosSetidleSame
  X:05DBH         PUBLIC        ReportData
  D:00E5H         PUBLIC        UHUB1_CTRL
  -------         PROC          _DISABLEROOTHUBPORT
  D:0007H         SYMBOL        RootHubIndex
  C:2E1DH         LINE#         108
  C:2E1DH         LINE#         109
  C:2E1DH         LINE#         110
  C:2E2DH         LINE#         111
  C:2E3DH         LINE#         112
  C:2E41H         LINE#         113
  C:2E41H         LINE#         114
  C:2E44H         LINE#         115
  C:2E45H         LINE#         117
  C:2E45H         LINE#         118
  C:2E48H         LINE#         119
  C:2E48H         LINE#         120
  -------         ENDPROC       _DISABLEROOTHUBPORT
  -------         PROC          ANALYZEROOTHUB
  -------         DO            
  X:05BDH         SYMBOL        s
  -------         ENDDO         
  C:20FFH         LINE#         129
  C:20FFH         LINE#         130
  C:20FFH         LINE#         132
  C:2104H         LINE#         133
  C:2109H         LINE#         134
  C:2109H         LINE#         135
  C:2114H         LINE#         137
  C:2114H         LINE#         138
  C:2119H         LINE#         139
  C:211FH         LINE#         140
  C:212DH         LINE#         144
  C:2133H         LINE#         145
  C:2133H         LINE#         146
  C:2135H         LINE#         147
  C:213EH         LINE#         148
  C:213EH         LINE#         149
  C:2143H         LINE#         153
  C:2149H         LINE#         154
  C:2149H         LINE#         155
  C:214CH         LINE#         156
  C:214CH         LINE#         158
  C:215BH         LINE#         159
  C:215BH         LINE#         160
  C:2160H         LINE#         161
  C:2160H         LINE#         162
  C:216BH         LINE#         164
  C:216BH         LINE#         165
  C:2170H         LINE#         166
BL51 BANKED LINKER/LOCATER V6.22                                                      03/27/2018  10:00:47  PAGE 18


  C:2176H         LINE#         167
  C:2185H         LINE#         171
  C:218BH         LINE#         172
  C:218BH         LINE#         173
  C:218DH         LINE#         174
  C:2196H         LINE#         175
  C:2196H         LINE#         176
  C:219BH         LINE#         180
  C:21A1H         LINE#         181
  C:21A1H         LINE#         182
  C:21A4H         LINE#         183
  C:21A4H         LINE#         185
  C:21B3H         LINE#         186
  C:21B3H         LINE#         187
  C:21B8H         LINE#         188
  -------         ENDPROC       ANALYZEROOTHUB
  -------         PROC          _SETHOSTUSBADDR
  D:0007H         SYMBOL        addr
  C:3212H         LINE#         196
  C:3212H         LINE#         197
  C:3212H         LINE#         198
  C:321DH         LINE#         199
  -------         ENDPROC       _SETHOSTUSBADDR
  -------         PROC          _SETUSBSPEED
  D:0007H         SYMBOL        FullSpeed
  C:31C0H         LINE#         208
  C:31C0H         LINE#         209
  C:31C0H         LINE#         210
  C:31C3H         LINE#         211
  C:31C3H         LINE#         212
  C:31C6H         LINE#         213
  C:31C9H         LINE#         214
  C:31CAH         LINE#         216
  C:31CAH         LINE#         217
  C:31CDH         LINE#         218
  C:31CDH         LINE#         219
  -------         ENDPROC       _SETUSBSPEED
  -------         PROC          _RESETROOTHUBPORT
  D:0006H         SYMBOL        RootHubIndex
  C:2CB6H         LINE#         227
  C:2CB9H         LINE#         228
  C:2CB9H         LINE#         229
  C:2CBFH         LINE#         230
  C:2CC4H         LINE#         231
  C:2CC8H         LINE#         232
  C:2CC8H         LINE#         233
  C:2CCBH         LINE#         234
  C:2CD2H         LINE#         235
  C:2CD5H         LINE#         236
  C:2CD7H         LINE#         238
  C:2CD7H         LINE#         239
  C:2CDAH         LINE#         240
  C:2CE1H         LINE#         241
  C:2CE4H         LINE#         242
  C:2CE4H         LINE#         243
  C:2CEBH         LINE#         244
  C:2CEDH         LINE#         245
BL51 BANKED LINKER/LOCATER V6.22                                                      03/27/2018  10:00:47  PAGE 19


  -------         ENDPROC       _RESETROOTHUBPORT
  -------         PROC          _ENABLEROOTHUBPORT
  D:0007H         SYMBOL        RootHubIndex
  C:273FH         LINE#         253
  C:273FH         LINE#         254
  C:273FH         LINE#         255
  C:2753H         LINE#         256
  C:2753H         LINE#         257
  C:2764H         LINE#         258
  C:2764H         LINE#         259
  C:2769H         LINE#         260
  C:2769H         LINE#         261
  C:276EH         LINE#         262
  C:276EH         LINE#         263
  C:2773H         LINE#         264
  C:2773H         LINE#         265
  C:2783H         LINE#         266
  C:2785H         LINE#         267
  C:2785H         LINE#         268
  C:2788H         LINE#         269
  C:2788H         LINE#         270
  C:2788H         LINE#         271
  C:278BH         LINE#         272
  C:278EH         LINE#         273
  C:278EH         LINE#         274
  C:278EH         LINE#         276
  C:278EH         LINE#         277
  C:2793H         LINE#         278
  C:2793H         LINE#         279
  C:2798H         LINE#         280
  C:2798H         LINE#         281
  C:27A8H         LINE#         282
  C:27AAH         LINE#         283
  C:27AAH         LINE#         284
  C:27ADH         LINE#         285
  C:27ADH         LINE#         286
  C:27ADH         LINE#         287
  C:27B0H         LINE#         288
  C:27B3H         LINE#         289
  C:27B3H         LINE#         290
  C:27B3H         LINE#         291
  C:27B5H         LINE#         292
  -------         ENDPROC       _ENABLEROOTHUBPORT
  -------         PROC          _SELECTHUBPORT
  D:0006H         SYMBOL        RootHubIndex
  C:2D5AH         LINE#         301
  C:2D5DH         LINE#         302
  C:2D5DH         LINE#         303
  C:2D70H         LINE#         304
  C:2D83H         LINE#         305
  C:2D8CH         LINE#         306
  -------         ENDPROC       _SELECTHUBPORT
  -------         PROC          L?0301
  -------         ENDPROC       L?0301
  -------         PROC          _USBHOSTTRANSACT
  X:05BAH         SYMBOL        endp_pid
  D:0005H         SYMBOL        tog
BL51 BANKED LINKER/LOCATER V6.22                                                      03/27/2018  10:00:47  PAGE 20


  X:05BBH         SYMBOL        timeout
  -------         DO            
  D:0007H         SYMBOL        s
  D:0007H         SYMBOL        r
  D:0006H         SYMBOL        i
  -------         ENDDO         
  C:1DACH         LINE#         334
  C:1DB7H         LINE#         335
  C:1DB7H         LINE#         340
  C:1DBEH         LINE#         341
  C:1DC1H         LINE#         343
  C:1DC1H         LINE#         345
  C:1DC7H         LINE#         346
  C:1DC9H         LINE#         348
  C:1DD9H         LINE#         349
  C:1DDCH         LINE#         352
  C:1DDFH         LINE#         353
  C:1DDFH         LINE#         354
  C:1DE2H         LINE#         355
  C:1DE2H         LINE#         356
  C:1DE5H         LINE#         357
  C:1DE5H         LINE#         359
  C:1DE7H         LINE#         360
  C:1DEAH         LINE#         361
  C:1DEEH         LINE#         362
  C:1DEEH         LINE#         363
  C:1DF0H         LINE#         364
  C:1DF0H         LINE#         365
  C:1E0AH         LINE#         366
  C:1E0AH         LINE#         367
  C:1E0DH         LINE#         368
  C:1E0DH         LINE#         369
  C:1E11H         LINE#         370
  C:1E11H         LINE#         371
  C:1E14H         LINE#         372
  C:1E14H         LINE#         374
  C:1E1BH         LINE#         375
  C:1E1BH         LINE#         376
  C:1E1EH         LINE#         377
  C:1E1EH         LINE#         378
  C:1E21H         LINE#         379
  C:1E21H         LINE#         380
  C:1E24H         LINE#         381
  C:1E24H         LINE#         394
  C:1E29H         LINE#         395
  C:1E2CH         LINE#         396
  C:1E2CH         LINE#         397
  C:1E2EH         LINE#         398
  C:1E2EH         LINE#         399
  C:1E32H         LINE#         400
  C:1E32H         LINE#         401
  C:1E3DH         LINE#         402
  C:1E3DH         LINE#         403
  C:1E40H         LINE#         404
  C:1E40H         LINE#         405
  C:1E49H         LINE#         406
  C:1E49H         LINE#         407
BL51 BANKED LINKER/LOCATER V6.22                                                      03/27/2018  10:00:47  PAGE 21


  C:1E57H         LINE#         408
  C:1E57H         LINE#         409
  C:1E59H         LINE#         410
  C:1E5BH         LINE#         411
  C:1E6EH         LINE#         412
  C:1E6EH         LINE#         413
  C:1E6EH         LINE#         414
  C:1E6EH         LINE#         418
  C:1E71H         LINE#         419
  C:1E71H         LINE#         420
  C:1E73H         LINE#         421
  C:1E73H         LINE#         422
  C:1E73H         LINE#         423
  C:1E73H         LINE#         427
  C:1E7BH         LINE#         428
  C:1E7BH         LINE#         429
  C:1E7BH         LINE#         430
  C:1E7EH         LINE#         431
  C:1E7EH         LINE#         432
  C:1E82H         LINE#         433
  C:1E82H         LINE#         434
  C:1E82H         LINE#         435
  C:1E82H         LINE#         436
  C:1E85H         LINE#         437
  C:1E85H         LINE#         438
  C:1E85H         LINE#         439
  C:1E85H         LINE#         441
  C:1E85H         LINE#         442
  C:1E88H         LINE#         443
  C:1E88H         LINE#         444
  C:1E8FH         LINE#         445
  C:1E8FH         LINE#         446
  C:1E9CH         LINE#         447
  C:1E9EH         LINE#         448
  -------         ENDPROC       _USBHOSTTRANSACT
  C:1610H         SYMBOL        L?0299
  C:1611H         SYMBOL        L?0300
  -------         PROC          L?0298
  -------         ENDPROC       L?0298
  C:1610H         SYMBOL        L?0299
  C:1611H         SYMBOL        L?0300
  -------         PROC          _HOSTCTRLTRANSFER
  D:0006H         SYMBOL        DataBuf
  D:0001H         SYMBOL        RetLen
  -------         DO            
  X:05CAH         SYMBOL        s
  X:05CBH         SYMBOL        RemLen
  X:05CCH         SYMBOL        RxLen
  X:05CDH         SYMBOL        RxCnt
  X:05CEH         SYMBOL        TxCnt
  X:05B5H         SYMBOL        pBuf
  X:05B7H         SYMBOL        pLen
  -------         ENDDO         
  C:161BH         LINE#         459
  C:161BH         LINE#         460
  C:161BH         LINE#         464
  C:1623H         LINE#         465
BL51 BANKED LINKER/LOCATER V6.22                                                      03/27/2018  10:00:47  PAGE 22


  C:162CH         LINE#         466
  C:1633H         LINE#         467
  C:1643H         LINE#         468
  C:1643H         LINE#         469
  C:1647H         LINE#         470
  C:1647H         LINE#         471
  C:164AH         LINE#         472
  C:165AH         LINE#         473
  C:165CH         LINE#         474
  C:165CH         LINE#         475
  C:165FH         LINE#         476
  C:165FH         LINE#         477
  C:1665H         LINE#         478
  C:1668H         LINE#         479
  C:167CH         LINE#         480
  C:168EH         LINE#         481
  C:168EH         LINE#         482
  C:1698H         LINE#         483
  C:1698H         LINE#         484
  C:16A1H         LINE#         485
  C:16A1H         LINE#         486
  C:16A8H         LINE#         487
  C:16B8H         LINE#         488
  C:16BCH         LINE#         489
  C:16BCH         LINE#         490
  C:16BDH         LINE#         491
  C:16BDH         LINE#         492
  C:16D4H         LINE#         493
  C:16E3H         LINE#         494
  C:16F3H         LINE#         495
  C:16F3H         LINE#         496
  C:16F7H         LINE#         497
  C:16F7H         LINE#         500
  C:1707H         LINE#         501
  C:1707H         LINE#         502
  C:1720H         LINE#         503
  C:172EH         LINE#         504
  C:1736H         LINE#         505
  C:1746H         LINE#         506
  C:1746H         LINE#         507
  C:1746H         LINE#         508
  C:1746H         LINE#         509
  C:1746H         LINE#         510
  C:1749H         LINE#         511
  C:174CH         LINE#         513
  C:174CH         LINE#         514
  C:1755H         LINE#         515
  C:1755H         LINE#         516
  C:175CH         LINE#         517
  C:1771H         LINE#         520
  C:177FH         LINE#         521
  C:177FH         LINE#         522
  C:1798H         LINE#         523
  C:17A6H         LINE#         524
  C:17AEH         LINE#         525
  C:17BEH         LINE#         526
  C:17C2H         LINE#         527
BL51 BANKED LINKER/LOCATER V6.22                                                      03/27/2018  10:00:47  PAGE 23


  C:17C2H         LINE#         528
  C:17C3H         LINE#         529
  C:17C3H         LINE#         530
  C:17CBH         LINE#         531
  C:17DEH         LINE#         532
  C:17DEH         LINE#         533
  C:17E8H         LINE#         534
  C:17E8H         LINE#         535
  C:17EBH         LINE#         537
  C:17EBH         LINE#         538
  C:17EBH         LINE#         539
  C:17F2H         LINE#         540
  C:180AH         LINE#         541
  C:180CH         LINE#         542
  C:180CH         LINE#         543
  C:180FH         LINE#         544
  C:180FH         LINE#         545
  C:1813H         LINE#         546
  C:1813H         LINE#         547
  C:1815H         LINE#         548
  C:1815H         LINE#         549
  C:1819H         LINE#         550
  C:1819H         LINE#         551
  C:181BH         LINE#         552
  C:181BH         LINE#         553
  C:181DH         LINE#         554
  -------         ENDPROC       _HOSTCTRLTRANSFER
  -------         PROC          _COPYSETUPREQPKG
  D:0006H         SYMBOL        pReqPkt
  -------         DO            
  D:0005H         SYMBOL        i
  -------         ENDDO         
  C:2FF5H         LINE#         562
  C:2FF5H         LINE#         563
  C:2FF5H         LINE#         565
  C:2FF7H         LINE#         566
  C:2FF7H         LINE#         567
  C:300AH         LINE#         568
  C:300FH         LINE#         569
  C:3014H         LINE#         570
  -------         ENDPROC       _COPYSETUPREQPKG
  -------         PROC          CTRLGETDEVICEDESCR
  -------         DO            
  D:0007H         SYMBOL        s
  X:05AAH         SYMBOL        len
  -------         ENDDO         
  C:2C7CH         LINE#         580
  C:2C7CH         LINE#         581
  C:2C7CH         LINE#         584
  C:2C82H         LINE#         585
  C:2C89H         LINE#         586
  C:2C96H         LINE#         587
  C:2C99H         LINE#         588
  C:2C99H         LINE#         589
  C:2C9AH         LINE#         590
  C:2C9AH         LINE#         591
  C:2CA2H         LINE#         592
BL51 BANKED LINKER/LOCATER V6.22                                                      03/27/2018  10:00:47  PAGE 24


  C:2CB0H         LINE#         593
  C:2CB0H         LINE#         594
  C:2CB3H         LINE#         595
  C:2CB3H         LINE#         596
  C:2CB5H         LINE#         597
  -------         ENDPROC       CTRLGETDEVICEDESCR
  -------         PROC          CTRLGETCONFIGDESCR
  -------         DO            
  D:0007H         SYMBOL        s
  X:05AAH         SYMBOL        len
  -------         ENDDO         
  C:2308H         LINE#         607
  C:2308H         LINE#         608
  C:2308H         LINE#         611
  C:230FH         LINE#         612
  C:231CH         LINE#         613
  C:231FH         LINE#         614
  C:231FH         LINE#         615
  C:2320H         LINE#         616
  C:2320H         LINE#         617
  C:2334H         LINE#         618
  C:2334H         LINE#         619
  C:2337H         LINE#         620
  C:2337H         LINE#         621
  C:2344H         LINE#         622
  C:2350H         LINE#         623
  C:2350H         LINE#         624
  C:2353H         LINE#         625
  C:2353H         LINE#         626
  C:235AH         LINE#         627
  C:2363H         LINE#         628
  C:2370H         LINE#         629
  C:2373H         LINE#         630
  C:2373H         LINE#         631
  C:2374H         LINE#         632
  C:2374H         LINE#         633
  C:2395H         LINE#         634
  C:2395H         LINE#         635
  C:2398H         LINE#         636
  C:2398H         LINE#         637
  C:239AH         LINE#         638
  -------         ENDPROC       CTRLGETCONFIGDESCR
  -------         PROC          _CTRLSETUSBADDRESS
  X:05AAH         SYMBOL        addr
  -------         DO            
  D:0007H         SYMBOL        s
  -------         ENDDO         
  C:2E49H         LINE#         647
  C:2E4EH         LINE#         648
  C:2E4EH         LINE#         650
  C:2E55H         LINE#         651
  C:2E5CH         LINE#         652
  C:2E5FH         LINE#         653
  C:2E62H         LINE#         654
  C:2E62H         LINE#         655
  C:2E63H         LINE#         656
  C:2E63H         LINE#         657
BL51 BANKED LINKER/LOCATER V6.22                                                      03/27/2018  10:00:47  PAGE 25


  C:2E6BH         LINE#         658
  C:2E72H         LINE#         659
  C:2E74H         LINE#         660
  -------         ENDPROC       _CTRLSETUSBADDRESS
  -------         PROC          _CTRLSETUSBCONFIG
  D:0003H         SYMBOL        cfg
  C:316EH         LINE#         669
  C:3171H         LINE#         670
  C:3171H         LINE#         671
  C:3178H         LINE#         672
  C:317BH         LINE#         673
  C:317EH         LINE#         674
  -------         ENDPROC       _CTRLSETUSBCONFIG
  -------         PROC          _KM_HOSTSETREPORT
  X:05B4H         SYMBOL        cfg
  C:304BH         LINE#         683
  C:3050H         LINE#         684
  C:3050H         LINE#         685
  C:3057H         LINE#         686
  -------         ENDPROC       _KM_HOSTSETREPORT
  -------         PROC          _CTRLSETUSBPROTOCOL
  D:0003H         SYMBOL        IfNum
  C:317FH         LINE#         697
  C:3182H         LINE#         698
  C:3182H         LINE#         699
  C:3189H         LINE#         700
  C:318CH         LINE#         701
  C:318FH         LINE#         702
  -------         ENDPROC       _CTRLSETUSBPROTOCOL
  -------         PROC          _CTRLSETIDLE
  D:0002H         SYMBOL        index
  D:0003H         SYMBOL        time
  C:3064H         LINE#         712
  C:306AH         LINE#         713
  C:306AH         LINE#         714
  C:3071H         LINE#         715
  C:3076H         LINE#         716
  C:3079H         LINE#         717
  C:307CH         LINE#         718
  -------         ENDPROC       _CTRLSETIDLE
  -------         PROC          _CTRLGETHIDDEVICEREPORT
  D:0002H         SYMBOL        Len
  D:0001H         SYMBOL        IfNum
  C:2DBFH         LINE#         729
  C:2DC8H         LINE#         730
  C:2DC8H         LINE#         731
  C:2DCFH         LINE#         732
  C:2DD6H         LINE#         733
  C:2DDDH         LINE#         734
  C:2DE2H         LINE#         735
  C:2DEFH         LINE#         736
  -------         ENDPROC       _CTRLGETHIDDEVICEREPORT
  -------         PROC          _KM_HOSTANALYSEMOUSEHID
  X:05AAH         SYMBOL        index
  X:05ABH         SYMBOL        num
  -------         DO            
  X:05ACH         SYMBOL        i
BL51 BANKED LINKER/LOCATER V6.22                                                      03/27/2018  10:00:47  PAGE 26


  X:05AEH         SYMBOL        j
  X:05B0H         SYMBOL        s
  X:05B1H         SYMBOL        size
  X:05B2H         SYMBOL        count
  X:05B3H         SYMBOL        locat
  X:05B4H         SYMBOL        dis_flag
  -------         ENDDO         
  C:06EFH         LINE#         738
  C:06F7H         LINE#         739
  C:06F7H         LINE#         742
  C:071DH         LINE#         744
  C:0743H         LINE#         745
  C:0748H         LINE#         746
  C:074AH         LINE#         747
  C:0752H         LINE#         748
  C:078BH         LINE#         749
  C:07A2H         LINE#         750
  C:07BAH         LINE#         751
  C:07BAH         LINE#         752
  C:07DBH         LINE#         753
  C:07DBH         LINE#         754
  C:07E9H         LINE#         755
  C:07F2H         LINE#         756
  C:07FAH         LINE#         757
  C:0802H         LINE#         758
  C:0803H         LINE#         759
  C:0817H         LINE#         760
  C:0862H         LINE#         761
  C:0862H         LINE#         762
  C:0875H         LINE#         763
  C:0876H         LINE#         764
  C:0878H         LINE#         765
  C:0878H         LINE#         766
  C:087DH         LINE#         767
  C:0881H         LINE#         768
  C:088FH         LINE#         769
  C:0892H         LINE#         770
  C:0892H         LINE#         771
  C:08A0H         LINE#         772
  C:08A3H         LINE#         773
  C:08A3H         LINE#         774
  C:08A3H         LINE#         775
  C:08A3H         LINE#         776
  C:08CAH         LINE#         777
  C:08CAH         LINE#         778
  C:08D8H         LINE#         779
  C:08EDH         LINE#         780
  C:08F0H         LINE#         781
  C:08F0H         LINE#         782
  C:08FEH         LINE#         783
  C:0913H         LINE#         784
  C:0916H         LINE#         785
  C:0916H         LINE#         786
  C:0924H         LINE#         787
  C:094BH         LINE#         788
  C:0957H         LINE#         789
  C:096DH         LINE#         790
BL51 BANKED LINKER/LOCATER V6.22                                                      03/27/2018  10:00:47  PAGE 27


  C:096DH         LINE#         791
  C:0970H         LINE#         792
  C:0970H         LINE#         793
  C:097EH         LINE#         794
  C:0985H         LINE#         795
  C:0988H         LINE#         796
  C:0988H         LINE#         797
  C:0996H         LINE#         798
  C:0999H         LINE#         799
  C:0999H         LINE#         800
  C:0999H         LINE#         801
  C:0999H         LINE#         802
  C:09B1H         LINE#         803
  C:09B1H         LINE#         804
  C:09BFH         LINE#         805
  C:09E1H         LINE#         806
  C:09EDH         LINE#         807
  C:0A07H         LINE#         808
  C:0A0EH         LINE#         809
  C:0A11H         LINE#         810
  C:0A22H         LINE#         811
  C:0A2EH         LINE#         812
  C:0A48H         LINE#         813
  C:0A4FH         LINE#         814
  C:0A51H         LINE#         815
  C:0A72H         LINE#         816
  C:0A7EH         LINE#         817
  C:0A98H         LINE#         818
  C:0A98H         LINE#         819
  C:0A9AH         LINE#         820
  C:0A9AH         LINE#         821
  C:0AA8H         LINE#         822
  C:0AAAH         LINE#         823
  C:0AAAH         LINE#         824
  C:0AAAH         LINE#         825
  C:0AAAH         LINE#         826
  C:0AB8H         LINE#         827
  C:0AB8H         LINE#         828
  C:0AB8H         LINE#         829
  C:0ACCH         LINE#         831
  C:0B3FH         LINE#         832
  C:0B3FH         LINE#         833
  C:0B3FH         LINE#         835
  C:0B7EH         LINE#         836
  C:0B8BH         LINE#         837
  C:0BB1H         LINE#         838
  C:0BB1H         LINE#         842
  C:0BB3H         LINE#         843
  C:0BB3H         LINE#         844
  C:0BDAH         LINE#         845
  C:0BE4H         LINE#         849
  C:0BE4H         LINE#         851
  C:0BE7H         LINE#         852
  C:0BE7H         LINE#         853
  C:0C01H         LINE#         855
  C:0C0EH         LINE#         859
  C:0C10H         LINE#         860
BL51 BANKED LINKER/LOCATER V6.22                                                      03/27/2018  10:00:47  PAGE 28


  C:0C1FH         LINE#         864
  C:0C45H         LINE#         866
  C:0C48H         LINE#         867
  C:0C48H         LINE#         868
  C:0C48H         LINE#         869
  C:0C4AH         LINE#         870
  -------         ENDPROC       _KM_HOSTANALYSEMOUSEHID
  -------         PROC          _INITROOTDEVICE
  X:05A4H         SYMBOL        RootHubIndex
  -------         DO            
  X:05A5H         SYMBOL        ep
  X:05A6H         SYMBOL        i
  X:05A7H         SYMBOL        s
  X:05A8H         SYMBOL        cfg
  X:05A9H         SYMBOL        dv_cls
  D:0007H         SYMBOL        if_cls
  D:0006H         SYMBOL        adr
  -------         ENDDO         
  C:0C4BH         LINE#         879
  C:0C50H         LINE#         880
  C:0C50H         LINE#         886
  C:0C53H         LINE#         887
  C:0C5AH         LINE#         888
  C:0C5AH         LINE#         889
  C:0C61H         LINE#         890
  C:0C6CH         LINE#         891
  C:0C6CH         LINE#         892
  C:0C70H         LINE#         893
  C:0C74H         LINE#         894
  C:0C7AH         LINE#         895
  C:0C7AH         LINE#         896
  C:0C7AH         LINE#         897
  C:0C7AH         LINE#         898
  C:0C7AH         LINE#         899
  C:0C86H         LINE#         900
  C:0C8CH         LINE#         901
  C:0C8CH         LINE#         902
  C:0C94H         LINE#         906
  C:0C97H         LINE#         907
  C:0C97H         LINE#         908
  C:0C9FH         LINE#         912
  C:0CA7H         LINE#         913
  C:0CACH         LINE#         919
  C:0CB4H         LINE#         920
  C:0CC8H         LINE#         921
  C:0CCDH         LINE#         922
  C:0CE9H         LINE#         926
  C:0CF1H         LINE#         927
  C:0CF6H         LINE#         928
  C:0D0FH         LINE#         929
  C:0D26H         LINE#         930
  C:0D2EH         LINE#         939
  C:0D33H         LINE#         940
  C:0D50H         LINE#         941
  C:0D50H         LINE#         942
  C:0D55H         LINE#         943
  C:0D78H         LINE#         944
BL51 BANKED LINKER/LOCATER V6.22                                                      03/27/2018  10:00:47  PAGE 29


  C:0D88H         LINE#         945
  C:0D9AH         LINE#         946
  C:0D9AH         LINE#         947
  C:0DACH         LINE#         948
  C:0DBBH         LINE#         949
  C:0DCDH         LINE#         950
  C:0DCDH         LINE#         951
  C:0DE3H         LINE#         952
  C:0DF5H         LINE#         953
  C:0E27H         LINE#         954
  C:0E59H         LINE#         955
  C:0E9AH         LINE#         956
  C:0E9AH         LINE#         957
  C:0EAFH         LINE#         958
  C:0EB9H         LINE#         959
  C:0ECBH         LINE#         960
  C:0EDDH         LINE#         961
  C:0EDDH         LINE#         962
  C:0EDFH         LINE#         963
  C:0EDFH         LINE#         964
  C:0EF1H         LINE#         965
  C:0F19H         LINE#         966
  C:0F2BH         LINE#         967
  C:0F2DH         LINE#         968
  C:0F2DH         LINE#         969
  C:0F2DH         LINE#         970
  C:0F2DH         LINE#         975
  C:0F36H         LINE#         976
  C:0F43H         LINE#         977
  C:0F48H         LINE#         978
  C:0F48H         LINE#         979
  C:0F69H         LINE#         980
  C:0F83H         LINE#         981
  C:0F8BH         LINE#         991
  C:0F8DH         LINE#         992
  C:0F9FH         LINE#         993
  C:0FA1H         LINE#         994
  C:0FA4H         LINE#         995
  C:0FACH         LINE#         996
  C:0FBAH         LINE#         997
  C:0FC2H         LINE#         998
  C:0FC2H         LINE#         999
  C:0FC5H         LINE#         1000
  C:0FC5H         LINE#         1001
  C:0FC5H         LINE#         1002
  C:0FC5H         LINE#         1003
  C:0FC5H         LINE#         1004
  C:0FC5H         LINE#         1005
  C:0FCAH         LINE#         1006
  C:0FCCH         LINE#         1007
  -------         ENDPROC       _INITROOTDEVICE
  -------         PROC          ENUMALLROOTDEVICE
  -------         DO            
  D:0007H         SYMBOL        s
  X:05A3H         SYMBOL        RootHubIndex
  -------         ENDDO         
  C:2978H         LINE#         1015
BL51 BANKED LINKER/LOCATER V6.22                                                      03/27/2018  10:00:47  PAGE 30


  C:2978H         LINE#         1016
  C:2978H         LINE#         1021
  C:2986H         LINE#         1022
  C:2986H         LINE#         1023
  C:2999H         LINE#         1024
  C:2999H         LINE#         1025
  C:299CH         LINE#         1026
  C:29A2H         LINE#         1027
  C:29A2H         LINE#         1028
  C:29B2H         LINE#         1029
  C:29B4H         LINE#         1030
  C:29B4H         LINE#         1031
  C:29C5H         LINE#         1032
  C:29C5H         LINE#         1033
  C:29CDH         LINE#         1034
  C:29CFH         LINE#         1035
  -------         ENDPROC       ENUMALLROOTDEVICE
  -------         PROC          INITUSB_HOST
  -------         DO            
  D:0006H         SYMBOL        i
  -------         ENDDO         
  C:2B82H         LINE#         1044
  C:2B82H         LINE#         1045
  C:2B82H         LINE#         1047
  C:2B84H         LINE#         1048
  C:2B87H         LINE#         1049
  C:2B8AH         LINE#         1050
  C:2B90H         LINE#         1051
  C:2B9AH         LINE#         1052
  C:2BA4H         LINE#         1053
  C:2BA7H         LINE#         1054
  C:2BA9H         LINE#         1055
  C:2BACH         LINE#         1057
  C:2BAFH         LINE#         1058
  C:2BB2H         LINE#         1059
  C:2BB3H         LINE#         1060
  C:2BB3H         LINE#         1061
  C:2BB9H         LINE#         1062
  C:2BBEH         LINE#         1063
  C:2BC1H         LINE#         1065
  -------         ENDPROC       INITUSB_HOST
  -------         PROC          KM_PROCESSSYSTEM
  -------         DO            
  X:05A2H         SYMBOL        s
  -------         ENDDO         
  C:2E75H         LINE#         1075
  C:2E75H         LINE#         1076
  C:2E75H         LINE#         1080
  C:2E77H         LINE#         1081
  C:2E7FH         LINE#         1082
  C:2E82H         LINE#         1083
  C:2E82H         LINE#         1084
  C:2E84H         LINE#         1085
  C:2E84H         LINE#         1087
  C:2E8EH         LINE#         1088
  C:2E8EH         LINE#         1089
  C:2E90H         LINE#         1090
BL51 BANKED LINKER/LOCATER V6.22                                                      03/27/2018  10:00:47  PAGE 31


  C:2E97H         LINE#         1091
  C:2E9FH         LINE#         1092
  C:2E9FH         LINE#         1093
  -------         ENDPROC       KM_PROCESSSYSTEM
  -------         PROC          KM_LIBINIT
  C:30C4H         LINE#         1102
  C:30C4H         LINE#         1103
  C:30C4H         LINE#         1104
  C:30C7H         LINE#         1105
  C:30CCH         LINE#         1106
  C:30CEH         LINE#         1107
  -------         ENDPROC       KM_LIBINIT
  -------         PROC          _KM_HOSTGETDATA
  X:05A2H         SYMBOL        RootHubIndex
  X:05A3H         SYMBOL        buf
  X:05A6H         SYMBOL        len
  X:05A9H         SYMBOL        SourceDatBuf
  X:05ACH         SYMBOL        SourceLen
  -------         DO            
  X:05AFH         SYMBOL        i
  X:05B0H         SYMBOL        s
  X:05B1H         SYMBOL        num
  X:05B2H         SYMBOL        c
  X:05B3H         SYMBOL        j
  -------         ENDDO         
  C:0003H         LINE#         1111
  C:0013H         LINE#         1112
  C:0013H         LINE#         1114
  C:0022H         LINE#         1128
  C:0038H         LINE#         1129
  C:0040H         LINE#         1130
  C:0056H         LINE#         1131
  C:0068H         LINE#         1132
  C:0088H         LINE#         1133
  C:00D7H         LINE#         1134
  C:00DCH         LINE#         1140
  C:00E2H         LINE#         1141
  C:0106H         LINE#         1142
  C:0116H         LINE#         1144
  C:011DH         LINE#         1145
  C:0125H         LINE#         1146
  C:0128H         LINE#         1147
  C:0128H         LINE#         1148
  C:012FH         LINE#         1149
  C:0137H         LINE#         1150
  C:013AH         LINE#         1151
  C:013AH         LINE#         1152
  C:0141H         LINE#         1153
  C:0149H         LINE#         1154
  C:014CH         LINE#         1155
  C:014CH         LINE#         1156
  C:015AH         LINE#         1157
  C:0165H         LINE#         1158
  C:0168H         LINE#         1159
  C:0170H         LINE#         1160
  C:0170H         LINE#         1161
  C:0182H         LINE#         1162
BL51 BANKED LINKER/LOCATER V6.22                                                      03/27/2018  10:00:47  PAGE 32


  C:01C1H         LINE#         1163
  C:01D5H         LINE#         1164
  C:021AH         LINE#         1165
  C:021DH         LINE#         1166
  C:021DH         LINE#         1167
  C:021DH         LINE#         1168
  C:024AH         LINE#         1174
  C:0289H         LINE#         1175
  C:028EH         LINE#         1176
  C:02B2H         LINE#         1177
  C:02C2H         LINE#         1178
  C:0307H         LINE#         1186
  C:0325H         LINE#         1187
  C:0328H         LINE#         1188
  C:0345H         LINE#         1189
  C:0355H         LINE#         1190
  C:0355H         LINE#         1191
  C:0396H         LINE#         1192
  C:03ACH         LINE#         1196
  C:03E3H         LINE#         1197
  C:0411H         LINE#         1198
  C:0436H         LINE#         1199
  C:0439H         LINE#         1200
  C:0450H         LINE#         1203
  C:0484H         LINE#         1204
  C:049DH         LINE#         1205
  C:049FH         LINE#         1206
  C:049FH         LINE#         1207
  C:04D6H         LINE#         1208
  C:04FFH         LINE#         1209
  C:04FFH         LINE#         1210
  C:0549H         LINE#         1211
[...]
  C:2850H         LINE#         263
  C:2853H         LINE#         264
  C:2853H         LINE#         265
  C:2853H         LINE#         266
  C:2853H         LINE#         267
  C:2853H         LINE#         269
  C:2854H         LINE#         270
  C:2857H         LINE#         271
  C:285EH         LINE#         272
  C:2860H         LINE#         273
  C:2865H         LINE#         274
  C:2868H         LINE#         275
  C:286BH         LINE#         276
  C:286BH         LINE#         277
  C:286EH         LINE#         279
  C:286EH         LINE#         280
  C:287FH         LINE#         281
  C:2884H         LINE#         282
  C:2891H         LINE#         284
  C:2894H         LINE#         285
  C:289AH         LINE#         286
  C:289CH         LINE#         287
  C:289CH         LINE#         288
  C:289EH         LINE#         289
  C:289EH         LINE#         290
  -------         ENDPROC       _I2C_PUTS
  -------         PROC          _I2C_GETS
  D:0007H         SYMBOL        SlaveAddr
  D:0004H         SYMBOL        SubAddr
  D:0003H         SYMBOL        SubMod
  D:0018H         SYMBOL        dat
  D:001BH         SYMBOL        Size
  -------         DO            
  D:0002H         SYMBOL        i
  D:001DH         SYMBOL        a
  -------         ENDDO         
  C:25B9H         LINE#         308
  C:25B9H         LINE#         313
  C:25C1H         LINE#         315
  C:25C6H         LINE#         317
  C:25CEH         LINE#         319
  C:25D1H         LINE#         321
  C:25D4H         LINE#         322
  C:25D7H         LINE#         323
  C:25D9H         LINE#         324
  C:25DCH         LINE#         325
  C:25DFH         LINE#         326
  C:25DFH         LINE#         328
  C:25E0H         LINE#         329
  C:25E3H         LINE#         330
BL51 BANKED LINKER/LOCATER V6.22                                                      03/27/2018  10:00:47  PAGE 51


  C:25EAH         LINE#         331
  C:25ECH         LINE#         332
  C:25F1H         LINE#         333
  C:25F1H         LINE#         334
  C:25F3H         LINE#         335
  C:25F3H         LINE#         336
  C:25F6H         LINE#         337
  C:25F6H         LINE#         340
  C:25F9H         LINE#         342
  C:25FCH         LINE#         343
  C:2601H         LINE#         344
  C:2604H         LINE#         345
  C:2607H         LINE#         346
  C:2607H         LINE#         348
  C:2607H         LINE#         349
  C:261CH         LINE#         350
  C:2629H         LINE#         351
  C:262EH         LINE#         352
  C:2630H         LINE#         353
  C:2630H         LINE#         354
  C:2635H         LINE#         355
  C:2637H         LINE#         357
  C:263AH         LINE#         358
  C:263CH         LINE#         359
  -------         ENDPROC       _I2C_GETS
  -------         ENDMOD        I2C

  -------         MODULE        SSD1306
  C:0000H         SYMBOL        _ICE_DUMMY_
  C:31B1H         PUBLIC        SSD1306_Clear
  C:31EAH         SYMBOL        delay
  C:3031H         SYMBOL        _SSD1306_SendData
  C:32ACH         PUBLIC        _SSD1306_DrawString
  C:19E5H         PUBLIC        _SSD1306_DrawChar
  C:2D24H         PUBLIC        _SSD1306_DrawPixel
  C:26BFH         PUBLIC        SSD1306_Init
  C:1B66H         PUBLIC        _SSD1306_FillRect
  C:1F6FH         PUBLIC        _SSD1306_DrawLine
  X:0140H         SYMBOL        VRAM
  C:2D8DH         SYMBOL        _SSD1306_SendCommand
  C:2AFDH         PUBLIC        SSD1306_Refresh
  B:0024H.1       PUBLIC        isPageAddressingMode
  X:0540H         SYMBOL        tmpBuf
  C:203CH         PUBLIC        _SSD1306_DrawCircle
  C:1E9FH         SYMBOL        Com0087
  C:1E9FH         SYMBOL        L?0136
  C:1E9FH         SYMBOL        L?0137
  C:1EA6H         SYMBOL        L?0138
  C:1EADH         SYMBOL        L?0139
  C:1EB1H         SYMBOL        L?0140
  C:1EBBH         SYMBOL        L?0141
  C:1EBBH         SYMBOL        L?0142
  C:1EBDH         SYMBOL        L?0143
  C:1ECBH         SYMBOL        L?0144
  C:1ECBH         SYMBOL        L?0145
  C:1ED8H         SYMBOL        L?0148
  C:1EE1H         SYMBOL        L?0149
BL51 BANKED LINKER/LOCATER V6.22                                                      03/27/2018  10:00:47  PAGE 52


  C:1EEEH         SYMBOL        L?0150
  C:1EF0H         SYMBOL        L?0151
  C:1EF1H         SYMBOL        L?0152
  C:1EFCH         SYMBOL        L?0153
  C:1F19H         SYMBOL        L?0155
  C:1F2BH         SYMBOL        L?0157
  C:1F3CH         SYMBOL        L?0158
  C:1F49H         SYMBOL        L?0159
  C:1F49H         SYMBOL        L?0160
  C:1F51H         SYMBOL        L?0161
  C:1F51H         SYMBOL        L?0162
  C:1F59H         SYMBOL        L?0163
  C:1F65H         SYMBOL        L?0165
  -------         PROC          COM0087
  -------         ENDPROC       COM0087
  -------         PROC          DELAY
  -------         DO            
  D:0007H         SYMBOL        x
  D:0006H         SYMBOL        y
  -------         ENDDO         
  C:31EAH         LINE#         57
  C:31EAH         LINE#         59
  C:31ECH         LINE#         60
  C:31EEH         LINE#         61
  C:31EFH         LINE#         62
  C:31F3H         LINE#         63
  C:31F7H         LINE#         64
  -------         ENDPROC       DELAY
  -------         PROC          _SSD1306_SENDCOMMAND
  D:0077H         SYMBOL        value
  -------         DO            
  D:0078H         SYMBOL        dat
  -------         ENDDO         
  C:2D8DH         LINE#         66
  C:2D8FH         LINE#         68
  C:2D92H         LINE#         69
  C:2D95H         LINE#         70
  C:2DAAH         LINE#         71
  C:2DADH         LINE#         72
  C:2DBCH         LINE#         73
  -------         ENDPROC       _SSD1306_SENDCOMMAND
  -------         PROC          _SSD1306_SENDDATA
  D:0079H         SYMBOL        value
  -------         DO            
  D:007AH         SYMBOL        dat
  -------         ENDDO         
  C:3031H         LINE#         76
  C:3033H         LINE#         78
  C:3036H         LINE#         79
  C:3039H         LINE#         80
  C:303FH         LINE#         81
  C:3042H         LINE#         82
  C:3048H         LINE#         83
  -------         ENDPROC       _SSD1306_SENDDATA
  -------         PROC          SSD1306_INIT
  C:26BFH         LINE#         86
  C:26BFH         LINE#         88
BL51 BANKED LINKER/LOCATER V6.22                                                      03/27/2018  10:00:47  PAGE 53


  C:26C2H         LINE#         89
  C:26C7H         LINE#         90
  C:26CCH         LINE#         91
  C:26D1H         LINE#         92
  C:26D6H         LINE#         93
  C:26DBH         LINE#         94
  C:26E0H         LINE#         95
  C:26E5H         LINE#         96
  C:26EAH         LINE#         97
  C:26EFH         LINE#         99
  C:26F4H         LINE#         100
  C:26F9H         LINE#         101
  C:26FEH         LINE#         102
  C:2703H         LINE#         103
  C:2708H         LINE#         105
  C:270DH         LINE#         106
  C:2712H         LINE#         108
  C:2717H         LINE#         109
  C:271CH         LINE#         110
  C:2721H         LINE#         111
  C:2726H         LINE#         112
  C:272BH         LINE#         113
  C:2730H         LINE#         114
  C:2735H         LINE#         115
  C:273AH         LINE#         116
  -------         ENDPROC       SSD1306_INIT
  -------         PROC          SSD1306_REFRESH
  -------         DO            
  D:0074H         SYMBOL        x
  D:0075H         SYMBOL        y
  -------         ENDDO         
  C:2AFDH         LINE#         119
  C:2AFDH         LINE#         120
  C:2B00H         LINE#         121
  C:2B04H         LINE#         122
  C:2B08H         LINE#         123
  C:2B0BH         LINE#         124
  C:2B25H         LINE#         125
  C:2B2EH         LINE#         126
  C:2B3FH         LINE#         127
  -------         ENDPROC       SSD1306_REFRESH
  -------         PROC          SSD1306_CLEAR
  C:31B1H         LINE#         129
  C:31B1H         LINE#         130
  -------         ENDPROC       SSD1306_CLEAR
  -------         PROC          _SSD1306_DRAWCHAR
  D:004BH         SYMBOL        fontSize
  D:004CH         SYMBOL        chr
  D:004EH         SYMBOL        x
  D:004FH         SYMBOL        y
  B:0023H.3       SYMBOL        c
  -------         DO            
  D:0050H         SYMBOL        i
  D:0051H         SYMBOL        page
  -------         DO            
  D:0052H         SYMBOL        vramOffset
  D:0054H         SYMBOL        offsetInPage
BL51 BANKED LINKER/LOCATER V6.22                                                      03/27/2018  10:00:47  PAGE 54


  -------         ENDDO         
  -------         ENDDO         
  C:19E5H         LINE#         138
  C:19EDH         LINE#         140
  C:19F8H         LINE#         141
  C:1A0AH         LINE#         142
  C:1A16H         LINE#         143
  C:1A24H         LINE#         144
  C:1A30H         LINE#         146
  C:1A3DH         LINE#         148
  C:1A57H         LINE#         150
  C:1A65H         LINE#         152
  C:1A86H         LINE#         154
  C:1A8CH         LINE#         155
  C:1A91H         LINE#         157
  C:1A94H         LINE#         158
  C:1AB1H         LINE#         160
  C:1AD2H         LINE#         161
  C:1AD2H         LINE#         163
  C:1AD2H         LINE#         165
  C:1ADAH         LINE#         166
  C:1ADFH         LINE#         167
  C:1AE2H         LINE#         168
  C:1AFBH         LINE#         170
  C:1B18H         LINE#         171
  C:1B18H         LINE#         172
  C:1B18H         LINE#         174
  C:1B1DH         LINE#         175
  C:1B22H         LINE#         176
  C:1B25H         LINE#         177
  C:1B40H         LINE#         179
  C:1B60H         LINE#         180
  C:1B60H         LINE#         181
  C:1B60H         LINE#         182
  C:1B65H         LINE#         183
  -------         ENDPROC       _SSD1306_DRAWCHAR
  -------         PROC          _SSD1306_DRAWSTRING
  D:0067H         SYMBOL        fontSize
  D:0068H         SYMBOL        str
  D:006BH         SYMBOL        x
  D:006DH         SYMBOL        y
  B:0023H.4       SYMBOL        c
  C:32ACH         LINE#         185
  C:32B4H         LINE#         187
  -------         ENDPROC       _SSD1306_DRAWSTRING
  -------         PROC          _SSD1306_DRAWPIXEL
  D:0004H         SYMBOL        x
  D:0005H         SYMBOL        y
  B:0023H.5       SYMBOL        c
  C:2D24H         LINE#         192
  C:2D26H         LINE#         193
  C:2D2CH         LINE#         194
  C:2D32H         LINE#         195
  C:2D35H         LINE#         196
  C:2D47H         LINE#         198
  C:2D59H         LINE#         199
  -------         ENDPROC       _SSD1306_DRAWPIXEL
BL51 BANKED LINKER/LOCATER V6.22                                                      03/27/2018  10:00:47  PAGE 55


  C:2030H         SYMBOL        L?0164
  -------         PROC          _SSD1306_DRAWLINE
  D:0007H         SYMBOL        x0
  D:0005H         SYMBOL        y0
  D:0057H         SYMBOL        x1
  D:0058H         SYMBOL        y1
  B:0023H.6       SYMBOL        c
  -------         DO            
  D:0059H         SYMBOL        dx
  D:005AH         SYMBOL        dy
  D:005BH         SYMBOL        ux
  D:005CH         SYMBOL        uy
  D:0003H         SYMBOL        x
  D:0001H         SYMBOL        y
  D:005DH         SYMBOL        eps
  -------         ENDDO         
  C:1F6FH         LINE#         207
  C:1F71H         LINE#         208
  C:1F77H         LINE#         209
  C:1F7DH         LINE#         210
  C:1F92H         LINE#         211
  C:1FA7H         LINE#         212
  C:1FAEH         LINE#         214
  C:1FC2H         LINE#         215
  C:1FD6H         LINE#         216
  C:1FE3H         LINE#         217
  C:1FE8H         LINE#         218
  C:1FEBH         LINE#         219
  C:1FF1H         LINE#         220
  C:1FF8H         LINE#         221
  C:1FFCH         LINE#         222
  C:2003H         LINE#         223
  C:2003H         LINE#         224
  C:2009H         LINE#         225
  C:2009H         LINE#         226
  C:200EH         LINE#         227
  C:2011H         LINE#         228
  C:2017H         LINE#         229
  C:201EH         LINE#         230
  C:2022H         LINE#         231
  C:2029H         LINE#         232
  C:2029H         LINE#         233
  C:202FH         LINE#         234
  C:202FH         LINE#         235
  -------         ENDPROC       _SSD1306_DRAWLINE
  -------         PROC          _SSD1306_FILLRECT
  D:005EH         SYMBOL        x
  D:0001H         SYMBOL        y
  D:0060H         SYMBOL        w
  D:0061H         SYMBOL        h
  B:0023H.7       SYMBOL        c
  -------         DO            
  D:0005H         SYMBOL        i
  D:0004H         SYMBOL        j
  -------         DO            
  D:0062H         SYMBOL        page0
  D:0063H         SYMBOL        page1
BL51 BANKED LINKER/LOCATER V6.22                                                      03/27/2018  10:00:47  PAGE 56


  D:0064H         SYMBOL        _y0
  D:0065H         SYMBOL        _y1
  -------         DO            
  D:0066H         SYMBOL        mask
  -------         ENDDO         
  -------         ENDDO         
  -------         ENDDO         
  C:1B66H         LINE#         240
  C:1B6CH         LINE#         242
  C:1B76H         LINE#         243
  C:1B8FH         LINE#         244
  C:1B98H         LINE#         245
  C:1BAFH         LINE#         247
  C:1BBFH         LINE#         248
  C:1BC7H         LINE#         249
  C:1BDBH         LINE#         250
  C:1BE0H         LINE#         251
  C:1BE8H         LINE#         252
  C:1BEEH         LINE#         253
  C:1BF0H         LINE#         254
  C:1BF8H         LINE#         255
  C:1C05H         LINE#         256
  C:1C08H         LINE#         257
  C:1C10H         LINE#         258
  C:1C17H         LINE#         259
  C:1C1AH         LINE#         260
  C:1C24H         LINE#         261
  C:1C24H         LINE#         262
  C:1C27H         LINE#         263
  C:1C2FH         LINE#         264
  C:1C34H         LINE#         265
  C:1C37H         LINE#         266
  C:1C4CH         LINE#         268
  C:1C5CH         LINE#         269
  C:1C63H         LINE#         270
  C:1C66H         LINE#         271
  C:1C76H         LINE#         273
  C:1C85H         LINE#         274
  C:1C87H         LINE#         275
  C:1C8EH         LINE#         276
  C:1C96H         LINE#         278
  C:1C9BH         LINE#         279
  C:1C9BH         LINE#         280
  C:1C9FH         LINE#         281
  C:1C9FH         LINE#         282
  C:1CA3H         LINE#         283
  -------         ENDPROC       _SSD1306_FILLRECT
  C:20C4H         SYMBOL        L?0146
  C:20D1H         SYMBOL        L?0147
  C:20DFH         SYMBOL        L?0154
  C:20EDH         SYMBOL        L?0156
  -------         PROC          _SSD1306_DRAWCIRCLE
  D:006FH         SYMBOL        x1
  D:0001H         SYMBOL        y1
  D:0003H         SYMBOL        r
  B:0024H.0       SYMBOL        c
  -------         DO            
BL51 BANKED LINKER/LOCATER V6.22                                                      03/27/2018  10:00:47  PAGE 57


  D:0070H         SYMBOL        x
  D:0072H         SYMBOL        y
  D:0003H         SYMBOL        d
  -------         ENDDO         
  C:203CH         LINE#         288
  C:2040H         LINE#         289
  C:204BH         LINE#         290
  C:2050H         LINE#         291
  C:2061H         LINE#         292
  C:2068H         LINE#         293
  C:206CH         LINE#         294
  C:2072H         LINE#         295
  C:2077H         LINE#         296
  C:207DH         LINE#         297
  C:2085H         LINE#         298
  C:208CH         LINE#         299
  C:2093H         LINE#         300
  C:209BH         LINE#         301
  C:20A3H         LINE#         302
  C:20A5H         LINE#         303
  C:20B0H         LINE#         304
  C:20B8H         LINE#         305
  C:20B8H         LINE#         306
  C:20C0H         LINE#         307
  C:20C3H         LINE#         308
  -------         ENDPROC       _SSD1306_DRAWCIRCLE
  -------         ENDMOD        SSD1306

  -------         MODULE        ?C?COPY
  C:1402H         PUBLIC        ?C?COPY
  -------         ENDMOD        ?C?COPY

  -------         MODULE        ?C?CLDPTR
  C:1428H         PUBLIC        ?C?CLDPTR
  -------         ENDMOD        ?C?CLDPTR

  -------         MODULE        ?C?CLDOPTR
  C:1441H         PUBLIC        ?C?CLDOPTR
  -------         ENDMOD        ?C?CLDOPTR

  -------         MODULE        ?C?CILDPTR
  C:146EH         PUBLIC        ?C?CILDPTR
  -------         ENDMOD        ?C?CILDPTR

  -------         MODULE        ?C?CSTPTR
  C:1490H         PUBLIC        ?C?CSTPTR
  -------         ENDMOD        ?C?CSTPTR

  -------         MODULE        ?C?CSTOPTR
  C:14A2H         PUBLIC        ?C?CSTOPTR
  -------         ENDMOD        ?C?CSTOPTR

  -------         MODULE        ?C?ULDIV
  C:1500H         PUBLIC        ?C?ULDIV
  -------         ENDMOD        ?C?ULDIV

  -------         MODULE        ?C?OFFXADD
BL51 BANKED LINKER/LOCATER V6.22                                                      03/27/2018  10:00:47  PAGE 58


  C:1592H         PUBLIC        ?C?OFFXADD
  -------         ENDMOD        ?C?OFFXADD

  -------         MODULE        PRINTF
  X:05A2H         PUBLIC        ?_PRINTF517?BYTE
  X:05A2H         PUBLIC        ?_PRINTF?BYTE
  X:05A2H         PUBLIC        ?_SPRINTF517?BYTE
  X:05A2H         PUBLIC        ?_SPRINTF?BYTE
  C:1038H         PUBLIC        _PRINTF
  C:1038H         PUBLIC        _PRINTF517
  C:1032H         PUBLIC        _SPRINTF
  C:1032H         PUBLIC        _SPRINTF517
  -------         ENDMOD        PRINTF

  -------         MODULE        ?C?MEMSET
  C:159EH         PUBLIC        ?C?MEMSET
  -------         ENDMOD        ?C?MEMSET

  -------         MODULE        ?C?PLDIXDATA
  C:15CAH         PUBLIC        ?C?PLDIXDATA
  -------         ENDMOD        ?C?PLDIXDATA

  -------         MODULE        ?C?PSTXDATA
  C:15E1H         PUBLIC        ?C?PSTXDATA
  -------         ENDMOD        ?C?PSTXDATA

  -------         MODULE        ?C?CCASE
  C:15EAH         PUBLIC        ?C?CCASE
  -------         ENDMOD        ?C?CCASE

  -------         MODULE        PUTCHAR
  C:2F42H         PUBLIC        _PUTCHAR
  -------         ENDMOD        PUTCHAR

*** WARNING L16: UNCALLED SEGMENT, IGNORED FOR OVERLAY PROCESS
    SEGMENT: ?PR?EXPINTERFACE_ISRISINGEDGEOFOUT1?EXPINTERFACE

*** WARNING L16: UNCALLED SEGMENT, IGNORED FOR OVERLAY PROCESS
    SEGMENT: ?PR?CHECKI2CSLAVEVALIDITY?I2C

*** WARNING L16: UNCALLED SEGMENT, IGNORED FOR OVERLAY PROCESS
    SEGMENT: ?PR?_I2C_GETS?I2C

*** WARNING L16: UNCALLED SEGMENT, IGNORED FOR OVERLAY PROCESS
    SEGMENT: ?PR?SSD1306_INIT?SSD1306

*** WARNING L16: UNCALLED SEGMENT, IGNORED FOR OVERLAY PROCESS
    SEGMENT: ?PR?SSD1306_REFRESH?SSD1306

*** WARNING L16: UNCALLED SEGMENT, IGNORED FOR OVERLAY PROCESS
    SEGMENT: ?PR?SSD1306_CLEAR?SSD1306

*** WARNING L16: UNCALLED SEGMENT, IGNORED FOR OVERLAY PROCESS
    SEGMENT: ?PR?_SSD1306_DRAWCHAR?SSD1306

*** WARNING L16: UNCALLED SEGMENT, IGNORED FOR OVERLAY PROCESS
    SEGMENT: ?PR?_SSD1306_DRAWSTRING?SSD1306
BL51 BANKED LINKER/LOCATER V6.22                                                      03/27/2018  10:00:47  PAGE 59



*** WARNING L16: UNCALLED SEGMENT, IGNORED FOR OVERLAY PROCESS
    SEGMENT: ?PR?_SSD1306_DRAWLINE?SSD1306

*** WARNING L16: UNCALLED SEGMENT, IGNORED FOR OVERLAY PROCESS
    SEGMENT: ?PR?_SSD1306_FILLRECT?SSD1306

*** WARNING L16: UNCALLED SEGMENT, IGNORED FOR OVERLAY PROCESS
    SEGMENT: ?PR?_SSD1306_DRAWCIRCLE?SSD1306

Program Size: data=125.2 xdata=1600 code=13024
LINK/LOCATE RUN COMPLETE.  11 WARNING(S),  0 ERROR(S)
