C51 COMPILER V9.52.0.0   TESTMAIN                                                          03/27/2018 10:00:46 PAGE 1   


C51 COMPILER V9.52.0.0, COMPILATION OF MODULE TESTMAIN
OBJECT MODULE PLACED IN testMain.OBJ
COMPILER INVOKED BY: C:\Keil\C51\BIN\C51.EXE testMain.c LARGE OPTIMIZE(9,SPEED) BROWSE DEBUG OBJECTEXTEND

line level    source

   1          #include "typedef.h"
   2          #include "SYSTEM.h"
   3          #include "STDIO.h"
   4          #include "EXKM.h"
   5          //#include "TIMER0.h"
   6          #include "KEYBOARD.h"
   7          #include "EXPINTERFACE.h"
   8          #include <stdio.h>
   9          #include <string.h>
  10          
  11          
  12          bit  InitFlag;
  13          static u16 t = 0;
  14          
  15          static u8 data mode = 0;
  16          bit isChangedMode = 1;
  17          
  18          
  19          /*******************************************************************************
  20          * Function Name  : mDelayus(UNIT16 n)
  21          * Description    : us延时函数
  22          * Input          : UNIT16 n
  23          * Output         : None
  24          * Return         : None
  25          *******************************************************************************/
  26          void    mDelayuS( UINT16 n )                           // 以uS为单位延时
  27          {
  28   1              while ( n ) {  // total = 12~13 Fsys cycles, 1uS @Fsys=12MHz
  29   2                      ++ SAFE_MOD;  // 2 Fsys cycles, for higher Fsys, add operation here
  30   2      #ifdef  FREQ_SYS
  31   2      #if             FREQ_SYS >= 14000000
  32   2                      ++ SAFE_MOD;
  33   2      #endif
  34   2      #if             FREQ_SYS >= 16000000
  35   2                      ++ SAFE_MOD;
  36   2      #endif
  37   2      #if             FREQ_SYS >= 18000000
  38   2                      ++ SAFE_MOD;
  39   2      #endif
  40   2      #if             FREQ_SYS >= 20000000
  41   2                      ++ SAFE_MOD;
  42   2      #endif
  43   2      #if             FREQ_SYS >= 22000000
  44   2                      ++ SAFE_MOD;
  45   2      #endif
  46   2      #if             FREQ_SYS >= 24000000
  47   2                      ++ SAFE_MOD;
  48   2      #endif
  49   2      #if             FREQ_SYS >= 26000000
  50   2                      ++ SAFE_MOD;
  51   2      #endif
  52   2      #if             FREQ_SYS >= 28000000
  53   2                      ++ SAFE_MOD;
  54   2      #endif
  55   2      #if             FREQ_SYS >= 30000000
C51 COMPILER V9.52.0.0   TESTMAIN                                                          03/27/2018 10:00:46 PAGE 2   

  56   2                      ++ SAFE_MOD;
  57   2      #endif
  58   2      #if             FREQ_SYS >= 32000000
  59   2                      ++ SAFE_MOD;
  60   2      #endif
  61   2      #if             FREQ_SYS >= 34000000
  62   2                      ++ SAFE_MOD;
  63   2      #endif
  64   2      #if             FREQ_SYS >= 36000000
  65   2                      ++ SAFE_MOD;
  66   2      #endif
  67   2      #if             FREQ_SYS >= 38000000
  68   2                      ++ SAFE_MOD;
  69   2      #endif
  70   2      #if             FREQ_SYS >= 40000000
  71   2                      ++ SAFE_MOD;
  72   2      #endif
  73   2      #if             FREQ_SYS >= 42000000
  74   2                      ++ SAFE_MOD;
  75   2      #endif
  76   2      #if             FREQ_SYS >= 44000000
  77   2                      ++ SAFE_MOD;
  78   2      #endif
  79   2      #if             FREQ_SYS >= 46000000
  80   2                      ++ SAFE_MOD;
  81   2      #endif
  82   2      #if             FREQ_SYS >= 48000000
  83   2                      ++ SAFE_MOD;
  84   2      #endif
  85   2      #if             FREQ_SYS >= 50000000
                              ++ SAFE_MOD;
              #endif
  88   2      #if             FREQ_SYS >= 52000000
                              ++ SAFE_MOD;
              #endif
  91   2      #if             FREQ_SYS >= 54000000
                              ++ SAFE_MOD;
              #endif
  94   2      #if             FREQ_SYS >= 56000000
                              ++ SAFE_MOD;
              #endif
  97   2      #endif
  98   2                      -- n;
  99   2              }
 100   1      }
 101          
 102          /*******************************************************************************
 103          * Function Name  : mDelayms(UNIT16 n)
 104          * Description    : ms延时函数
 105          * Input          : UNIT16 n
 106          * Output         : None
 107          * Return         : None
 108          *******************************************************************************/
 109          void    mDelaymS( UINT16 n )                              // 以mS为单位延时
 110          {
 111   1          while ( n )
 112   1          {
 113   2              mDelayuS( 1000 );
 114   2              -- n;
 115   2          }
 116   1      }
 117          
C51 COMPILER V9.52.0.0   TESTMAIN                                                          03/27/2018 10:00:46 PAGE 3   

 118          /*******************************************************************************
 119          * Function Name  : CfgFsys( )
 120          * Description    : CH559时钟选择和配置函数,默认使用内部晶振12MHz，如果定义了FREQ_SYS可以
 121                             根据PLL_CFG和CLOCK_CFG配置得到，公式如下：
 122                             Fsys = (Fosc * ( PLL_CFG & MASK_PLL_MULT ))/(CLOCK_CFG & MASK_SYS_CK_DIV);
 123                             具体时钟需要自己配置
 124          * Input          : None
 125          * Output         : None
 126          * Return         : None
 127          *******************************************************************************/ 
 128          /*
 129          void    CfgFsys( )  
 130          {
 131              SAFE_MOD = 0x55;                                                           //开启安全模式
 132              SAFE_MOD = 0xAA;                                                 
 133          //  CLOCK_CFG |= bOSC_EN_XT;                                                   //使能外部晶振             
             -                            
 134          //  CLOCK_CFG &= ~bOSC_EN_INT;                                              
 135                    CLOCK_CFG &= ~MASK_SYS_CK_DIV;
 136              CLOCK_CFG |= 6;                                                            //配置系统时钟48MHz
 137          //  CLOCK_CFG |= 8;                                                            //配置系统时钟36MHz
 138          //  CLOCK_CFG |= 10;                                                           //配置系统时钟28.8MHz
 139          //  CLOCK_CFG |= 12;                                                           //配置系统时钟24MHz
 140          //  CLOCK_CFG |= 16;                                                           //配置系统时钟18MHz      
 141              SAFE_MOD = 0xFF;                                                           //关闭安全模式  
 142          //  如果修改主频，要同时修改FREQ_SYS，否则会造成延时函数不准
 143          }
 144          */
 145          
 146          
 147          
 148          void main() small{
 149   1              // 首先把所有GPIO都设置为高阻，防止输入输出误伤主板或者被主板误伤
 150   1              EXPINTERFACE_Init(0);
 151   1              printf("ExpInterface initialized.\n");
 152   1              SYSTEM_SetFreq();
 153   1              SYSTEM_Delayms(20);
 154   1              STDIO_Init();
 155   1              STDIO_SetUART0ToP0();
 156   1              printf("UART initialized.\n");
 157   1              KM_LibInit();
 158   1              printf("KMLib initialized.\n");
 159   1              while(1){
 160   2                      u8 s;
 161   2                      u8 srcBuf[10];
 162   2                      u8 dstBuf[10];
 163   2                      u8 srcLen;
 164   2                      u8 dstLen;
 165   2                      
 166   2                      KM_ProcessSystem();
 167   2                      s = KM_HostGetData(0, dstBuf, &dstLen, srcBuf, &srcLen);
 168   2                      if(s == 0){
 169   3                              // 获取数据成功 buf 存放数据，len数据长度
 170   3                              for(s=0;s<dstLen;s++){
 171   4                                      printf("%02X ", (UINT16)dstBuf[s]);
 172   4                              }
 173   3                              printf("\n");
 174   3                              
 175   3                              KEYBOARD_Refresh(dstBuf);
 176   3                              // 组合键Ctrl+Alt+Shift+Esc，切换键盘工作模式
 177   3                              if(
 178   3                                      (KEYBOARD_IsKeyHold(0x100) | KEYBOARD_IsKeyHold(0x104)) &
C51 COMPILER V9.52.0.0   TESTMAIN                                                          03/27/2018 10:00:46 PAGE 4   

 179   3                                      (KEYBOARD_IsKeyHold(0x101) | KEYBOARD_IsKeyHold(0x105)) &
 180   3                                      (KEYBOARD_IsKeyHold(0x102) | KEYBOARD_IsKeyHold(0x106))){
 181   4                                      if(KEYBOARD_IsKeyDown(0x29)){
 182   5                                              mode++;
 183   5                                              isChangedMode = 1;
 184   5                                      }
 185   4                                      if(KEYBOARD_IsKeyUp(0x29)){
 186   5                                              
 187   5                                      }
 188   4                              }
 189   3                              
 190   3                              if(isChangedMode){
 191   4                                      switch(mode){
 192   5                                              case 0:{
 193   6                                                      EXPINTERFACE_InitMode0();
 194   6                                              }break;
 195   5                                              case 1:{
 196   6                                                      EXPINTERFACE_InitMode1();
 197   6                                              }break;
 198   5                                              case 2:{
 199   6                                                      EXPINTERFACE_InitMode2();
 200   6                                              }break;
 201   5                                              case 3:{
 202   6                                                      EXPINTERFACE_InitMode3();
 203   6                                              }break;
 204   5                                              case 4:{
 205   6                                                      EXPINTERFACE_InitMode4();
 206   6                                              }break;
 207   5                                      }
 208   4                                      isChangedMode = 0;
 209   4                              }
 210   3                              if(1){
 211   4                                      switch(mode){
 212   5                                              case 0:{
 213   6                                                      EXPINTERFACE_UpdateMode0();
 214   6                                              }break;
 215   5                                              case 1:{
 216   6                                                      EXPINTERFACE_UpdateMode1();
 217   6                                              }break;
 218   5                                              case 2:{
 219   6                                                      EXPINTERFACE_UpdateMode2();
 220   6                                              }break;
 221   5                                              case 3:{
 222   6                                                      EXPINTERFACE_UpdateMode3();
 223   6                                              }break;
 224   5                                              case 4:{
 225   6                                                      EXPINTERFACE_UpdateMode4();
 226   6                                              }break;
 227   5                                      }
 228   4                              }
 229   3                      }
 230   2                      
 231   2                      if(t == 0){
 232   3                              t = 0xFFFF;
 233   3                              KM_TypeQuery(0, dstBuf, &dstLen);
 234   3                              for(s=0;s<dstLen;s=s+2){        
 235   4                                      if(dstBuf[s + 1] == DEV_KEYBOARD){                      
 236   5                                              printf("ifc %02x keyboard\n", (UINT16)dstBuf[s]);
 237   5                                      }        
 238   4                                      if(dstBuf[s + 1] == DEV_MOUSE){                 
 239   5                                              printf("ifc %02x mouse\n", (UINT16)dstBuf[s]);
 240   5                                      }
C51 COMPILER V9.52.0.0   TESTMAIN                                                          03/27/2018 10:00:46 PAGE 5   

 241   4                                      if(dstBuf[s + 1] == DEV_MOUSE_BIOS){                    
 242   5                                              printf("ifc %02x mouse-bios\n", (UINT16)dstBuf[s]);
 243   5                                      }
 244   4                              }
 245   3                      }
 246   2                      t--;
 247   2              }
 248   1      }


MODULE INFORMATION:   STATIC OVERLAYABLE
   CODE SIZE        =    533    ----
   CONSTANT SIZE    =    130    ----
   XDATA SIZE       =      2    ----
   PDATA SIZE       =   ----    ----
   DATA SIZE        =      1      23
   IDATA SIZE       =   ----    ----
   BIT SIZE         =      2    ----
END OF MODULE INFORMATION.


C51 COMPILATION COMPLETE.  0 WARNING(S),  0 ERROR(S)
